Component: ARM Compiler 5.06 update 6 (build 750) Tool: armlink [4d35ed]

==============================================================================

Section Cross References

    startup_stm32f407xx.o(RESET) refers to startup_stm32f407xx.o(STACK) for __initial_sp
    startup_stm32f407xx.o(RESET) refers to startup_stm32f407xx.o(.text) for Reset_Handler
    startup_stm32f407xx.o(RESET) refers to stm32f4xx_it.o(i.NMI_Handler) for NMI_Handler
    startup_stm32f407xx.o(RESET) refers to stm32f4xx_it.o(i.HardFault_Handler) for HardFault_Handler
    startup_stm32f407xx.o(RESET) refers to stm32f4xx_it.o(i.MemManage_Handler) for MemManage_Handler
    startup_stm32f407xx.o(RESET) refers to stm32f4xx_it.o(i.BusFault_Handler) for BusFault_Handler
    startup_stm32f407xx.o(RESET) refers to stm32f4xx_it.o(i.UsageFault_Handler) for UsageFault_Handler
    startup_stm32f407xx.o(RESET) refers to stm32f4xx_it.o(i.SVC_Handler) for SVC_Handler
    startup_stm32f407xx.o(RESET) refers to stm32f4xx_it.o(i.DebugMon_Handler) for DebugMon_Handler
    startup_stm32f407xx.o(RESET) refers to os_cpu_a.o(.text) for PendSV_Handler
    startup_stm32f407xx.o(RESET) refers to stm32f4xx_it.o(i.SysTick_Handler) for SysTick_Handler
    startup_stm32f407xx.o(RESET) refers to stm32f4xx_it.o(i.USART1_IRQHandler) for USART1_IRQHandler
    startup_stm32f407xx.o(RESET) refers to stm32f4xx_it.o(i.SDIO_IRQHandler) for SDIO_IRQHandler
    startup_stm32f407xx.o(RESET) refers to stm32f4xx_it.o(i.DMA2_Stream0_IRQHandler) for DMA2_Stream0_IRQHandler
    startup_stm32f407xx.o(.text) refers to system_stm32f4xx.o(i.SystemInit) for SystemInit
    startup_stm32f407xx.o(.text) refers to entry.o(.ARM.Collect$$$$00000000) for __main
    ucos_main.o(i.AD_task) refers to os_mbox.o(i.OSMboxCreate) for OSMboxCreate
    ucos_main.o(i.AD_task) refers to stm32f4xx_hal_adc.o(i.HAL_ADC_Stop_DMA) for HAL_ADC_Stop_DMA
    ucos_main.o(i.AD_task) refers to stm32f4xx_hal_adc.o(i.HAL_ADC_Start_DMA) for HAL_ADC_Start_DMA
    ucos_main.o(i.AD_task) refers to os_mbox.o(i.OSMboxPost) for OSMboxPost
    ucos_main.o(i.AD_task) refers to os_time.o(i.OSTimeDlyHMSM) for OSTimeDlyHMSM
    ucos_main.o(i.AD_task) refers to ucos_main.o(.data) for ad_box
    ucos_main.o(i.AD_task) refers to adc.o(.bss) for hadc1
    ucos_main.o(i.HAL_UART_TxCpltCallback) refers to os_task.o(i.OSTaskCreate) for OSTaskCreate
    ucos_main.o(i.HAL_UART_TxCpltCallback) refers to ucos_main.o(.bss) for LED2_TASK_STK
    ucos_main.o(i.HAL_UART_TxCpltCallback) refers to ucos_main.o(i.led2_task) for led2_task
    ucos_main.o(i.SD_task) refers to oled.o(i.OLED_Init) for OLED_Init
    ucos_main.o(i.SD_task) refers to ff.o(i.f_mount) for f_mount
    ucos_main.o(i.SD_task) refers to os_sem.o(i.OSSemPend) for OSSemPend
    ucos_main.o(i.SD_task) refers to os_mbox.o(i.OSMboxAccept) for OSMboxAccept
    ucos_main.o(i.SD_task) refers to ff.o(i.f_open) for f_open
    ucos_main.o(i.SD_task) refers to ff.o(i.f_close) for f_close
    ucos_main.o(i.SD_task) refers to stm32f4xx_hal_gpio.o(i.HAL_GPIO_WritePin) for HAL_GPIO_WritePin
    ucos_main.o(i.SD_task) refers to os_time.o(i.OSTimeDlyHMSM) for OSTimeDlyHMSM
    ucos_main.o(i.SD_task) refers to ff.o(i.f_lseek) for f_lseek
    ucos_main.o(i.SD_task) refers to f2d.o(.text) for __aeabi_f2d
    ucos_main.o(i.SD_task) refers to printfa.o(i.__0sprintf) for __2sprintf
    ucos_main.o(i.SD_task) refers to oled.o(i.OLED_ShowStr) for OLED_ShowStr
    ucos_main.o(i.SD_task) refers to strlen.o(.text) for strlen
    ucos_main.o(i.SD_task) refers to ff.o(i.f_write) for f_write
    ucos_main.o(i.SD_task) refers to os_task.o(i.OSTaskCreate) for OSTaskCreate
    ucos_main.o(i.SD_task) refers to ff.o(i.f_sync) for f_sync
    ucos_main.o(i.SD_task) refers to fatfs.o(.data) for SDPath
    ucos_main.o(i.SD_task) refers to ucos_main.o(.data) for key_sd_sem
    ucos_main.o(i.SD_task) refers to ucos_main.o(.bss) for LED2_TASK_STK
    ucos_main.o(i.SD_task) refers to ucos_main.o(i.led2_task) for led2_task
    ucos_main.o(i.key_task) refers to os_sem.o(i.OSSemCreate) for OSSemCreate
    ucos_main.o(i.key_task) refers to stm32f4xx_hal_gpio.o(i.HAL_GPIO_ReadPin) for HAL_GPIO_ReadPin
    ucos_main.o(i.key_task) refers to os_time.o(i.OSTimeDlyHMSM) for OSTimeDlyHMSM
    ucos_main.o(i.key_task) refers to os_sem.o(i.OSSemPost) for OSSemPost
    ucos_main.o(i.key_task) refers to ucos_main.o(.data) for key_sd_sem
    ucos_main.o(i.led1_task) refers to stm32f4xx_hal_gpio.o(i.HAL_GPIO_WritePin) for HAL_GPIO_WritePin
    ucos_main.o(i.led1_task) refers to os_time.o(i.OSTimeDlyHMSM) for OSTimeDlyHMSM
    ucos_main.o(i.led2_task) refers to stm32f4xx_hal_gpio.o(i.HAL_GPIO_WritePin) for HAL_GPIO_WritePin
    ucos_main.o(i.led2_task) refers to stm32f4xx_hal_gpio.o(i.HAL_GPIO_TogglePin) for HAL_GPIO_TogglePin
    ucos_main.o(i.led2_task) refers to os_time.o(i.OSTimeDlyHMSM) for OSTimeDlyHMSM
    ucos_main.o(i.led2_task) refers to os_task.o(i.OSTaskDel) for OSTaskDel
[...]
    _printf_e                                0x00000000   Number         0  stubs.o ABSOLUTE
    _printf_f                                0x00000000   Number         0  stubs.o ABSOLUTE
    _printf_flags                            0x00000000   Number         0  stubs.o ABSOLUTE
    _printf_fp_dec                           0x00000000   Number         0  stubs.o ABSOLUTE
    _printf_fp_hex                           0x00000000   Number         0  stubs.o ABSOLUTE
    _printf_g                                0x00000000   Number         0  stubs.o ABSOLUTE
    _printf_i                                0x00000000   Number         0  stubs.o ABSOLUTE
    _printf_int_dec                          0x00000000   Number         0  stubs.o ABSOLUTE
    _printf_l                                0x00000000   Number         0  stubs.o ABSOLUTE
    _printf_lc                               0x00000000   Number         0  stubs.o ABSOLUTE
    _printf_ll                               0x00000000   Number         0  stubs.o ABSOLUTE
    _printf_lld                              0x00000000   Number         0  stubs.o ABSOLUTE
    _printf_lli                              0x00000000   Number         0  stubs.o ABSOLUTE
    _printf_llo                              0x00000000   Number         0  stubs.o ABSOLUTE
    _printf_llu                              0x00000000   Number         0  stubs.o ABSOLUTE
    _printf_llx                              0x00000000   Number         0  stubs.o ABSOLUTE
    _printf_longlong_dec                     0x00000000   Number         0  stubs.o ABSOLUTE
    _printf_longlong_hex                     0x00000000   Number         0  stubs.o ABSOLUTE
    _printf_longlong_oct                     0x00000000   Number         0  stubs.o ABSOLUTE
    _printf_ls                               0x00000000   Number         0  stubs.o ABSOLUTE
    _printf_mbtowc                           0x00000000   Number         0  stubs.o ABSOLUTE
    _printf_n                                0x00000000   Number         0  stubs.o ABSOLUTE
    _printf_o                                0x00000000   Number         0  stubs.o ABSOLUTE
    _printf_p                                0x00000000   Number         0  stubs.o ABSOLUTE
    _printf_percent                          0x00000000   Number         0  stubs.o ABSOLUTE
    _printf_pre_padding                      0x00000000   Number         0  stubs.o ABSOLUTE
    _printf_return_value                     0x00000000   Number         0  stubs.o ABSOLUTE
    _printf_s                                0x00000000   Number         0  stubs.o ABSOLUTE
    _printf_sizespec                         0x00000000   Number         0  stubs.o ABSOLUTE
    _printf_str                              0x00000000   Number         0  stubs.o ABSOLUTE
    _printf_truncate_signed                  0x00000000   Number         0  stubs.o ABSOLUTE
    _printf_truncate_unsigned                0x00000000   Number         0  stubs.o ABSOLUTE
    _printf_u                                0x00000000   Number         0  stubs.o ABSOLUTE
    _printf_wc                               0x00000000   Number         0  stubs.o ABSOLUTE
    _printf_wctomb                           0x00000000   Number         0  stubs.o ABSOLUTE
    _printf_widthprec                        0x00000000   Number         0  stubs.o ABSOLUTE
    _printf_x                                0x00000000   Number         0  stubs.o ABSOLUTE
    __cpp_initialize__aeabi_                  - Undefined Weak Reference
    __cxa_finalize                            - Undefined Weak Reference
    _clock_init                               - Undefined Weak Reference
    _microlib_exit                            - Undefined Weak Reference
    __Vectors_Size                           0x00000188   Number         0  startup_stm32f407xx.o ABSOLUTE
    __Vectors                                0x08000000   Data           4  startup_stm32f407xx.o(RESET)
    __Vectors_End                            0x08000188   Data           0  startup_stm32f407xx.o(RESET)
    __main                                   0x08000189   Thumb Code     0  entry.o(.ARM.Collect$$$$00000000)
    _main_stk                                0x08000189   Thumb Code     0  entry2.o(.ARM.Collect$$$$00000001)
    _main_scatterload                        0x0800018d   Thumb Code     0  entry5.o(.ARM.Collect$$$$00000004)
    __main_after_scatterload                 0x08000191   Thumb Code     0  entry5.o(.ARM.Collect$$$$00000004)
    _main_clock                              0x08000191   Thumb Code     0  entry7b.o(.ARM.Collect$$$$00000008)
    _main_cpp_init                           0x08000191   Thumb Code     0  entry8b.o(.ARM.Collect$$$$0000000A)
    _main_init                               0x08000191   Thumb Code     0  entry9a.o(.ARM.Collect$$$$0000000B)
    __rt_final_cpp                           0x08000199   Thumb Code     0  entry10a.o(.ARM.Collect$$$$0000000D)
    __rt_final_exit                          0x08000199   Thumb Code     0  entry11a.o(.ARM.Collect$$$$0000000F)
    Reset_Handler                            0x0800019d   Thumb Code     8  startup_stm32f407xx.o(.text)
    ADC_IRQHandler                           0x080001b7   Thumb Code     0  startup_stm32f407xx.o(.text)
    CAN1_RX0_IRQHandler                      0x080001b7   Thumb Code     0  startup_stm32f407xx.o(.text)
    CAN1_RX1_IRQHandler                      0x080001b7   Thumb Code     0  startup_stm32f407xx.o(.text)
    CAN1_SCE_IRQHandler                      0x080001b7   Thumb Code     0  startup_stm32f407xx.o(.text)
    CAN1_TX_IRQHandler                       0x080001b7   Thumb Code     0  startup_stm32f407xx.o(.text)
    CAN2_RX0_IRQHandler                      0x080001b7   Thumb Code     0  startup_stm32f407xx.o(.text)
    CAN2_RX1_IRQHandler                      0x080001b7   Thumb Code     0  startup_stm32f407xx.o(.text)
    CAN2_SCE_IRQHandler                      0x080001b7   Thumb Code     0  startup_stm32f407xx.o(.text)
    CAN2_TX_IRQHandler                       0x080001b7   Thumb Code     0  startup_stm32f407xx.o(.text)
    DCMI_IRQHandler                          0x080001b7   Thumb Code     0  startup_stm32f407xx.o(.text)
    DMA1_Stream0_IRQHandler                  0x080001b7   Thumb Code     0  startup_stm32f407xx.o(.text)
    DMA1_Stream1_IRQHandler                  0x080001b7   Thumb Code     0  startup_stm32f407xx.o(.text)
    DMA1_Stream2_IRQHandler                  0x080001b7   Thumb Code     0  startup_stm32f407xx.o(.text)
    DMA1_Stream3_IRQHandler                  0x080001b7   Thumb Code     0  startup_stm32f407xx.o(.text)
    DMA1_Stream4_IRQHandler                  0x080001b7   Thumb Code     0  startup_stm32f407xx.o(.text)
    DMA1_Stream5_IRQHandler                  0x080001b7   Thumb Code     0  startup_stm32f407xx.o(.text)
    DMA1_Stream6_IRQHandler                  0x080001b7   Thumb Code     0  startup_stm32f407xx.o(.text)
    DMA1_Stream7_IRQHandler                  0x080001b7   Thumb Code     0  startup_stm32f407xx.o(.text)
    DMA2_Stream1_IRQHandler                  0x080001b7   Thumb Code     0  startup_stm32f407xx.o(.text)
    DMA2_Stream2_IRQHandler                  0x080001b7   Thumb Code     0  startup_stm32f407xx.o(.text)
    DMA2_Stream3_IRQHandler                  0x080001b7   Thumb Code     0  startup_stm32f407xx.o(.text)
    DMA2_Stream4_IRQHandler                  0x080001b7   Thumb Code     0  startup_stm32f407xx.o(.text)
    DMA2_Stream5_IRQHandler                  0x080001b7   Thumb Code     0  startup_stm32f407xx.o(.text)
    DMA2_Stream6_IRQHandler                  0x080001b7   Thumb Code     0  startup_stm32f407xx.o(.text)
    DMA2_Stream7_IRQHandler                  0x080001b7   Thumb Code     0  startup_stm32f407xx.o(.text)
    ETH_IRQHandler                           0x080001b7   Thumb Code     0  startup_stm32f407xx.o(.text)
    ETH_WKUP_IRQHandler                      0x080001b7   Thumb Code     0  startup_stm32f407xx.o(.text)
    EXTI0_IRQHandler                         0x080001b7   Thumb Code     0  startup_stm32f407xx.o(.text)
    EXTI15_10_IRQHandler                     0x080001b7   Thumb Code     0  startup_stm32f407xx.o(.text)
    EXTI1_IRQHandler                         0x080001b7   Thumb Code     0  startup_stm32f407xx.o(.text)
    EXTI2_IRQHandler                         0x080001b7   Thumb Code     0  startup_stm32f407xx.o(.text)
    EXTI3_IRQHandler                         0x080001b7   Thumb Code     0  startup_stm32f407xx.o(.text)
    EXTI4_IRQHandler                         0x080001b7   Thumb Code     0  startup_stm32f407xx.o(.text)
    EXTI9_5_IRQHandler                       0x080001b7   Thumb Code     0  startup_stm32f407xx.o(.text)
    FLASH_IRQHandler                         0x080001b7   Thumb Code     0  startup_stm32f407xx.o(.text)
    FMC_IRQHandler                           0x080001b7   Thumb Code     0  startup_stm32f407xx.o(.text)
    FPU_IRQHandler                           0x080001b7   Thumb Code     0  startup_stm32f407xx.o(.text)
    HASH_RNG_IRQHandler                      0x080001b7   Thumb Code     0  startup_stm32f407xx.o(.text)
    I2C1_ER_IRQHandler                       0x080001b7   Thumb Code     0  startup_stm32f407xx.o(.text)
    I2C1_EV_IRQHandler                       0x080001b7   Thumb Code     0  startup_stm32f407xx.o(.text)
    I2C2_ER_IRQHandler                       0x080001b7   Thumb Code     0  startup_stm32f407xx.o(.text)
    I2C2_EV_IRQHandler                       0x080001b7   Thumb Code     0  startup_stm32f407xx.o(.text)
    I2C3_ER_IRQHandler                       0x080001b7   Thumb Code     0  startup_stm32f407xx.o(.text)
    I2C3_EV_IRQHandler                       0x080001b7   Thumb Code     0  startup_stm32f407xx.o(.text)
    OTG_FS_IRQHandler                        0x080001b7   Thumb Code     0  startup_stm32f407xx.o(.text)
    OTG_FS_WKUP_IRQHandler                   0x080001b7   Thumb Code     0  startup_stm32f407xx.o(.text)
    OTG_HS_EP1_IN_IRQHandler                 0x080001b7   Thumb Code     0  startup_stm32f407xx.o(.text)
    OTG_HS_EP1_OUT_IRQHandler                0x080001b7   Thumb Code     0  startup_stm32f407xx.o(.text)
    OTG_HS_IRQHandler                        0x080001b7   Thumb Code     0  startup_stm32f407xx.o(.text)
    OTG_HS_WKUP_IRQHandler                   0x080001b7   Thumb Code     0  startup_stm32f407xx.o(.text)
    PVD_IRQHandler                           0x080001b7   Thumb Code     0  startup_stm32f407xx.o(.text)
    RCC_IRQHandler                           0x080001b7   Thumb Code     0  startup_stm32f407xx.o(.text)
    RTC_Alarm_IRQHandler                     0x080001b7   Thumb Code     0  startup_stm32f407xx.o(.text)
    RTC_WKUP_IRQHandler                      0x080001b7   Thumb Code     0  startup_stm32f407xx.o(.text)
    SPI1_IRQHandler                          0x080001b7   Thumb Code     0  startup_stm32f407xx.o(.text)
    SPI2_IRQHandler                          0x080001b7   Thumb Code     0  startup_stm32f407xx.o(.text)
    SPI3_IRQHandler                          0x080001b7   Thumb Code     0  startup_stm32f407xx.o(.text)
    TAMP_STAMP_IRQHandler                    0x080001b7   Thumb Code     0  startup_stm32f407xx.o(.text)
    TIM1_BRK_TIM9_IRQHandler                 0x080001b7   Thumb Code     0  startup_stm32f407xx.o(.text)
    TIM1_CC_IRQHandler                       0x080001b7   Thumb Code     0  startup_stm32f407xx.o(.text)
    TIM1_TRG_COM_TIM11_IRQHandler            0x080001b7   Thumb Code     0  startup_stm32f407xx.o(.text)
    TIM1_UP_TIM10_IRQHandler                 0x080001b7   Thumb Code     0  startup_stm32f407xx.o(.text)
    TIM2_IRQHandler                          0x080001b7   Thumb Code     0  startup_stm32f407xx.o(.text)
    TIM3_IRQHandler                          0x080001b7   Thumb Code     0  startup_stm32f407xx.o(.text)
    TIM4_IRQHandler                          0x080001b7   Thumb Code     0  startup_stm32f407xx.o(.text)
    TIM5_IRQHandler                          0x080001b7   Thumb Code     0  startup_stm32f407xx.o(.text)
    TIM6_DAC_IRQHandler                      0x080001b7   Thumb Code     0  startup_stm32f407xx.o(.text)
    TIM7_IRQHandler                          0x080001b7   Thumb Code     0  startup_stm32f407xx.o(.text)
    TIM8_BRK_TIM12_IRQHandler                0x080001b7   Thumb Code     0  startup_stm32f407xx.o(.text)
    TIM8_CC_IRQHandler                       0x080001b7   Thumb Code     0  startup_stm32f407xx.o(.text)
    TIM8_TRG_COM_TIM14_IRQHandler            0x080001b7   Thumb Code     0  startup_stm32f407xx.o(.text)
    TIM8_UP_TIM13_IRQHandler                 0x080001b7   Thumb Code     0  startup_stm32f407xx.o(.text)
    UART4_IRQHandler                         0x080001b7   Thumb Code     0  startup_stm32f407xx.o(.text)
    UART5_IRQHandler                         0x080001b7   Thumb Code     0  startup_stm32f407xx.o(.text)
    USART2_IRQHandler                        0x080001b7   Thumb Code     0  startup_stm32f407xx.o(.text)
    USART3_IRQHandler                        0x080001b7   Thumb Code     0  startup_stm32f407xx.o(.text)
    USART6_IRQHandler                        0x080001b7   Thumb Code     0  startup_stm32f407xx.o(.text)
    WWDG_IRQHandler                          0x080001b7   Thumb Code     0  startup_stm32f407xx.o(.text)
    OS_CPU_SR_Save                           0x080001c1   Thumb Code     0  os_cpu_a.o(.text)
    OS_CPU_SR_Restore                        0x080001c9   Thumb Code     0  os_cpu_a.o(.text)
    OSStartHighRdy                           0x080001cf   Thumb Code     0  os_cpu_a.o(.text)
    OSCtxSw                                  0x080001f1   Thumb Code     0  os_cpu_a.o(.text)
    OSIntCtxSw                               0x080001ff   Thumb Code     0  os_cpu_a.o(.text)
    PendSV_Handler                           0x0800020f   Thumb Code     0  os_cpu_a.o(.text)
    __aeabi_uldivmod                         0x08000289   Thumb Code    98  uldiv.o(.text)
    __aeabi_memset                           0x080002eb   Thumb Code    14  memseta.o(.text)
    __aeabi_memset4                          0x080002eb   Thumb Code     0  memseta.o(.text)
    __aeabi_memset8                          0x080002eb   Thumb Code     0  memseta.o(.text)
    __aeabi_memclr                           0x080002f9   Thumb Code     4  memseta.o(.text)
    __aeabi_memclr4                          0x080002f9   Thumb Code     0  memseta.o(.text)
    __aeabi_memclr8                          0x080002f9   Thumb Code     0  memseta.o(.text)
    _memset$wrapper                          0x080002fd   Thumb Code    18  memseta.o(.text)
    strlen                                   0x0800030f   Thumb Code    14  strlen.o(.text)
    __aeabi_dmul                             0x0800031d   Thumb Code   228  dmul.o(.text)
    __aeabi_ddiv                             0x08000401   Thumb Code   222  ddiv.o(.text)
    __aeabi_i2d                              0x080004df   Thumb Code    34  dflti.o(.text)
    __aeabi_ui2d                             0x08000501   Thumb Code    26  dfltui.o(.text)
    __aeabi_d2uiz                            0x0800051b   Thumb Code    50  dfixui.o(.text)
    __aeabi_f2d                              0x0800054d   Thumb Code    38  f2d.o(.text)
    __aeabi_d2f                              0x08000573   Thumb Code    56  d2f.o(.text)
    __aeabi_uidiv                            0x080005ab   Thumb Code     0  uidiv.o(.text)
    __aeabi_uidivmod                         0x080005ab   Thumb Code    44  uidiv.o(.text)
    __aeabi_llsl                             0x080005d7   Thumb Code    30  llshl.o(.text)
    _ll_shift_l                              0x080005d7   Thumb Code     0  llshl.o(.text)
    __aeabi_llsr                             0x080005f5   Thumb Code    32  llushr.o(.text)
    _ll_ushift_r                             0x080005f5   Thumb Code     0  llushr.o(.text)
    __I$use$fp                               0x08000615   Thumb Code     0  iusefp.o(.text)
    _float_round                             0x08000615   Thumb Code    18  fepilogue.o(.text)
    _float_epilogue                          0x08000627   Thumb Code    92  fepilogue.o(.text)
    _double_round                            0x08000683   Thumb Code    30  depilogue.o(.text)
    _double_epilogue                         0x080006a1   Thumb Code   156  depilogue.o(.text)
    __aeabi_dadd                             0x0800073d   Thumb Code   322  dadd.o(.text)
    __aeabi_dsub                             0x0800087f   Thumb Code     6  dadd.o(.text)
    __aeabi_drsub                            0x08000885   Thumb Code     6  dadd.o(.text)
    __aeabi_d2ulz                            0x0800088b   Thumb Code    48  dfixul.o(.text)
    __aeabi_cdrcmple                         0x080008bd   Thumb Code    48  cdrcmple.o(.text)
    __scatterload                            0x080008ed   Thumb Code    28  init.o(.text)
    __scatterload_rt2                        0x080008ed   Thumb Code     0  init.o(.text)
    __aeabi_lasr                             0x08000911   Thumb Code    36  llsshr.o(.text)
    _ll_sshift_r                             0x08000911   Thumb Code     0  llsshr.o(.text)
    __decompress                             0x08000935   Thumb Code     0  __dczerorl2.o(.text)
    __decompress1                            0x08000935   Thumb Code    86  __dczerorl2.o(.text)
    AD_task                                  0x08000b91   Thumb Code    56  ucos_main.o(i.AD_task)
    BSP_SD_AbortCallback                     0x08000bdd   Thumb Code     2  bsp_driver_sd.o(i.BSP_SD_AbortCallback)
    BSP_SD_GetCardInfo                       0x08000be1   Thumb Code    14  bsp_driver_sd.o(i.BSP_SD_GetCardInfo)
    BSP_SD_GetCardState                      0x08000bf5   Thumb Code    20  bsp_driver_sd.o(i.BSP_SD_GetCardState)
    BSP_SD_Init                              0x08000c0d   Thumb Code    44  bsp_driver_sd.o(i.BSP_SD_Init)
    BSP_SD_IsDetected                        0x08000c3d   Thumb Code    12  bsp_driver_sd.o(i.BSP_SD_IsDetected)
    BSP_SD_ReadBlocks                        0x08000c49   Thumb Code    42  bsp_driver_sd.o(i.BSP_SD_ReadBlocks)
    BSP_SD_ReadCpltCallback                  0x08000c79   Thumb Code     2  bsp_driver_sd.o(i.BSP_SD_ReadCpltCallback)
    BSP_SD_WriteBlocks                       0x08000c7d   Thumb Code    42  bsp_driver_sd.o(i.BSP_SD_WriteBlocks)
    BSP_SD_WriteCpltCallback                 0x08000cad   Thumb Code     2  bsp_driver_sd.o(i.BSP_SD_WriteCpltCallback)
    BusFault_Handler                         0x08000caf   Thumb Code     4  stm32f4xx_it.o(i.BusFault_Handler)
    DMA2_Stream0_IRQHandler                  0x08000cb5   Thumb Code    10  stm32f4xx_it.o(i.DMA2_Stream0_IRQHandler)
    DebugMon_Handler                         0x08000dcf   Thumb Code     2  stm32f4xx_it.o(i.DebugMon_Handler)
    Error_Handler                            0x08000dd1   Thumb Code     2  main.o(i.Error_Handler)
    FATFS_LinkDriver                         0x08000dd3   Thumb Code    18  ff_gen_drv.o(i.FATFS_LinkDriver)
    FATFS_LinkDriverEx                       0x08000de5   Thumb Code    78  ff_gen_drv.o(i.FATFS_LinkDriverEx)
    HAL_ADC_ConfigChannel                    0x08000e39   Thumb Code   380  stm32f4xx_hal_adc.o(i.HAL_ADC_ConfigChannel)
    HAL_ADC_ConvCpltCallback                 0x08000fc5   Thumb Code     2  stm32f4xx_hal_adc.o(i.HAL_ADC_ConvCpltCallback)
    HAL_ADC_ConvHalfCpltCallback             0x08000fc7   Thumb Code     2  stm32f4xx_hal_adc.o(i.HAL_ADC_ConvHalfCpltCallback)
    HAL_ADC_ErrorCallback                    0x08000fc9   Thumb Code     2  stm32f4xx_hal_adc.o(i.HAL_ADC_ErrorCallback)
    HAL_ADC_Init                             0x08000fcd   Thumb Code   100  stm32f4xx_hal_adc.o(i.HAL_ADC_Init)
    HAL_ADC_MspInit                          0x08001035   Thumb Code   174  adc.o(i.HAL_ADC_MspInit)
    HAL_ADC_Start_DMA                        0x080010f9   Thumb Code   352  stm32f4xx_hal_adc.o(i.HAL_ADC_Start_DMA)
    HAL_ADC_Stop_DMA                         0x0800127d   Thumb Code   108  stm32f4xx_hal_adc.o(i.HAL_ADC_Stop_DMA)
    HAL_DMA_Abort                            0x080012e9   Thumb Code   170  stm32f4xx_hal_dma.o(i.HAL_DMA_Abort)
    HAL_DMA_Abort_IT                         0x08001393   Thumb Code    40  stm32f4xx_hal_dma.o(i.HAL_DMA_Abort_IT)
    HAL_DMA_IRQHandler                       0x080013bd   Thumb Code   570  stm32f4xx_hal_dma.o(i.HAL_DMA_IRQHandler)
    HAL_DMA_Init                             0x080015fd   Thumb Code   232  stm32f4xx_hal_dma.o(i.HAL_DMA_Init)
    HAL_DMA_Start_IT                         0x080016e9   Thumb Code   146  stm32f4xx_hal_dma.o(i.HAL_DMA_Start_IT)
    HAL_Delay                                0x0800177d   Thumb Code    36  stm32f4xx_hal.o(i.HAL_Delay)
    HAL_GPIO_Init                            0x080017a5   Thumb Code   466  stm32f4xx_hal_gpio.o(i.HAL_GPIO_Init)
    HAL_GPIO_ReadPin                         0x080019a5   Thumb Code    16  stm32f4xx_hal_gpio.o(i.HAL_GPIO_ReadPin)
    HAL_GPIO_TogglePin                       0x080019b5   Thumb Code    18  stm32f4xx_hal_gpio.o(i.HAL_GPIO_TogglePin)
    HAL_GPIO_WritePin                        0x080019c7   Thumb Code    12  stm32f4xx_hal_gpio.o(i.HAL_GPIO_WritePin)
    HAL_GetTick                              0x080019d5   Thumb Code     6  stm32f4xx_hal.o(i.HAL_GetTick)
    HAL_I2C_Init                             0x080019e1   Thumb Code   446  stm32f4xx_hal_i2c.o(i.HAL_I2C_Init)
    HAL_I2C_Mem_Write                        0x08001bb1   Thumb Code   348  stm32f4xx_hal_i2c.o(i.HAL_I2C_Mem_Write)
    HAL_I2C_MspInit                          0x08001d15   Thumb Code   122  i2c.o(i.HAL_I2C_MspInit)
    HAL_IncTick                              0x08001d9d   Thumb Code    16  stm32f4xx_hal.o(i.HAL_IncTick)
    HAL_Init                                 0x08001db5   Thumb Code    54  stm32f4xx_hal.o(i.HAL_Init)
    HAL_InitTick                             0x08001df1   Thumb Code    64  stm32f4xx_hal.o(i.HAL_InitTick)
    HAL_MspInit                              0x08001e3d   Thumb Code    68  stm32f4xx_hal_msp.o(i.HAL_MspInit)
    HAL_NVIC_EnableIRQ                       0x08001e85   Thumb Code    32  stm32f4xx_hal_cortex.o(i.HAL_NVIC_EnableIRQ)
    HAL_NVIC_SetPriority                     0x08001ea5   Thumb Code   124  stm32f4xx_hal_cortex.o(i.HAL_NVIC_SetPriority)
    HAL_NVIC_SetPriorityGrouping             0x08001f21   Thumb Code    32  stm32f4xx_hal_cortex.o(i.HAL_NVIC_SetPriorityGrouping)
    HAL_RCC_ClockConfig                      0x08001f49   Thumb Code   368  stm32f4xx_hal_rcc.o(i.HAL_RCC_ClockConfig)
    HAL_RCC_GetHCLKFreq                      0x080020cd   Thumb Code     6  stm32f4xx_hal_rcc.o(i.HAL_RCC_GetHCLKFreq)
    HAL_RCC_GetPCLK1Freq                     0x080020d9   Thumb Code    22  stm32f4xx_hal_rcc.o(i.HAL_RCC_GetPCLK1Freq)
    HAL_RCC_GetPCLK2Freq                     0x080020f9   Thumb Code    22  stm32f4xx_hal_rcc.o(i.HAL_RCC_GetPCLK2Freq)
    HAL_RCC_GetSysClockFreq                  0x08002119   Thumb Code   162  stm32f4xx_hal_rcc.o(i.HAL_RCC_GetSysClockFreq)
    HAL_RCC_OscConfig                        0x080021c9   Thumb Code  1152  stm32f4xx_hal_rcc.o(i.HAL_RCC_OscConfig)
    HAL_SD_AbortCallback                     0x08002651   Thumb Code     8  bsp_driver_sd.o(i.HAL_SD_AbortCallback)
    HAL_SD_ConfigWideBusOperation            0x08002659   Thumb Code   164  stm32f4xx_hal_sd.o(i.HAL_SD_ConfigWideBusOperation)
    HAL_SD_ErrorCallback                     0x08002701   Thumb Code     2  stm32f4xx_hal_sd.o(i.HAL_SD_ErrorCallback)
    HAL_SD_GetCardCSD                        0x08002705   Thumb Code   450  stm32f4xx_hal_sd.o(i.HAL_SD_GetCardCSD)
    HAL_SD_GetCardInfo                       0x080028cd   Thumb Code    38  stm32f4xx_hal_sd.o(i.HAL_SD_GetCardInfo)
    HAL_SD_GetCardState                      0x080028f3   Thumb Code    36  stm32f4xx_hal_sd.o(i.HAL_SD_GetCardState)
    HAL_SD_IRQHandler                        0x08002919   Thumb Code   530  stm32f4xx_hal_sd.o(i.HAL_SD_IRQHandler)
    HAL_SD_Init                              0x08002b35   Thumb Code    60  stm32f4xx_hal_sd.o(i.HAL_SD_Init)
    HAL_SD_InitCard                          0x08002b71   Thumb Code   128  stm32f4xx_hal_sd.o(i.HAL_SD_InitCard)
    HAL_SD_MspInit                           0x08002bf5   Thumb Code   198  sdio.o(i.HAL_SD_MspInit)
    HAL_SD_ReadBlocks                        0x08002ccd   Thumb Code   700  stm32f4xx_hal_sd.o(i.HAL_SD_ReadBlocks)
    HAL_SD_RxCpltCallback                    0x08002f8d   Thumb Code    10  bsp_driver_sd.o(i.HAL_SD_RxCpltCallback)
    HAL_SD_TxCpltCallback                    0x08002f97   Thumb Code     8  bsp_driver_sd.o(i.HAL_SD_TxCpltCallback)
    HAL_SD_WriteBlocks                       0x08002fa1   Thumb Code   590  stm32f4xx_hal_sd.o(i.HAL_SD_WriteBlocks)
    HAL_SYSTICK_Config                       0x080031f5   Thumb Code    52  stm32f4xx_hal_cortex.o(i.HAL_SYSTICK_Config)
    HAL_UART_ErrorCallback                   0x08003229   Thumb Code     2  stm32f4xx_hal_uart.o(i.HAL_UART_ErrorCallback)
    HAL_UART_IRQHandler                      0x0800322d   Thumb Code   336  stm32f4xx_hal_uart.o(i.HAL_UART_IRQHandler)
    HAL_UART_Init                            0x08003381   Thumb Code   114  stm32f4xx_hal_uart.o(i.HAL_UART_Init)
    HAL_UART_MspInit                         0x080033f5   Thumb Code   140  usart.o(i.HAL_UART_MspInit)
    HAL_UART_RxCpltCallback                  0x0800348d   Thumb Code     2  stm32f4xx_hal_uart.o(i.HAL_UART_RxCpltCallback)
    HAL_UART_Transmit_IT                     0x0800348f   Thumb Code    88  stm32f4xx_hal_uart.o(i.HAL_UART_Transmit_IT)
    HAL_UART_TxCpltCallback                  0x080034e9   Thumb Code    26  ucos_main.o(i.HAL_UART_TxCpltCallback)
    HardFault_Handler                        0x08003511   Thumb Code     4  stm32f4xx_it.o(i.HardFault_Handler)
    MX_ADC1_Init                             0x08003835   Thumb Code    98  adc.o(i.MX_ADC1_Init)
    MX_DMA_Init                              0x080038a5   Thumb Code    52  dma.o(i.MX_DMA_Init)
    MX_FATFS_Init                            0x080038dd   Thumb Code    16  fatfs.o(i.MX_FATFS_Init)
    MX_GPIO_Init                             0x080038f9   Thumb Code   274  gpio.o(i.MX_GPIO_Init)
    MX_I2C1_Init                             0x08003a19   Thumb Code    48  i2c.o(i.MX_I2C1_Init)
    MX_SDIO_SD_Init                          0x08003a55   Thumb Code    28  sdio.o(i.MX_SDIO_SD_Init)
    MX_USART1_UART_Init                      0x08003a79   Thumb Code    46  usart.o(i.MX_USART1_UART_Init)
    MemManage_Handler                        0x08003ab1   Thumb Code     4  stm32f4xx_it.o(i.MemManage_Handler)
    NMI_Handler                              0x08003ab5   Thumb Code     2  stm32f4xx_it.o(i.NMI_Handler)
    OLED_CLS                                 0x08003ab7   Thumb Code    10  oled.o(i.OLED_CLS)
    OLED_DrawBMP                             0x08003ac1   Thumb Code   116  oled.o(i.OLED_DrawBMP)
    OLED_Fill                                0x08003b35   Thumb Code    58  oled.o(i.OLED_Fill)
    OLED_Init                                0x08003b6f   Thumb Code   176  oled.o(i.OLED_Init)
    OLED_SetPos                              0x08003c1f   Thumb Code    40  oled.o(i.OLED_SetPos)
    OLED_ShowBat                             0x08003c49   Thumb Code   150  oled.o(i.OLED_ShowBat)
    OLED_ShowStr                             0x08003cf5   Thumb Code   228  oled.o(i.OLED_ShowStr)
    OSInit                                   0x08003de1   Thumb Code    44  os_core.o(i.OSInit)
    OSInitHookBegin                          0x08003e0d   Thumb Code     2  os_cpu_c.o(i.OSInitHookBegin)
    OSInitHookEnd                            0x08003e0f   Thumb Code     2  os_cpu_c.o(i.OSInitHookEnd)
    OSIntEnter                               0x08003e11   Thumb Code    28  os_core.o(i.OSIntEnter)
    OSIntExit                                0x08003e35   Thumb Code   112  os_core.o(i.OSIntExit)
    OSMboxAccept                             0x08003ec5   Thumb Code    38  os_mbox.o(i.OSMboxAccept)
    OSMboxCreate                             0x08003eed   Thumb Code    68  os_mbox.o(i.OSMboxCreate)
    OSMboxPend                               0x08003f39   Thumb Code   246  os_mbox.o(i.OSMboxPend)
    OSMboxPost                               0x0800403d   Thumb Code    80  os_mbox.o(i.OSMboxPost)
    OSSemCreate                              0x0800408d   Thumb Code    68  os_sem.o(i.OSSemCreate)
    OSSemPend                                0x080040d9   Thumb Code   222  os_sem.o(i.OSSemPend)
    OSSemPost                                0x080041c5   Thumb Code    88  os_sem.o(i.OSSemPost)
    OSStart                                  0x0800421d   Thumb Code    48  os_core.o(i.OSStart)
    OSTCBInitHook                            0x08004265   Thumb Code     2  os_cpu_c.o(i.OSTCBInitHook)
    OSTaskCreate                             0x08004269   Thumb Code   148  os_task.o(i.OSTaskCreate)
    OSTaskCreateExt                          0x08004309   Thumb Code   170  os_task.o(i.OSTaskCreateExt)
    OSTaskCreateHook                         0x080043c1   Thumb Code     2  os_cpu_c.o(i.OSTaskCreateHook)
    OSTaskDel                                0x080043c5   Thumb Code   294  os_task.o(i.OSTaskDel)
    OSTaskDelHook                            0x08004519   Thumb Code     2  os_cpu_c.o(i.OSTaskDelHook)
    OSTaskIdleHook                           0x0800451b   Thumb Code     2  os_cpu_c.o(i.OSTaskIdleHook)
    OSTaskNameSet                            0x0800451d   Thumb Code    98  os_task.o(i.OSTaskNameSet)
    OSTaskReturnHook                         0x0800458d   Thumb Code     2  os_cpu_c.o(i.OSTaskReturnHook)
    OSTaskStatHook                           0x0800458f   Thumb Code     2  os_cpu_c.o(i.OSTaskStatHook)
    OSTaskStkChk                             0x08004591   Thumb Code   132  os_task.o(i.OSTaskStkChk)
    OSTaskStkInit                            0x0800461d   Thumb Code   208  os_cpu_c.o(i.OSTaskStkInit)
    OSTaskSuspend                            0x080046f1   Thumb Code   152  os_task.o(i.OSTaskSuspend)
    OSTaskSwHook                             0x08004799   Thumb Code     2  os_cpu_c.o(i.OSTaskSwHook)
    OSTimeDly                                0x0800479d   Thumb Code   100  os_time.o(i.OSTimeDly)
    OSTimeDlyHMSM                            0x08004815   Thumb Code    86  os_time.o(i.OSTimeDlyHMSM)
    OSTimeTick                               0x08004875   Thumb Code   210  os_core.o(i.OSTimeTick)
    OSTimeTickHook                           0x08004961   Thumb Code     2  os_cpu_c.o(i.OSTimeTickHook)
    OS_Dummy                                 0x08004963   Thumb Code     2  os_core.o(i.OS_Dummy)
    OS_EventTaskRdy                          0x08004965   Thumb Code   114  os_core.o(i.OS_EventTaskRdy)
    OS_EventTaskRemove                       0x080049e9   Thumb Code    42  os_core.o(i.OS_EventTaskRemove)
    OS_EventTaskWait                         0x08004a15   Thumb Code   112  os_core.o(i.OS_EventTaskWait)
    OS_EventWaitListInit                     0x08004a91   Thumb Code    28  os_core.o(i.OS_EventWaitListInit)
    OS_FlagInit                              0x08004aad   Thumb Code    74  os_flag.o(i.OS_FlagInit)
    OS_FlagUnlink                            0x08004b05   Thumb Code    36  os_flag.o(i.OS_FlagUnlink)
    OS_MemClr                                0x08004d35   Thumb Code    18  os_core.o(i.OS_MemClr)
    OS_QInit                                 0x08004d49   Thumb Code    72  os_q.o(i.OS_QInit)
    OS_Sched                                 0x08004d99   Thumb Code    88  os_core.o(i.OS_Sched)
    OS_TCBInit                               0x08004e39   Thumb Code   278  os_core.o(i.OS_TCBInit)
    OS_TaskIdle                              0x08004f6d   Thumb Code    34  os_core.o(i.OS_TaskIdle)
    OS_TaskReturn                            0x08004f95   Thumb Code    18  os_task.o(i.OS_TaskReturn)
    OS_TaskStat                              0x08004fad   Thumb Code   116  os_core.o(i.OS_TaskStat)
    OS_TaskStatStkChk                        0x08005035   Thumb Code    54  os_core.o(i.OS_TaskStatStkChk)
    OS_TaskStkClr                            0x08005071   Thumb Code    26  os_task.o(i.OS_TaskStkClr)
    SDIO_ConfigData                          0x0800508b   Thumb Code    44  stm32f4xx_ll_sdmmc.o(i.SDIO_ConfigData)
    SDIO_GetCommandResponse                  0x080050b7   Thumb Code     8  stm32f4xx_ll_sdmmc.o(i.SDIO_GetCommandResponse)
    SDIO_GetPowerState                       0x080050bf   Thumb Code    10  stm32f4xx_ll_sdmmc.o(i.SDIO_GetPowerState)
    SDIO_GetResponse                         0x080050c9   Thumb Code    12  stm32f4xx_ll_sdmmc.o(i.SDIO_GetResponse)
    SDIO_IRQHandler                          0x080050d5   Thumb Code    10  stm32f4xx_it.o(i.SDIO_IRQHandler)
    SDIO_Init                                0x080050e5   Thumb Code    52  stm32f4xx_ll_sdmmc.o(i.SDIO_Init)
    SDIO_PowerState_ON                       0x08005119   Thumb Code    18  stm32f4xx_ll_sdmmc.o(i.SDIO_PowerState_ON)
    SDIO_ReadFIFO                            0x0800512b   Thumb Code     8  stm32f4xx_ll_sdmmc.o(i.SDIO_ReadFIFO)
    SDIO_SendCommand                         0x08005133   Thumb Code    40  stm32f4xx_ll_sdmmc.o(i.SDIO_SendCommand)
    SDIO_WriteFIFO                           0x0800515b   Thumb Code    12  stm32f4xx_ll_sdmmc.o(i.SDIO_WriteFIFO)
    SDMMC_CmdAppCommand                      0x08005167   Thumb Code    56  stm32f4xx_ll_sdmmc.o(i.SDMMC_CmdAppCommand)
    SDMMC_CmdAppOperCommand                  0x080051a1   Thumb Code    54  stm32f4xx_ll_sdmmc.o(i.SDMMC_CmdAppOperCommand)
    SDMMC_CmdBlockLength                     0x080051dd   Thumb Code    56  stm32f4xx_ll_sdmmc.o(i.SDMMC_CmdBlockLength)
    SDMMC_CmdBusWidth                        0x08005215   Thumb Code    56  stm32f4xx_ll_sdmmc.o(i.SDMMC_CmdBusWidth)
    SDMMC_CmdGoIdleState                     0x0800524d   Thumb Code    44  stm32f4xx_ll_sdmmc.o(i.SDMMC_CmdGoIdleState)
    SDMMC_CmdOperCond                        0x08005279   Thumb Code    52  stm32f4xx_ll_sdmmc.o(i.SDMMC_CmdOperCond)
    SDMMC_CmdReadMultiBlock                  0x080052ad   Thumb Code    56  stm32f4xx_ll_sdmmc.o(i.SDMMC_CmdReadMultiBlock)
    SDMMC_CmdReadSingleBlock                 0x080052e5   Thumb Code    56  stm32f4xx_ll_sdmmc.o(i.SDMMC_CmdReadSingleBlock)
    SDMMC_CmdSelDesel                        0x0800531d   Thumb Code    58  stm32f4xx_ll_sdmmc.o(i.SDMMC_CmdSelDesel)
    SDMMC_CmdSendCID                         0x08005357   Thumb Code    50  stm32f4xx_ll_sdmmc.o(i.SDMMC_CmdSendCID)
    SDMMC_CmdSendCSD                         0x08005389   Thumb Code    50  stm32f4xx_ll_sdmmc.o(i.SDMMC_CmdSendCSD)
    SDMMC_CmdSendSCR                         0x080053bb   Thumb Code    56  stm32f4xx_ll_sdmmc.o(i.SDMMC_CmdSendSCR)
    SDMMC_CmdSendStatus                      0x080053f3   Thumb Code    56  stm32f4xx_ll_sdmmc.o(i.SDMMC_CmdSendStatus)
    SDMMC_CmdSetRelAdd                       0x0800542b   Thumb Code    56  stm32f4xx_ll_sdmmc.o(i.SDMMC_CmdSetRelAdd)
    SDMMC_CmdStopTransfer                    0x08005465   Thumb Code    54  stm32f4xx_ll_sdmmc.o(i.SDMMC_CmdStopTransfer)
    SDMMC_CmdWriteMultiBlock                 0x080054a1   Thumb Code    56  stm32f4xx_ll_sdmmc.o(i.SDMMC_CmdWriteMultiBlock)
    SDMMC_CmdWriteSingleBlock                0x080054d9   Thumb Code    56  stm32f4xx_ll_sdmmc.o(i.SDMMC_CmdWriteSingleBlock)
    SD_initialize                            0x08005e39   Thumb Code    32  sd_diskio.o(i.SD_initialize)
    SD_ioctl                                 0x08005e5d   Thumb Code   102  sd_diskio.o(i.SD_ioctl)
    SD_read                                  0x08005ec9   Thumb Code    46  sd_diskio.o(i.SD_read)
    SD_status                                0x08005ef7   Thumb Code    12  sd_diskio.o(i.SD_status)
    SD_task                                  0x08005f05   Thumb Code   274  ucos_main.o(i.SD_task)
    SD_write                                 0x08006059   Thumb Code    46  sd_diskio.o(i.SD_write)
    SVC_Handler                              0x08006087   Thumb Code     2  stm32f4xx_it.o(i.SVC_Handler)
    SysTick_Handler                          0x0800609f   Thumb Code    20  stm32f4xx_it.o(i.SysTick_Handler)
    SystemClock_Config                       0x080060b5   Thumb Code   174  main.o(i.SystemClock_Config)
    SystemInit                               0x0800616d   Thumb Code    24  system_stm32f4xx.o(i.SystemInit)
    USART1_IRQHandler                        0x080066d5   Thumb Code    10  stm32f4xx_it.o(i.USART1_IRQHandler)
    UsageFault_Handler                       0x080066e5   Thumb Code     4  stm32f4xx_it.o(i.UsageFault_Handler)
    WriteCmd                                 0x080066e9   Thumb Code    32  oled.o(i.WriteCmd)
    WriteDat                                 0x0800670d   Thumb Code    32  oled.o(i.WriteDat)
    __0sprintf                               0x08006731   Thumb Code    34  printfa.o(i.__0sprintf)
    __1sprintf                               0x08006731   Thumb Code     0  printfa.o(i.__0sprintf)
    __2sprintf                               0x08006731   Thumb Code     0  printfa.o(i.__0sprintf)
    __c89sprintf                             0x08006731   Thumb Code     0  printfa.o(i.__0sprintf)
    sprintf                                  0x08006731   Thumb Code     0  printfa.o(i.__0sprintf)
    __scatterload_copy                       0x08006791   Thumb Code    14  handlers.o(i.__scatterload_copy)
    __scatterload_null                       0x0800679f   Thumb Code     2  handlers.o(i.__scatterload_null)
    __scatterload_zeroinit                   0x080067a1   Thumb Code    14  handlers.o(i.__scatterload_zeroinit)
    disk_initialize                          0x08007a59   Thumb Code    40  diskio.o(i.disk_initialize)
    disk_ioctl                               0x08007a85   Thumb Code    36  diskio.o(i.disk_ioctl)
    disk_read                                0x08007aad   Thumb Code    42  diskio.o(i.disk_read)
    disk_status                              0x08007add   Thumb Code    24  diskio.o(i.disk_status)
    disk_write                               0x08007af9   Thumb Code    42  diskio.o(i.disk_write)
    f_close                                  0x08007b51   Thumb Code    44  ff.o(i.f_close)
    f_lseek                                  0x08007b7d   Thumb Code   688  ff.o(i.f_lseek)
    f_mount                                  0x08007e2d   Thumb Code    92  ff.o(i.f_mount)
    f_open                                   0x08007e8d   Thumb Code   570  ff.o(i.f_open)
    f_sync                                   0x080080c7   Thumb Code   160  ff.o(i.f_sync)
    f_write                                  0x08008167   Thumb Code   494  ff.o(i.f_write)
    ff_convert                               0x08008355   Thumb Code   116  cc936.o(i.ff_convert)
    ff_wtoupper                              0x080083d1   Thumb Code   156  cc936.o(i.ff_wtoupper)
    get_fattime                              0x080089c5   Thumb Code     4  fatfs.o(i.get_fattime)
    get_roller_stat                          0x08008a15   Thumb Code    52  roller.o(i.get_roller_stat)
    key_task                                 0x08008b0d   Thumb Code   116  ucos_main.o(i.key_task)
    led1_task                                0x08008bd9   Thumb Code    54  ucos_main.o(i.led1_task)
    led2_task                                0x08008c15   Thumb Code    66  ucos_main.o(i.led2_task)
    main                                     0x08008c5d   Thumb Code    44  main.o(i.main)
    oled_task                                0x08008d0d   Thumb Code   170  ucos_main.o(i.oled_task)
    roller_init                              0x0800902b   Thumb Code    10  roller.o(i.roller_init)
    roller_task                              0x08009035   Thumb Code    78  ucos_main.o(i.roller_task)
    run_roller                               0x0800908d   Thumb Code   116  roller.o(i.run_roller)
    show_roller                              0x08009101   Thumb Code    92  roller.o(i.show_roller)
    start_task                               0x080091b9   Thumb Code   112  ucos_main.o(i.start_task)
    uart_task                                0x08009365   Thumb Code   120  ucos_main.o(i.uart_task)
    ucos_main                                0x080093f5   Thumb Code    46  ucos_main.o(i.ucos_main)
    F6x8                                     0x0800946c   Data         552  oled.o(.constdata)
    F8X16                                    0x08009694   Data        1520  oled.o(.constdata)
    SD_Driver                                0x08009c84   Data          20  sd_diskio.o(.constdata)
    AHBPrescTable                            0x08009ca0   Data          16  system_stm32f4xx.o(.constdata)
    APBPrescTable                            0x08009cb0   Data           8  system_stm32f4xx.o(.constdata)
    OSUnMapTbl                               0x08009cb8   Data         256  os_core.o(.constdata)
    Region$$Table$$Base                      0x08034998   Number         0  anon$$obj.o(Region$$Table)
    Region$$Table$$Limit                     0x080349b8   Number         0  anon$$obj.o(Region$$Table)
    ad_box                                   0x20000000   Data           4  ucos_main.o(.data)
    roller_box                               0x20000004   Data           4  ucos_main.o(.data)
    roller_uart_box                          0x20000008   Data           4  ucos_main.o(.data)
    key_sd_sem                               0x2000000c   Data           4  ucos_main.o(.data)
    SD_signal_sem                            0x20000010   Data           4  ucos_main.o(.data)
    uart_sem                                 0x20000014   Data           4  ucos_main.o(.data)
    bat                                      0x20000018   Data         224  oled.o(.data)
    Hzk                                      0x200000f8   Data         224  oled.o(.data)
    F16x16                                   0x200001d8   Data         640  oled.o(.data)
    BMP1                                     0x20000458   Data        1024  oled.o(.data)
    retSD                                    0x2000085c   Data           1  fatfs.o(.data)
    SDPath                                   0x2000085d   Data           4  fatfs.o(.data)
    uwTick                                   0x20000864   Data           4  stm32f4xx_hal.o(.data)
    uwTickPrio                               0x20000868   Data           4  stm32f4xx_hal.o(.data)
    uwTickFreq                               0x2000086c   Data           1  stm32f4xx_hal.o(.data)
    SystemCoreClock                          0x20000870   Data           4  system_stm32f4xx.o(.data)
    OSCtxSwCtr                               0x20000874   Data           4  os_core.o(.data)
    OSEventFreeList                          0x20000878   Data           4  os_core.o(.data)
    OSFlagFreeList                           0x2000087c   Data           4  os_core.o(.data)
    OSCPUUsage                               0x20000880   Data           1  os_core.o(.data)
    OSIdleCtrMax                             0x20000884   Data           4  os_core.o(.data)
    OSIdleCtrRun                             0x20000888   Data           4  os_core.o(.data)
    OSStatRdy                                0x2000088c   Data           1  os_core.o(.data)
    OSIntNesting                             0x2000088d   Data           1  os_core.o(.data)
    OSLockNesting                            0x2000088e   Data           1  os_core.o(.data)
    OSPrioCur                                0x2000088f   Data           1  os_core.o(.data)
    OSPrioHighRdy                            0x20000890   Data           1  os_core.o(.data)
    OSRdyGrp                                 0x20000891   Data           1  os_core.o(.data)
    OSRdyTbl                                 0x20000892   Data           8  os_core.o(.data)
    OSRunning                                0x2000089a   Data           1  os_core.o(.data)
    OSTaskCtr                                0x2000089b   Data           1  os_core.o(.data)
    OSIdleCtr                                0x2000089c   Data           4  os_core.o(.data)
    OSTCBCur                                 0x200008a0   Data           4  os_core.o(.data)
    OSTCBFreeList                            0x200008a4   Data           4  os_core.o(.data)
    OSTCBHighRdy                             0x200008a8   Data           4  os_core.o(.data)
    OSTCBList                                0x200008ac   Data           4  os_core.o(.data)
    OSTickStepState                          0x200008b0   Data           1  os_core.o(.data)
    OSQFreeList                              0x200008b4   Data           4  os_core.o(.data)
    OSTime                                   0x200008b8   Data           4  os_core.o(.data)
    START_TASK_STK                           0x200008c8   Data         512  ucos_main.o(.bss)
    LED1_TASK_STK                            0x20000ac8   Data         512  ucos_main.o(.bss)
    LED2_TASK_STK                            0x20000cc8   Data         512  ucos_main.o(.bss)
    OLED_TASK_STK                            0x20000ec8   Data         512  ucos_main.o(.bss)
    SD_TASK_STK                              0x200010c8   Data        4096  ucos_main.o(.bss)
    AD_TASK_STK                              0x200030c8   Data        4096  ucos_main.o(.bss)
    KEY_TASK_STK                             0x200040c8   Data         512  ucos_main.o(.bss)
    UART_TASK_STK                            0x200042c8   Data         512  ucos_main.o(.bss)
    MsgGrp                                   0x200044c8   Data         512  ucos_main.o(.bss)
    hadc1                                    0x200046c8   Data          72  adc.o(.bss)
    hdma_adc1                                0x20004710   Data          96  adc.o(.bss)
    hi2c1                                    0x20004770   Data          84  i2c.o(.bss)
    hsd                                      0x200047c4   Data         132  sdio.o(.bss)
    huart1                                   0x20004848   Data          64  usart.o(.bss)
    OSEventTbl                               0x20004888   Data         200  os_core.o(.bss)
    OSFlagTbl                                0x20004950   Data          80  os_core.o(.bss)
    OSTaskStatStk                            0x200049a0   Data         512  os_core.o(.bss)
    OSTaskIdleStk                            0x20004ba0   Data         512  os_core.o(.bss)
    OSTCBPrioTbl                             0x20004da0   Data         256  os_core.o(.bss)
    OSTCBTbl                                 0x20004ea0   Data        1008  os_core.o(.bss)
    OSQTbl                                   0x20005290   Data         120  os_core.o(.bss)
    disk                                     0x20005328   Data          16  ff_gen_drv.o(.bss)
    __initial_sp                             0x20006338   Data           0  startup_stm32f407xx.o(STACK)



==============================================================================

Memory Map of the image

  Image Entry point : 0x08000189

  Load Region LR_IROM1 (Base: 0x08000000, Size: 0x00035280, Max: 0x00080000, ABSOLUTE, COMPRESSED[0x00034dc4])

    Execution Region ER_IROM1 (Exec base: 0x08000000, Load base: 0x08000000, Size: 0x000349b8, Max: 0x00080000, ABSOLUTE)

    Exec Addr    Load Addr    Size         Type   Attr      Idx    E Section Name        Object

    0x08000000   0x08000000   0x00000188   Data   RO            3    RESET               startup_stm32f407xx.o
    0x08000188   0x08000188   0x00000000   Code   RO         5363  * .ARM.Collect$$$$00000000  mc_w.l(entry.o)
    0x08000188   0x08000188   0x00000004   Code   RO         5647    .ARM.Collect$$$$00000001  mc_w.l(entry2.o)
    0x0800018c   0x0800018c   0x00000004   Code   RO         5650    .ARM.Collect$$$$00000004  mc_w.l(entry5.o)
    0x08000190   0x08000190   0x00000000   Code   RO         5652    .ARM.Collect$$$$00000008  mc_w.l(entry7b.o)
    0x08000190   0x08000190   0x00000000   Code   RO         5654    .ARM.Collect$$$$0000000A  mc_w.l(entry8b.o)
    0x08000190   0x08000190   0x00000008   Code   RO         5655    .ARM.Collect$$$$0000000B  mc_w.l(entry9a.o)
    0x08000198   0x08000198   0x00000000   Code   RO         5657    .ARM.Collect$$$$0000000D  mc_w.l(entry10a.o)
    0x08000198   0x08000198   0x00000000   Code   RO         5659    .ARM.Collect$$$$0000000F  mc_w.l(entry11a.o)
    0x08000198   0x08000198   0x00000004   Code   RO         5648    .ARM.Collect$$$$00002712  mc_w.l(entry2.o)
    0x0800019c   0x0800019c   0x00000024   Code   RO            4    .text               startup_stm32f407xx.o
    0x080001c0   0x080001c0   0x000000c8   Code   RO         4702    .text               os_cpu_a.o
    0x08000288   0x08000288   0x00000062   Code   RO         5366    .text               mc_w.l(uldiv.o)
    0x080002ea   0x080002ea   0x00000024   Code   RO         5368    .text               mc_w.l(memseta.o)
    0x0800030e   0x0800030e   0x0000000e   Code   RO         5370    .text               mc_w.l(strlen.o)
    0x0800031c   0x0800031c   0x000000e4   Code   RO         5633    .text               mf_w.l(dmul.o)
    0x08000400   0x08000400   0x000000de   Code   RO         5635    .text               mf_w.l(ddiv.o)
    0x080004de   0x080004de   0x00000022   Code   RO         5637    .text               mf_w.l(dflti.o)
    0x08000500   0x08000500   0x0000001a   Code   RO         5639    .text               mf_w.l(dfltui.o)
    0x0800051a   0x0800051a   0x00000032   Code   RO         5641    .text               mf_w.l(dfixui.o)
    0x0800054c   0x0800054c   0x00000026   Code   RO         5643    .text               mf_w.l(f2d.o)
    0x08000572   0x08000572   0x00000038   Code   RO         5645    .text               mf_w.l(d2f.o)
    0x080005aa   0x080005aa   0x0000002c   Code   RO         5664    .text               mc_w.l(uidiv.o)
    0x080005d6   0x080005d6   0x0000001e   Code   RO         5666    .text               mc_w.l(llshl.o)
    0x080005f4   0x080005f4   0x00000020   Code   RO         5668    .text               mc_w.l(llushr.o)
    0x08000614   0x08000614   0x00000000   Code   RO         5670    .text               mc_w.l(iusefp.o)
    0x08000614   0x08000614   0x0000006e   Code   RO         5671    .text               mf_w.l(fepilogue.o)
    0x08000682   0x08000682   0x000000ba   Code   RO         5673    .text               mf_w.l(depilogue.o)
    0x0800073c   0x0800073c   0x0000014e   Code   RO         5675    .text               mf_w.l(dadd.o)
    0x0800088a   0x0800088a   0x00000030   Code   RO         5677    .text               mf_w.l(dfixul.o)
    0x080008ba   0x080008ba   0x00000002   PAD
    0x080008bc   0x080008bc   0x00000030   Code   RO         5679    .text               mf_w.l(cdrcmple.o)
    0x080008ec   0x080008ec   0x00000024   Code   RO         5681    .text               mc_w.l(init.o)
    0x08000910   0x08000910   0x00000024   Code   RO         5684    .text               mc_w.l(llsshr.o)
    0x08000934   0x08000934   0x00000056   Code   RO         5695    .text               mc_w.l(__dczerorl2.o)
    0x0800098a   0x0800098a   0x0000007e   Code   RO         1074    i.ADC_DMAConvCplt   stm32f4xx_hal_adc.o
    0x08000a08   0x08000a08   0x0000001a   Code   RO         1075    i.ADC_DMAError      stm32f4xx_hal_adc.o
    0x08000a22   0x08000a22   0x0000000e   Code   RO         1076    i.ADC_DMAHalfConvCplt  stm32f4xx_hal_adc.o
    0x08000a30   0x08000a30   0x00000160   Code   RO         1077    i.ADC_Init          stm32f4xx_hal_adc.o
    0x08000b90   0x08000b90   0x00000040   Code   RO           13    i.AD_task           ucos_main.o
    0x08000bd0   0x08000bd0   0x0000000c   Code   RO          426    i.Add_roller        roller.o
    0x08000bdc   0x08000bdc   0x00000002   Code   RO          618    i.BSP_SD_AbortCallback  bsp_driver_sd.o
    0x08000bde   0x08000bde   0x00000002   PAD
    0x08000be0   0x08000be0   0x00000014   Code   RO          621    i.BSP_SD_GetCardInfo  bsp_driver_sd.o
    0x08000bf4   0x08000bf4   0x00000018   Code   RO          622    i.BSP_SD_GetCardState  bsp_driver_sd.o
    0x08000c0c   0x08000c0c   0x00000030   Code   RO          624    i.BSP_SD_Init       bsp_driver_sd.o
    0x08000c3c   0x08000c3c   0x0000000c   Code   RO          625    i.BSP_SD_IsDetected  bsp_driver_sd.o
    0x08000c48   0x08000c48   0x00000030   Code   RO          626    i.BSP_SD_ReadBlocks  bsp_driver_sd.o
    0x08000c78   0x08000c78   0x00000002   Code   RO          628    i.BSP_SD_ReadCpltCallback  bsp_driver_sd.o
    0x08000c7a   0x08000c7a   0x00000002   PAD
    0x08000c7c   0x08000c7c   0x00000030   Code   RO          629    i.BSP_SD_WriteBlocks  bsp_driver_sd.o
    0x08000cac   0x08000cac   0x00000002   Code   RO          631    i.BSP_SD_WriteCpltCallback  bsp_driver_sd.o
    0x08000cae   0x08000cae   0x00000004   Code   RO          962    i.BusFault_Handler  stm32f4xx_it.o
    0x08000cb2   0x08000cb2   0x00000002   PAD
    0x08000cb4   0x08000cb4   0x00000010   Code   RO          963    i.DMA2_Stream0_IRQHandler  stm32f4xx_it.o
    0x08000cc4   0x08000cc4   0x00000034   Code   RO         1853    i.DMA_CalcBaseAndBitshift  stm32f4xx_hal_dma.o
    0x08000cf8   0x08000cf8   0x000000aa   Code   RO         1854    i.DMA_CheckFifoParam  stm32f4xx_hal_dma.o
    0x08000da2   0x08000da2   0x0000002c   Code   RO         1855    i.DMA_SetConfig     stm32f4xx_hal_dma.o
    0x08000dce   0x08000dce   0x00000002   Code   RO          964    i.DebugMon_Handler  stm32f4xx_it.o
    0x08000dd0   0x08000dd0   0x00000002   Code   RO          478    i.Error_Handler     main.o
    0x08000dd2   0x08000dd2   0x00000012   Code   RO         5260    i.FATFS_LinkDriver  ff_gen_drv.o
    0x08000de4   0x08000de4   0x00000054   Code   RO         5261    i.FATFS_LinkDriverEx  ff_gen_drv.o
    0x08000e38   0x08000e38   0x0000018c   Code   RO         1079    i.HAL_ADC_ConfigChannel  stm32f4xx_hal_adc.o
    0x08000fc4   0x08000fc4   0x00000002   Code   RO         1080    i.HAL_ADC_ConvCpltCallback  stm32f4xx_hal_adc.o
    0x08000fc6   0x08000fc6   0x00000002   Code   RO         1081    i.HAL_ADC_ConvHalfCpltCallback  stm32f4xx_hal_adc.o
    0x08000fc8   0x08000fc8   0x00000002   Code   RO         1083    i.HAL_ADC_ErrorCallback  stm32f4xx_hal_adc.o
    0x08000fca   0x08000fca   0x00000002   PAD
    0x08000fcc   0x08000fcc   0x00000068   Code   RO         1088    i.HAL_ADC_Init      stm32f4xx_hal_adc.o
    0x08001034   0x08001034   0x000000c4   Code   RO          553    i.HAL_ADC_MspInit   adc.o
    0x080010f8   0x080010f8   0x00000184   Code   RO         1095    i.HAL_ADC_Start_DMA  stm32f4xx_hal_adc.o
    0x0800127c   0x0800127c   0x0000006c   Code   RO         1098    i.HAL_ADC_Stop_DMA  stm32f4xx_hal_adc.o
    0x080012e8   0x080012e8   0x000000aa   Code   RO         1856    i.HAL_DMA_Abort     stm32f4xx_hal_dma.o
    0x08001392   0x08001392   0x00000028   Code   RO         1857    i.HAL_DMA_Abort_IT  stm32f4xx_hal_dma.o
    0x080013ba   0x080013ba   0x00000002   PAD
    0x080013bc   0x080013bc   0x00000240   Code   RO         1861    i.HAL_DMA_IRQHandler  stm32f4xx_hal_dma.o
    0x080015fc   0x080015fc   0x000000ec   Code   RO         1862    i.HAL_DMA_Init      stm32f4xx_hal_dma.o
    0x080016e8   0x080016e8   0x00000092   Code   RO         1866    i.HAL_DMA_Start_IT  stm32f4xx_hal_dma.o
    0x0800177a   0x0800177a   0x00000002   PAD
    0x0800177c   0x0800177c   0x00000028   Code   RO         2280    i.HAL_Delay         stm32f4xx_hal.o
    0x080017a4   0x080017a4   0x00000200   Code   RO         1749    i.HAL_GPIO_Init     stm32f4xx_hal_gpio.o
    0x080019a4   0x080019a4   0x00000010   Code   RO         1751    i.HAL_GPIO_ReadPin  stm32f4xx_hal_gpio.o
    0x080019b4   0x080019b4   0x00000012   Code   RO         1752    i.HAL_GPIO_TogglePin  stm32f4xx_hal_gpio.o
    0x080019c6   0x080019c6   0x0000000c   Code   RO         1753    i.HAL_GPIO_WritePin  stm32f4xx_hal_gpio.o
    0x080019d2   0x080019d2   0x00000002   PAD
    0x080019d4   0x080019d4   0x0000000c   Code   RO         2286    i.HAL_GetTick       stm32f4xx_hal.o
    0x080019e0   0x080019e0   0x000001d0   Code   RO         2542    i.HAL_I2C_Init      stm32f4xx_hal_i2c.o
    0x08001bb0   0x08001bb0   0x00000164   Code   RO         2563    i.HAL_I2C_Mem_Write  stm32f4xx_hal_i2c.o
    0x08001d14   0x08001d14   0x00000088   Code   RO          837    i.HAL_I2C_MspInit   i2c.o
    0x08001d9c   0x08001d9c   0x00000018   Code   RO         2292    i.HAL_IncTick       stm32f4xx_hal.o
    0x08001db4   0x08001db4   0x0000003c   Code   RO         2293    i.HAL_Init          stm32f4xx_hal.o
    0x08001df0   0x08001df0   0x0000004c   Code   RO         2294    i.HAL_InitTick      stm32f4xx_hal.o
    0x08001e3c   0x08001e3c   0x00000048   Code   RO         1050    i.HAL_MspInit       stm32f4xx_hal_msp.o
    0x08001e84   0x08001e84   0x00000020   Code   RO         2138    i.HAL_NVIC_EnableIRQ  stm32f4xx_hal_cortex.o
    0x08001ea4   0x08001ea4   0x0000007c   Code   RO         2144    i.HAL_NVIC_SetPriority  stm32f4xx_hal_cortex.o
    0x08001f20   0x08001f20   0x00000028   Code   RO         2145    i.HAL_NVIC_SetPriorityGrouping  stm32f4xx_hal_cortex.o
    0x08001f48   0x08001f48   0x00000184   Code   RO         1350    i.HAL_RCC_ClockConfig  stm32f4xx_hal_rcc.o
    0x080020cc   0x080020cc   0x0000000c   Code   RO         1355    i.HAL_RCC_GetHCLKFreq  stm32f4xx_hal_rcc.o
    0x080020d8   0x080020d8   0x00000020   Code   RO         1357    i.HAL_RCC_GetPCLK1Freq  stm32f4xx_hal_rcc.o
    0x080020f8   0x080020f8   0x00000020   Code   RO         1358    i.HAL_RCC_GetPCLK2Freq  stm32f4xx_hal_rcc.o
    0x08002118   0x08002118   0x000000b0   Code   RO         1359    i.HAL_RCC_GetSysClockFreq  stm32f4xx_hal_rcc.o
    0x080021c8   0x080021c8   0x00000488   Code   RO         1362    i.HAL_RCC_OscConfig  stm32f4xx_hal_rcc.o
    0x08002650   0x08002650   0x00000008   Code   RO          632    i.HAL_SD_AbortCallback  bsp_driver_sd.o
    0x08002658   0x08002658   0x000000a8   Code   RO         3295    i.HAL_SD_ConfigWideBusOperation  stm32f4xx_hal_sd.o
    0x08002700   0x08002700   0x00000002   Code   RO         3298    i.HAL_SD_ErrorCallback  stm32f4xx_hal_sd.o
    0x08002702   0x08002702   0x00000002   PAD
    0x08002704   0x08002704   0x000001c8   Code   RO         3300    i.HAL_SD_GetCardCSD  stm32f4xx_hal_sd.o
    0x080028cc   0x080028cc   0x00000026   Code   RO         3301    i.HAL_SD_GetCardInfo  stm32f4xx_hal_sd.o
    0x080028f2   0x080028f2   0x00000024   Code   RO         3302    i.HAL_SD_GetCardState  stm32f4xx_hal_sd.o
    0x08002916   0x08002916   0x00000002   PAD
    0x08002918   0x08002918   0x0000021c   Code   RO         3306    i.HAL_SD_IRQHandler  stm32f4xx_hal_sd.o
    0x08002b34   0x08002b34   0x0000003c   Code   RO         3307    i.HAL_SD_Init       stm32f4xx_hal_sd.o
    0x08002b70   0x08002b70   0x00000084   Code   RO         3308    i.HAL_SD_InitCard   stm32f4xx_hal_sd.o
    0x08002bf4   0x08002bf4   0x000000d8   Code   RO          879    i.HAL_SD_MspInit    sdio.o
    0x08002ccc   0x08002ccc   0x000002c0   Code   RO         3311    i.HAL_SD_ReadBlocks  stm32f4xx_hal_sd.o
    0x08002f8c   0x08002f8c   0x0000000a   Code   RO          633    i.HAL_SD_RxCpltCallback  bsp_driver_sd.o
    0x08002f96   0x08002f96   0x00000008   Code   RO          634    i.HAL_SD_TxCpltCallback  bsp_driver_sd.o
    0x08002f9e   0x08002f9e   0x00000002   PAD
    0x08002fa0   0x08002fa0   0x00000254   Code   RO         3316    i.HAL_SD_WriteBlocks  stm32f4xx_hal_sd.o
    0x080031f4   0x080031f4   0x00000034   Code   RO         2149    i.HAL_SYSTICK_Config  stm32f4xx_hal_cortex.o
    0x08003228   0x08003228   0x00000002   Code   RO         3604    i.HAL_UART_ErrorCallback  stm32f4xx_hal_uart.o
    0x0800322a   0x0800322a   0x00000002   PAD
    0x0800322c   0x0800322c   0x00000154   Code   RO         3607    i.HAL_UART_IRQHandler  stm32f4xx_hal_uart.o
    0x08003380   0x08003380   0x00000072   Code   RO         3608    i.HAL_UART_Init     stm32f4xx_hal_uart.o
    0x080033f2   0x080033f2   0x00000002   PAD
    0x080033f4   0x080033f4   0x00000098   Code   RO          921    i.HAL_UART_MspInit  usart.o
    0x0800348c   0x0800348c   0x00000002   Code   RO         3614    i.HAL_UART_RxCpltCallback  stm32f4xx_hal_uart.o
    0x0800348e   0x0800348e   0x00000058   Code   RO         3618    i.HAL_UART_Transmit_IT  stm32f4xx_hal_uart.o
    0x080034e6   0x080034e6   0x00000002   PAD
    0x080034e8   0x080034e8   0x00000028   Code   RO           14    i.HAL_UART_TxCpltCallback  ucos_main.o
    0x08003510   0x08003510   0x00000004   Code   RO          965    i.HardFault_Handler  stm32f4xx_it.o
    0x08003514   0x08003514   0x0000003e   Code   RO         2585    i.I2C_IsAcknowledgeFailed  stm32f4xx_hal_i2c.o
    0x08003552   0x08003552   0x00000002   PAD
    0x08003554   0x08003554   0x000000dc   Code   RO         2597    i.I2C_RequestMemoryWrite  stm32f4xx_hal_i2c.o
    0x08003630   0x08003630   0x0000005c   Code   RO         2605    i.I2C_WaitOnBTFFlagUntilTimeout  stm32f4xx_hal_i2c.o
    0x0800368c   0x0800368c   0x00000086   Code   RO         2606    i.I2C_WaitOnFlagUntilTimeout  stm32f4xx_hal_i2c.o
    0x08003712   0x08003712   0x000000c4   Code   RO         2607    i.I2C_WaitOnMasterAddressFlagUntilTimeout  stm32f4xx_hal_i2c.o
    0x080037d6   0x080037d6   0x0000005c   Code   RO         2610    i.I2C_WaitOnTXEFlagUntilTimeout  stm32f4xx_hal_i2c.o
    0x08003832   0x08003832   0x00000002   PAD
    0x08003834   0x08003834   0x00000070   Code   RO          554    i.MX_ADC1_Init      adc.o
    0x080038a4   0x080038a4   0x00000038   Code   RO          594    i.MX_DMA_Init       dma.o
    0x080038dc   0x080038dc   0x0000001c   Code   RO          799    i.MX_FATFS_Init     fatfs.o
    0x080038f8   0x080038f8   0x00000120   Code   RO          528    i.MX_GPIO_Init      gpio.o
    0x08003a18   0x08003a18   0x0000003c   Code   RO          838    i.MX_I2C1_Init      i2c.o
    0x08003a54   0x08003a54   0x00000024   Code   RO          880    i.MX_SDIO_SD_Init   sdio.o
    0x08003a78   0x08003a78   0x00000038   Code   RO          922    i.MX_USART1_UART_Init  usart.o
    0x08003ab0   0x08003ab0   0x00000004   Code   RO          966    i.MemManage_Handler  stm32f4xx_it.o
    0x08003ab4   0x08003ab4   0x00000002   Code   RO          967    i.NMI_Handler       stm32f4xx_it.o
    0x08003ab6   0x08003ab6   0x0000000a   Code   RO          290    i.OLED_CLS          oled.o
    0x08003ac0   0x08003ac0   0x00000074   Code   RO          291    i.OLED_DrawBMP      oled.o
    0x08003b34   0x08003b34   0x0000003a   Code   RO          292    i.OLED_Fill         oled.o
    0x08003b6e   0x08003b6e   0x000000b0   Code   RO          293    i.OLED_Init         oled.o
    0x08003c1e   0x08003c1e   0x00000028   Code   RO          296    i.OLED_SetPos       oled.o
    0x08003c46   0x08003c46   0x00000002   PAD
    0x08003c48   0x08003c48   0x000000ac   Code   RO          297    i.OLED_ShowBat      oled.o
    0x08003cf4   0x08003cf4   0x000000ec   Code   RO          301    i.OLED_ShowStr      oled.o
    0x08003de0   0x08003de0   0x0000002c   Code   RO         3951    i.OSInit            os_core.o
    0x08003e0c   0x08003e0c   0x00000002   Code   RO         4708    i.OSInitHookBegin   os_cpu_c.o
    0x08003e0e   0x08003e0e   0x00000002   Code   RO         4709    i.OSInitHookEnd     os_cpu_c.o
    0x08003e10   0x08003e10   0x00000024   Code   RO         3952    i.OSIntEnter        os_core.o
    0x08003e34   0x08003e34   0x00000090   Code   RO         3953    i.OSIntExit         os_core.o
    0x08003ec4   0x08003ec4   0x00000026   Code   RO         4238    i.OSMboxAccept      os_mbox.o
    0x08003eea   0x08003eea   0x00000002   PAD
    0x08003eec   0x08003eec   0x0000004c   Code   RO         4239    i.OSMboxCreate      os_mbox.o
    0x08003f38   0x08003f38   0x00000104   Code   RO         4241    i.OSMboxPend        os_mbox.o
    0x0800403c   0x0800403c   0x00000050   Code   RO         4243    i.OSMboxPost        os_mbox.o
    0x0800408c   0x0800408c   0x0000004c   Code   RO         4466    i.OSSemCreate       os_sem.o
    0x080040d8   0x080040d8   0x000000ec   Code   RO         4468    i.OSSemPend         os_sem.o
    0x080041c4   0x080041c4   0x00000058   Code   RO         4470    i.OSSemPost         os_sem.o
    0x0800421c   0x0800421c   0x00000048   Code   RO         3956    i.OSStart           os_core.o
    0x08004264   0x08004264   0x00000002   Code   RO         4710    i.OSTCBInitHook     os_cpu_c.o
    0x08004266   0x08004266   0x00000002   PAD
    0x08004268   0x08004268   0x000000a0   Code   RO         4532    i.OSTaskCreate      os_task.o
    0x08004308   0x08004308   0x000000b8   Code   RO         4533    i.OSTaskCreateExt   os_task.o
    0x080043c0   0x080043c0   0x00000002   Code   RO         4711    i.OSTaskCreateHook  os_cpu_c.o
    0x080043c2   0x080043c2   0x00000002   PAD
    0x080043c4   0x080043c4   0x00000154   Code   RO         4534    i.OSTaskDel         os_task.o
    0x08004518   0x08004518   0x00000002   Code   RO         4712    i.OSTaskDelHook     os_cpu_c.o
    0x0800451a   0x0800451a   0x00000002   Code   RO         4713    i.OSTaskIdleHook    os_cpu_c.o
    0x0800451c   0x0800451c   0x00000070   Code   RO         4537    i.OSTaskNameSet     os_task.o
    0x0800458c   0x0800458c   0x00000002   Code   RO         4714    i.OSTaskReturnHook  os_cpu_c.o
    0x0800458e   0x0800458e   0x00000002   Code   RO         4715    i.OSTaskStatHook    os_cpu_c.o
    0x08004590   0x08004590   0x0000008c   Code   RO         4542    i.OSTaskStkChk      os_task.o
    0x0800461c   0x0800461c   0x000000d4   Code   RO         4716    i.OSTaskStkInit     os_cpu_c.o
    0x080046f0   0x080046f0   0x000000a8   Code   RO         4543    i.OSTaskSuspend     os_task.o
    0x08004798   0x08004798   0x00000002   Code   RO         4717    i.OSTaskSwHook      os_cpu_c.o
    0x0800479a   0x0800479a   0x00000002   PAD
    0x0800479c   0x0800479c   0x00000078   Code   RO         4639    i.OSTimeDly         os_time.o
    0x08004814   0x08004814   0x00000060   Code   RO         4640    i.OSTimeDlyHMSM     os_time.o
    0x08004874   0x08004874   0x000000ec   Code   RO         3958    i.OSTimeTick        os_core.o
    0x08004960   0x08004960   0x00000002   Code   RO         4718    i.OSTimeTickHook    os_cpu_c.o
    0x08004962   0x08004962   0x00000002   Code   RO         3960    i.OS_Dummy          os_core.o
    0x08004964   0x08004964   0x00000084   Code   RO         3961    i.OS_EventTaskRdy   os_core.o
    0x080049e8   0x080049e8   0x0000002a   Code   RO         3962    i.OS_EventTaskRemove  os_core.o
    0x08004a12   0x08004a12   0x00000002   PAD
    0x08004a14   0x08004a14   0x0000007c   Code   RO         3963    i.OS_EventTaskWait  os_core.o
    0x08004a90   0x08004a90   0x0000001c   Code   RO         3964    i.OS_EventWaitListInit  os_core.o
    0x08004aac   0x08004aac   0x00000058   Code   RO         4154    i.OS_FlagInit       os_flag.o
    0x08004b04   0x08004b04   0x00000024   Code   RO         4156    i.OS_FlagUnlink     os_flag.o
    0x08004b28   0x08004b28   0x00000054   Code   RO         3965    i.OS_InitEventList  os_core.o
    0x08004b7c   0x08004b7c   0x00000054   Code   RO         3966    i.OS_InitMisc       os_core.o
    0x08004bd0   0x08004bd0   0x00000044   Code   RO         3967    i.OS_InitRdyList    os_core.o
    0x08004c14   0x08004c14   0x00000080   Code   RO         3968    i.OS_InitTCBList    os_core.o
    0x08004c94   0x08004c94   0x00000050   Code   RO         3969    i.OS_InitTaskIdle   os_core.o
    0x08004ce4   0x08004ce4   0x00000050   Code   RO         3970    i.OS_InitTaskStat   os_core.o
    0x08004d34   0x08004d34   0x00000012   Code   RO         3971    i.OS_MemClr         os_core.o
    0x08004d46   0x08004d46   0x00000002   PAD
    0x08004d48   0x08004d48   0x00000050   Code   RO         4391    i.OS_QInit          os_q.o
    0x08004d98   0x08004d98   0x00000074   Code   RO         3973    i.OS_Sched          os_core.o
    0x08004e0c   0x08004e0c   0x0000002c   Code   RO         3974    i.OS_SchedNew       os_core.o
    0x08004e38   0x08004e38   0x00000134   Code   RO         3976    i.OS_TCBInit        os_core.o
    0x08004f6c   0x08004f6c   0x00000028   Code   RO         3977    i.OS_TaskIdle       os_core.o
    0x08004f94   0x08004f94   0x00000018   Code   RO         4544    i.OS_TaskReturn     os_task.o
    0x08004fac   0x08004fac   0x00000088   Code   RO         3978    i.OS_TaskStat       os_core.o
    0x08005034   0x08005034   0x0000003c   Code   RO         3979    i.OS_TaskStatStkChk  os_core.o
    0x08005070   0x08005070   0x0000001a   Code   RO         4545    i.OS_TaskStkClr     os_task.o
    0x0800508a   0x0800508a   0x0000002c   Code   RO         3016    i.SDIO_ConfigData   stm32f4xx_ll_sdmmc.o
    0x080050b6   0x080050b6   0x00000008   Code   RO         3017    i.SDIO_GetCommandResponse  stm32f4xx_ll_sdmmc.o
    0x080050be   0x080050be   0x0000000a   Code   RO         3020    i.SDIO_GetPowerState  stm32f4xx_ll_sdmmc.o
    0x080050c8   0x080050c8   0x0000000c   Code   RO         3021    i.SDIO_GetResponse  stm32f4xx_ll_sdmmc.o
    0x080050d4   0x080050d4   0x00000010   Code   RO          968    i.SDIO_IRQHandler   stm32f4xx_it.o
    0x080050e4   0x080050e4   0x00000034   Code   RO         3022    i.SDIO_Init         stm32f4xx_ll_sdmmc.o
    0x08005118   0x08005118   0x00000012   Code   RO         3024    i.SDIO_PowerState_ON  stm32f4xx_ll_sdmmc.o
    0x0800512a   0x0800512a   0x00000008   Code   RO         3025    i.SDIO_ReadFIFO     stm32f4xx_ll_sdmmc.o
    0x08005132   0x08005132   0x00000028   Code   RO         3026    i.SDIO_SendCommand  stm32f4xx_ll_sdmmc.o
    0x0800515a   0x0800515a   0x0000000c   Code   RO         3028    i.SDIO_WriteFIFO    stm32f4xx_ll_sdmmc.o
    0x08005166   0x08005166   0x00000038   Code   RO         3029    i.SDMMC_CmdAppCommand  stm32f4xx_ll_sdmmc.o
    0x0800519e   0x0800519e   0x00000002   PAD
    0x080051a0   0x080051a0   0x0000003c   Code   RO         3030    i.SDMMC_CmdAppOperCommand  stm32f4xx_ll_sdmmc.o
    0x080051dc   0x080051dc   0x00000038   Code   RO         3031    i.SDMMC_CmdBlockLength  stm32f4xx_ll_sdmmc.o
    0x08005214   0x08005214   0x00000038   Code   RO         3032    i.SDMMC_CmdBusWidth  stm32f4xx_ll_sdmmc.o
    0x0800524c   0x0800524c   0x0000002c   Code   RO         3036    i.SDMMC_CmdGoIdleState  stm32f4xx_ll_sdmmc.o
    0x08005278   0x08005278   0x00000034   Code   RO         3038    i.SDMMC_CmdOperCond  stm32f4xx_ll_sdmmc.o
    0x080052ac   0x080052ac   0x00000038   Code   RO         3039    i.SDMMC_CmdReadMultiBlock  stm32f4xx_ll_sdmmc.o
    0x080052e4   0x080052e4   0x00000038   Code   RO         3040    i.SDMMC_CmdReadSingleBlock  stm32f4xx_ll_sdmmc.o
    0x0800531c   0x0800531c   0x0000003a   Code   RO         3043    i.SDMMC_CmdSelDesel  stm32f4xx_ll_sdmmc.o
    0x08005356   0x08005356   0x00000032   Code   RO         3044    i.SDMMC_CmdSendCID  stm32f4xx_ll_sdmmc.o
    0x08005388   0x08005388   0x00000032   Code   RO         3045    i.SDMMC_CmdSendCSD  stm32f4xx_ll_sdmmc.o
    0x080053ba   0x080053ba   0x00000038   Code   RO         3046    i.SDMMC_CmdSendSCR  stm32f4xx_ll_sdmmc.o
    0x080053f2   0x080053f2   0x00000038   Code   RO         3047    i.SDMMC_CmdSendStatus  stm32f4xx_ll_sdmmc.o
    0x0800542a   0x0800542a   0x00000038   Code   RO         3048    i.SDMMC_CmdSetRelAdd  stm32f4xx_ll_sdmmc.o
    0x08005462   0x08005462   0x00000002   PAD
    0x08005464   0x08005464   0x0000003c   Code   RO         3050    i.SDMMC_CmdStopTransfer  stm32f4xx_ll_sdmmc.o
    0x080054a0   0x080054a0   0x00000038   Code   RO         3052    i.SDMMC_CmdWriteMultiBlock  stm32f4xx_ll_sdmmc.o
    0x080054d8   0x080054d8   0x00000038   Code   RO         3053    i.SDMMC_CmdWriteSingleBlock  stm32f4xx_ll_sdmmc.o
    0x08005510   0x08005510   0x00000040   Code   RO         3054    i.SDMMC_GetCmdError  stm32f4xx_ll_sdmmc.o
    0x08005550   0x08005550   0x000001ac   Code   RO         3055    i.SDMMC_GetCmdResp1  stm32f4xx_ll_sdmmc.o
    0x080056fc   0x080056fc   0x00000064   Code   RO         3056    i.SDMMC_GetCmdResp2  stm32f4xx_ll_sdmmc.o
    0x08005760   0x08005760   0x00000058   Code   RO         3057    i.SDMMC_GetCmdResp3  stm32f4xx_ll_sdmmc.o
    0x080057b8   0x080057b8   0x000000b8   Code   RO         3058    i.SDMMC_GetCmdResp6  stm32f4xx_ll_sdmmc.o
    0x08005870   0x08005870   0x0000006c   Code   RO         3059    i.SDMMC_GetCmdResp7  stm32f4xx_ll_sdmmc.o
    0x080058dc   0x080058dc   0x00000028   Code   RO          739    i.SD_CheckStatus    sd_diskio.o
    0x08005904   0x08005904   0x00000048   Code   RO         3321    i.SD_DMARxAbort     stm32f4xx_hal_sd.o
    0x0800594c   0x0800594c   0x00000048   Code   RO         3323    i.SD_DMATxAbort     stm32f4xx_hal_sd.o
    0x08005994   0x08005994   0x00000134   Code   RO         3324    i.SD_FindSCR        stm32f4xx_hal_sd.o
    0x08005ac8   0x08005ac8   0x00000102   Code   RO         3325    i.SD_InitCard       stm32f4xx_hal_sd.o
    0x08005bca   0x08005bca   0x00000002   PAD
    0x08005bcc   0x08005bcc   0x000000cc   Code   RO         3327    i.SD_PowerON        stm32f4xx_hal_sd.o
    0x08005c98   0x08005c98   0x0000004a   Code   RO         3328    i.SD_Read_IT        stm32f4xx_hal_sd.o
    0x08005ce2   0x08005ce2   0x00000030   Code   RO         3330    i.SD_SendStatus     stm32f4xx_hal_sd.o
    0x08005d12   0x08005d12   0x00000068   Code   RO         3331    i.SD_WideBus_Disable  stm32f4xx_hal_sd.o
    0x08005d7a   0x08005d7a   0x00000068   Code   RO         3332    i.SD_WideBus_Enable  stm32f4xx_hal_sd.o
    0x08005de2   0x08005de2   0x00000054   Code   RO         3333    i.SD_Write_IT       stm32f4xx_hal_sd.o
    0x08005e36   0x08005e36   0x00000002   PAD
    0x08005e38   0x08005e38   0x00000024   Code   RO          740    i.SD_initialize     sd_diskio.o
    0x08005e5c   0x08005e5c   0x0000006c   Code   RO          741    i.SD_ioctl          sd_diskio.o
    0x08005ec8   0x08005ec8   0x0000002e   Code   RO          742    i.SD_read           sd_diskio.o
    0x08005ef6   0x08005ef6   0x0000000c   Code   RO          743    i.SD_status         sd_diskio.o
    0x08005f02   0x08005f02   0x00000002   PAD
    0x08005f04   0x08005f04   0x00000154   Code   RO           15    i.SD_task           ucos_main.o
    0x08006058   0x08006058   0x0000002e   Code   RO          744    i.SD_write          sd_diskio.o
    0x08006086   0x08006086   0x00000002   Code   RO          969    i.SVC_Handler       stm32f4xx_it.o
    0x08006088   0x08006088   0x00000016   Code   RO          427    i.Sub_roller        roller.o
    0x0800609e   0x0800609e   0x00000014   Code   RO          970    i.SysTick_Handler   stm32f4xx_it.o
    0x080060b2   0x080060b2   0x00000002   PAD
    0x080060b4   0x080060b4   0x000000b8   Code   RO          479    i.SystemClock_Config  main.o
    0x0800616c   0x0800616c   0x0000001c   Code   RO         3915    i.SystemInit        system_stm32f4xx.o
    0x08006188   0x08006188   0x00000014   Code   RO         3621    i.UART_DMAAbortOnError  stm32f4xx_hal_uart.o
    0x0800619c   0x0800619c   0x00000020   Code   RO         3631    i.UART_EndRxTransfer  stm32f4xx_hal_uart.o
    0x080061bc   0x080061bc   0x00000020   Code   RO         3632    i.UART_EndTransmit_IT  stm32f4xx_hal_uart.o
    0x080061dc   0x080061dc   0x000000a6   Code   RO         3634    i.UART_Receive_IT   stm32f4xx_hal_uart.o
    0x08006282   0x08006282   0x00000002   PAD
    0x08006284   0x08006284   0x000003e8   Code   RO         3635    i.UART_SetConfig    stm32f4xx_hal_uart.o
    0x0800666c   0x0800666c   0x00000068   Code   RO         3636    i.UART_Transmit_IT  stm32f4xx_hal_uart.o
    0x080066d4   0x080066d4   0x00000010   Code   RO          971    i.USART1_IRQHandler  stm32f4xx_it.o
    0x080066e4   0x080066e4   0x00000004   Code   RO          972    i.UsageFault_Handler  stm32f4xx_it.o
    0x080066e8   0x080066e8   0x00000024   Code   RO          302    i.WriteCmd          oled.o
    0x0800670c   0x0800670c   0x00000024   Code   RO          303    i.WriteDat          oled.o
    0x08006730   0x08006730   0x00000028   Code   RO         5607    i.__0sprintf        mc_w.l(printfa.o)
    0x08006758   0x08006758   0x00000010   Code   RO         2151    i.__NVIC_GetPriorityGrouping  stm32f4xx_hal_cortex.o
    0x08006768   0x08006768   0x00000028   Code   RO         2152    i.__NVIC_SetPriority  stm32f4xx_hal_cortex.o
    0x08006790   0x08006790   0x0000000e   Code   RO         5689    i.__scatterload_copy  mc_w.l(handlers.o)
    0x0800679e   0x0800679e   0x00000002   Code   RO         5690    i.__scatterload_null  mc_w.l(handlers.o)
    0x080067a0   0x080067a0   0x0000000e   Code   RO         5691    i.__scatterload_zeroinit  mc_w.l(handlers.o)
    0x080067ae   0x080067ae   0x00000002   PAD
    0x080067b0   0x080067b0   0x00000184   Code   RO         5612    i._fp_digits        mc_w.l(printfa.o)
    0x08006934   0x08006934   0x000006dc   Code   RO         5613    i._printf_core      mc_w.l(printfa.o)
    0x08007010   0x08007010   0x00000024   Code   RO         5614    i._printf_post_padding  mc_w.l(printfa.o)
    0x08007034   0x08007034   0x0000002e   Code   RO         5615    i._printf_pre_padding  mc_w.l(printfa.o)
    0x08007062   0x08007062   0x0000000a   Code   RO         5617    i._sputc            mc_w.l(printfa.o)
    0x0800706c   0x0800706c   0x0000007c   Code   RO         4878    i.check_fs          ff.o
    0x080070e8   0x080070e8   0x00000014   Code   RO         4879    i.chk_chr           ff.o
    0x080070fc   0x080070fc   0x0000007c   Code   RO         4880    i.chk_lock          ff.o
    0x08007178   0x08007178   0x00000028   Code   RO         4881    i.clear_lock        ff.o
    0x080071a0   0x080071a0   0x00000032   Code   RO         4882    i.clmt_clust        ff.o
    0x080071d2   0x080071d2   0x0000001a   Code   RO         4883    i.clust2sect        ff.o
    0x080071ec   0x080071ec   0x00000098   Code   RO         4884    i.cmp_lfn           ff.o
    0x08007284   0x08007284   0x000000de   Code   RO         4885    i.create_chain      ff.o
    0x08007362   0x08007362   0x00000002   PAD
    0x08007364   0x08007364   0x0000026c   Code   RO         4886    i.create_name       ff.o
    0x080075d0   0x080075d0   0x00000044   Code   RO         4887    i.dec_lock          ff.o
    0x08007614   0x08007614   0x00000060   Code   RO         4888    i.dir_alloc         ff.o
    0x08007674   0x08007674   0x000000fc   Code   RO         4889    i.dir_find          ff.o
    0x08007770   0x08007770   0x0000010c   Code   RO         4890    i.dir_next          ff.o
    0x0800787c   0x0800787c   0x00000142   Code   RO         4892    i.dir_register      ff.o
    0x080079be   0x080079be   0x0000009a   Code   RO         4894    i.dir_sdi           ff.o
    0x08007a58   0x08007a58   0x0000002c   Code   RO         4823    i.disk_initialize   diskio.o
    0x08007a84   0x08007a84   0x00000028   Code   RO         4824    i.disk_ioctl        diskio.o
    0x08007aac   0x08007aac   0x00000030   Code   RO         4825    i.disk_read         diskio.o
    0x08007adc   0x08007adc   0x0000001c   Code   RO         4826    i.disk_status       diskio.o
    0x08007af8   0x08007af8   0x00000030   Code   RO         4827    i.disk_write        diskio.o
    0x08007b28   0x08007b28   0x00000028   Code   RO         4895    i.enq_lock          ff.o
    0x08007b50   0x08007b50   0x0000002c   Code   RO         4896    i.f_close           ff.o
    0x08007b7c   0x08007b7c   0x000002b0   Code   RO         4900    i.f_lseek           ff.o
    0x08007e2c   0x08007e2c   0x00000060   Code   RO         4903    i.f_mount           ff.o
    0x08007e8c   0x08007e8c   0x0000023a   Code   RO         4904    i.f_open            ff.o
    0x080080c6   0x080080c6   0x000000a0   Code   RO         4913    i.f_sync            ff.o
    0x08008166   0x08008166   0x000001ee   Code   RO         4916    i.f_write           ff.o
    0x08008354   0x08008354   0x0000007c   Code   RO         5334    i.ff_convert        cc936.o
    0x080083d0   0x080083d0   0x000000a4   Code   RO         5335    i.ff_wtoupper       cc936.o
    0x08008474   0x08008474   0x00000300   Code   RO         4917    i.find_volume       ff.o
    0x08008774   0x08008774   0x000000a2   Code   RO         4918    i.follow_path       ff.o
    0x08008816   0x08008816   0x00000002   PAD
    0x08008818   0x08008818   0x000000cc   Code   RO         4919    i.gen_numname       ff.o
    0x080088e4   0x080088e4   0x000000e0   Code   RO         4920    i.get_fat           ff.o
    0x080089c4   0x080089c4   0x00000004   Code   RO          800    i.get_fattime       fatfs.o
    0x080089c8   0x080089c8   0x0000004a   Code   RO         4922    i.get_ldnumber      ff.o
    0x08008a12   0x08008a12   0x00000002   PAD
    0x08008a14   0x08008a14   0x0000003c   Code   RO          428    i.get_roller_stat   roller.o
    0x08008a50   0x08008a50   0x000000bc   Code   RO         4923    i.inc_lock          ff.o
    0x08008b0c   0x08008b0c   0x00000080   Code   RO           16    i.key_task          ucos_main.o
    0x08008b8c   0x08008b8c   0x00000026   Code   RO         4924    i.ld_clust          ff.o
    0x08008bb2   0x08008bb2   0x00000018   Code   RO         4925    i.ld_dword          ff.o
    0x08008bca   0x08008bca   0x0000000c   Code   RO         4926    i.ld_word           ff.o
    0x08008bd6   0x08008bd6   0x00000002   PAD
    0x08008bd8   0x08008bd8   0x0000003c   Code   RO           17    i.led1_task         ucos_main.o
    0x08008c14   0x08008c14   0x00000048   Code   RO           18    i.led2_task         ucos_main.o
    0x08008c5c   0x08008c5c   0x0000002c   Code   RO          480    i.main              main.o
    0x08008c88   0x08008c88   0x00000024   Code   RO         4927    i.mem_cmp           ff.o
    0x08008cac   0x08008cac   0x0000001a   Code   RO         4928    i.mem_cpy           ff.o
    0x08008cc6   0x08008cc6   0x00000012   Code   RO         4929    i.mem_set           ff.o
    0x08008cd8   0x08008cd8   0x00000034   Code   RO         4930    i.move_window       ff.o
    0x08008d0c   0x08008d0c   0x000000cc   Code   RO           19    i.oled_task         ucos_main.o
    0x08008dd8   0x08008dd8   0x00000138   Code   RO         4932    i.put_fat           ff.o
    0x08008f10   0x08008f10   0x00000080   Code   RO         4933    i.put_lfn           ff.o
    0x08008f90   0x08008f90   0x0000009a   Code   RO         4937    i.remove_chain      ff.o
    0x0800902a   0x0800902a   0x0000000a   Code   RO          429    i.roller_init       roller.o
    0x08009034   0x08009034   0x00000058   Code   RO           20    i.roller_task       ucos_main.o
    0x0800908c   0x0800908c   0x00000074   Code   RO          430    i.run_roller        roller.o
    0x08009100   0x08009100   0x00000070   Code   RO          431    i.show_roller       roller.o
    0x08009170   0x08009170   0x00000024   Code   RO         4938    i.st_clust          ff.o
    0x08009194   0x08009194   0x00000018   Code   RO         4939    i.st_dword          ff.o
    0x080091ac   0x080091ac   0x0000000c   Code   RO         4940    i.st_word           ff.o
    0x080091b8   0x080091b8   0x000000a8   Code   RO           21    i.start_task        ucos_main.o
    0x08009260   0x08009260   0x00000020   Code   RO         4941    i.sum_sfn           ff.o
    0x08009280   0x08009280   0x00000090   Code   RO         4942    i.sync_fs           ff.o
    0x08009310   0x08009310   0x00000052   Code   RO         4943    i.sync_window       ff.o
    0x08009362   0x08009362   0x00000002   PAD
    0x08009364   0x08009364   0x00000090   Code   RO           22    i.uart_task         ucos_main.o
    0x080093f4   0x080093f4   0x0000003c   Code   RO           23    i.ucos_main         ucos_main.o
    0x08009430   0x08009430   0x0000003c   Code   RO         4944    i.validate          ff.o
    0x0800946c   0x0800946c   0x00000818   Data   RO          305    .constdata          oled.o
    0x08009c84   0x08009c84   0x00000014   Data   RO          745    .constdata          sd_diskio.o
    0x08009c98   0x08009c98   0x00000008   Data   RO         1868    .constdata          stm32f4xx_hal_dma.o
    0x08009ca0   0x08009ca0   0x00000018   Data   RO         3916    .constdata          system_stm32f4xx.o
    0x08009cb8   0x08009cb8   0x00000100   Data   RO         3981    .constdata          os_core.o
    0x08009db8   0x08009db8   0x0000002a   Data   RO         4946    .constdata          ff.o
    0x08009de2   0x08009de2   0x0002abb6   Data   RO         5336    .constdata          cc936.o
    0x08034998   0x08034998   0x00000020   Data   RO         5687    Region$$Table       anon$$obj.o


    Execution Region RW_IRAM1 (Exec base: 0x20000000, Load base: 0x080349b8, Size: 0x00006338, Max: 0x00020000, ABSOLUTE, COMPRESSED[0x0000040c])

    Exec Addr    Load Addr    Size         Type   Attr      Idx    E Section Name        Object

    0x20000000   COMPRESSED   0x00000018   Data   RW           25    .data               ucos_main.o
    0x20000018   COMPRESSED   0x00000843   Data   RW          306    .data               oled.o
    0x2000085b   COMPRESSED   0x00000001   Data   RW          746    .data               sd_diskio.o
    0x2000085c   COMPRESSED   0x00000005   Data   RW          802    .data               fatfs.o
    0x20000861   COMPRESSED   0x00000003   PAD
    0x20000864   COMPRESSED   0x00000009   Data   RW         2300    .data               stm32f4xx_hal.o
    0x2000086d   COMPRESSED   0x00000003   PAD
    0x20000870   COMPRESSED   0x00000004   Data   RW         3917    .data               system_stm32f4xx.o
    0x20000874   COMPRESSED   0x00000048   Data   RW         3982    .data               os_core.o
    0x200008bc   COMPRESSED   0x0000000a   Data   RW         4947    .data               ff.o
    0x200008c6   COMPRESSED   0x00000002   PAD
    0x200008c8        -       0x00003e00   Zero   RW           24    .bss                ucos_main.o
    0x200046c8        -       0x000000a8   Zero   RW          555    .bss                adc.o
    0x20004770        -       0x00000054   Zero   RW          839    .bss                i2c.o
    0x200047c4        -       0x00000084   Zero   RW          881    .bss                sdio.o
    0x20004848        -       0x00000040   Zero   RW          923    .bss                usart.o
    0x20004888        -       0x00000a80   Zero   RW         3980    .bss                os_core.o
    0x20005308        -       0x00000020   Zero   RW         4945    .bss                ff.o
    0x20005328        -       0x00000010   Zero   RW         5264    .bss                ff_gen_drv.o
    0x20005338        -       0x00001000   Zero   RW            1    STACK               startup_stm32f407xx.o


==============================================================================

Image component sizes


      Code (inc. data)   RO Data    RW Data    ZI Data      Debug   Object Name

       308         36          0          0        168       1847   adc.o
       232         26          0          0          0       7371   bsp_driver_sd.o
       288         26     175030          0          0       2479   cc936.o
       208         24          0          0          0       4021   diskio.o
        56          4          0          0          0        786   dma.o
        32         12          0          5          0       1556   fatfs.o
      7440         98         42         10         32      45355   ff.o
       102          6          0          0         16       1743   ff_gen_drv.o
       288         14          0          0          0       1103   gpio.o
       196         26          0          0         84       1709   i2c.o
       230         10          0          0          0       4468   main.o
       880         38       2072       2115          0      15358   oled.o
      2106        384        256         72       2688      22369   os_core.o
       200         36          0          0          0        352   os_cpu_a.o
       232          4          0          0          0      14494   os_cpu_c.o
       124         14          0          0          0       1310   os_flag.o
       454         22          0          0          0       3524   os_mbox.o
        80          8          0          0          0        619   os_q.o
       400         22          0          0          0       2618   os_sem.o
      1154        116          0          0          0       7240   os_task.o
       216         30          0          0          0       1508   os_time.o
       332         28          0          0          0       3731   roller.o
       288         16         20          1          0       4660   sd_diskio.o
       252         26          0          0        132       1753   sdio.o
        36          8        392          0       4096        860   startup_stm32f407xx.o
       212         36          0          9          0       9569   stm32f4xx_hal.o
      1520         64          0          0          0       8372   stm32f4xx_hal_adc.o
       304         22          0          0          0      34611   stm32f4xx_hal_cortex.o
      1434         16          8          0          0       7226   stm32f4xx_hal_dma.o
       558         46          0          0          0       3716   stm32f4xx_hal_gpio.o
      1616         30          0          0          0       8423   stm32f4xx_hal_i2c.o
        72          4          0          0          0        874   stm32f4xx_hal_msp.o
      1800         84          0          0          0       5768   stm32f4xx_hal_rcc.o
      4060         40          0          0          0      18483   stm32f4xx_hal_sd.o
      1900         12          0          0          0       8356   stm32f4xx_hal_uart.o
        90         18          0          0          0       5397   stm32f4xx_it.o
      2110         46          0          0          0      25103   stm32f4xx_ll_sdmmc.o
         0          0          0          0          0        564   syscall.o
        28          4         24          4          0       1199   system_stm32f4xx.o
      1368        250          0         24      15872     721934   ucos_main.o
       208         22          0          0         64       1754   usart.o

    ----------------------------------------------------------------------
     33482       1728     177876       2248      23152    1014183   Object Totals
         0          0         32          0          0          0   (incl. Generated)
        68          0          0          8          0          0   (incl. Padding)

    ----------------------------------------------------------------------

      Code (inc. data)   RO Data    RW Data    ZI Data      Debug   Library Member Name

        86          0          0          0          0          0   __dczerorl2.o
         0          0          0          0          0          0   entry.o
         0          0          0          0          0          0   entry10a.o
         0          0          0          0          0          0   entry11a.o
         8          4          0          0          0          0   entry2.o
         4          0          0          0          0          0   entry5.o
         0          0          0          0          0          0   entry7b.o
         0          0          0          0          0          0   entry8b.o
         8          4          0          0          0          0   entry9a.o
        30          0          0          0          0          0   handlers.o
        36          8          0          0          0         68   init.o
         0          0          0          0          0          0   iusefp.o
        30          0          0          0          0         68   llshl.o
        36          0          0          0          0         68   llsshr.o
        32          0          0          0          0         68   llushr.o
        36          0          0          0          0        108   memseta.o
      2276         86          0          0          0        520   printfa.o
        14          0          0          0          0         68   strlen.o
        44          0          0          0          0         80   uidiv.o
        98          0          0          0          0         92   uldiv.o
        48          0          0          0          0         68   cdrcmple.o
        56          0          0          0          0         88   d2f.o
       334          0          0          0          0        148   dadd.o
       222          0          0          0          0        100   ddiv.o
       186          0          0          0          0        176   depilogue.o
        50          0          0          0          0         76   dfixui.o
        48          0          0          0          0         68   dfixul.o
        34          0          0          0          0         76   dflti.o
        26          0          0          0          0         76   dfltui.o
       228          0          0          0          0         96   dmul.o
        38          0          0          0          0         68   f2d.o
       110          0          0          0          0        168   fepilogue.o

    ----------------------------------------------------------------------
      4122        102          0          0          0       2348   Library Totals
         4          0          0          0          0          0   (incl. Padding)

    ----------------------------------------------------------------------

      Code (inc. data)   RO Data    RW Data    ZI Data      Debug   Library Name

      2738        102          0          0          0       1140   mc_w.l
      1380          0          0          0          0       1208   mf_w.l

    ----------------------------------------------------------------------
      4122        102          0          0          0       2348   Library Totals

    ----------------------------------------------------------------------

==============================================================================


      Code (inc. data)   RO Data    RW Data    ZI Data      Debug   

     37604       1830     177876       2248      23152     987219   Grand Totals
     37604       1830     177876       1036      23152     987219   ELF Image Totals (compressed)
     37604       1830     177876       1036          0          0   ROM Totals

==============================================================================

    Total RO  Size (Code + RO Data)               215480 ( 210.43kB)
    Total RW  Size (RW Data + ZI Data)             25400 (  24.80kB)
    Total ROM Size (Code + RO Data + RW Data)     216516 ( 211.44kB)

==============================================================================

