Component: ARM Compiler 5.06 update 6 (build 750) Tool: armlink [4d35ed]

==============================================================================

Section Cross References

    startup_stm32f407xx.o(RESET) refers to startup_stm32f407xx.o(STACK) for __initial_sp
    startup_stm32f407xx.o(RESET) refers to startup_stm32f407xx.o(.text) for Reset_Handler
    startup_stm32f407xx.o(RESET) refers to stm32f4xx_it.o(i.NMI_Handler) for NMI_Handler
    startup_stm32f407xx.o(RESET) refers to stm32f4xx_it.o(i.HardFault_Handler) for HardFault_Handler
    startup_stm32f407xx.o(RESET) refers to stm32f4xx_it.o(i.MemManage_Handler) for MemManage_Handler
    startup_stm32f407xx.o(RESET) refers to stm32f4xx_it.o(i.BusFault_Handler) for BusFault_Handler
    startup_stm32f407xx.o(RESET) refers to stm32f4xx_it.o(i.UsageFault_Handler) for UsageFault_Handler
    startup_stm32f407xx.o(RESET) refers to stm32f4xx_it.o(i.SVC_Handler) for SVC_Handler
    startup_stm32f407xx.o(RESET) refers to stm32f4xx_it.o(i.DebugMon_Handler) for DebugMon_Handler
    startup_stm32f407xx.o(RESET) refers to os_cpu_a.o(.text) for PendSV_Handler
    startup_stm32f407xx.o(RESET) refers to stm32f4xx_it.o(i.SysTick_Handler) for SysTick_Handler
    startup_stm32f407xx.o(RESET) refers to stm32f4xx_it.o(i.SDIO_IRQHandler) for SDIO_IRQHandler
    startup_stm32f407xx.o(RESET) refers to stm32f4xx_it.o(i.DMA2_Stream0_IRQHandler) for DMA2_Stream0_IRQHandler
    startup_stm32f407xx.o(.text) refers to system_stm32f4xx.o(i.SystemInit) for SystemInit
    startup_stm32f407xx.o(.text) refers to entry.o(.ARM.Collect$$$$00000000) for __main
    ucos_main.o(i.AD_task) refers to os_mbox.o(i.OSMboxCreate) for OSMboxCreate
    ucos_main.o(i.AD_task) refers to stm32f4xx_hal_adc.o(i.HAL_ADC_Stop_DMA) for HAL_ADC_Stop_DMA
    ucos_main.o(i.AD_task) refers to stm32f4xx_hal_adc.o(i.HAL_ADC_Start_DMA) for HAL_ADC_Start_DMA
    ucos_main.o(i.AD_task) refers to os_mbox.o(i.OSMboxPost) for OSMboxPost
    ucos_main.o(i.AD_task) refers to os_time.o(i.OSTimeDlyHMSM) for OSTimeDlyHMSM
    ucos_main.o(i.AD_task) refers to ucos_main.o(.data) for ad_box
    ucos_main.o(i.AD_task) refers to adc.o(.bss) for hadc1
    ucos_main.o(i.SD_task) refers to oled.o(i.OLED_Init) for OLED_Init
    ucos_main.o(i.SD_task) refers to ff.o(i.f_mount) for f_mount
    ucos_main.o(i.SD_task) refers to os_sem.o(i.OSSemPend) for OSSemPend
    ucos_main.o(i.SD_task) refers to os_mbox.o(i.OSMboxAccept) for OSMboxAccept
    ucos_main.o(i.SD_task) refers to ff.o(i.f_open) for f_open
    ucos_main.o(i.SD_task) refers to ff.o(i.f_close) for f_close
    ucos_main.o(i.SD_task) refers to stm32f4xx_hal_gpio.o(i.HAL_GPIO_WritePin) for HAL_GPIO_WritePin
    ucos_main.o(i.SD_task) refers to os_time.o(i.OSTimeDlyHMSM) for OSTimeDlyHMSM
    ucos_main.o(i.SD_task) refers to ff.o(i.f_lseek) for f_lseek
    ucos_main.o(i.SD_task) refers to f2d.o(.text) for __aeabi_f2d
    ucos_main.o(i.SD_task) refers to printfa.o(i.__0sprintf) for __2sprintf
    ucos_main.o(i.SD_task) refers to oled.o(i.OLED_ShowStr) for OLED_ShowStr
    ucos_main.o(i.SD_task) refers to strlen.o(.text) for strlen
    ucos_main.o(i.SD_task) refers to ff.o(i.f_write) for f_write
    ucos_main.o(i.SD_task) refers to os_task.o(i.OSTaskCreate) for OSTaskCreate
    ucos_main.o(i.SD_task) refers to ff.o(i.f_sync) for f_sync
    ucos_main.o(i.SD_task) refers to fatfs.o(.data) for SDPath
    ucos_main.o(i.SD_task) refers to ucos_main.o(.data) for key_sd_sem
    ucos_main.o(i.SD_task) refers to ucos_main.o(.bss) for LED2_TASK_STK
    ucos_main.o(i.SD_task) refers to ucos_main.o(i.led2_task) for led2_task
    ucos_main.o(i.key_task) refers to os_sem.o(i.OSSemCreate) for OSSemCreate
    ucos_main.o(i.key_task) refers to stm32f4xx_hal_gpio.o(i.HAL_GPIO_ReadPin) for HAL_GPIO_ReadPin
    ucos_main.o(i.key_task) refers to os_time.o(i.OSTimeDlyHMSM) for OSTimeDlyHMSM
    ucos_main.o(i.key_task) refers to os_sem.o(i.OSSemPost) for OSSemPost
    ucos_main.o(i.key_task) refers to stm32f4xx_hal_gpio.o(i.HAL_GPIO_TogglePin) for HAL_GPIO_TogglePin
    ucos_main.o(i.key_task) refers to ucos_main.o(.data) for key_sd_sem
    ucos_main.o(i.led1_task) refers to stm32f4xx_hal_gpio.o(i.HAL_GPIO_WritePin) for HAL_GPIO_WritePin
    ucos_main.o(i.led1_task) refers to os_time.o(i.OSTimeDlyHMSM) for OSTimeDlyHMSM
    ucos_main.o(i.led2_task) refers to stm32f4xx_hal_gpio.o(i.HAL_GPIO_WritePin) for HAL_GPIO_WritePin
    ucos_main.o(i.led2_task) refers to stm32f4xx_hal_gpio.o(i.HAL_GPIO_TogglePin) for HAL_GPIO_TogglePin
    ucos_main.o(i.led2_task) refers to os_time.o(i.OSTimeDlyHMSM) for OSTimeDlyHMSM
    ucos_main.o(i.led2_task) refers to os_task.o(i.OSTaskDel) for OSTaskDel
    ucos_main.o(i.oled_task) refers to memseta.o(.text) for __aeabi_memclr4
    ucos_main.o(i.oled_task) refers to oled.o(i.OLED_Init) for OLED_Init
    ucos_main.o(i.oled_task) refers to os_mbox.o(i.OSMboxAccept) for OSMboxAccept
    ucos_main.o(i.oled_task) refers to roller.o(i.show_roller) for show_roller
[...]
    .constdata                               0x08009218   Section       24  system_stm32f4xx.o(.constdata)
    .constdata                               0x08009230   Section      256  os_core.o(.constdata)
    .constdata                               0x08009330   Section       42  ff.o(.constdata)
    LfnOfs                                   0x08009330   Data          13  ff.o(.constdata)
    cst                                      0x0800933e   Data          14  ff.o(.constdata)
    cst32                                    0x0800934c   Data          14  ff.o(.constdata)
    .constdata                               0x0800935a   Section    175030  cc936.o(.constdata)
    uni2oem                                  0x0800935a   Data       87172  cc936.o(.constdata)
    oem2uni                                  0x0801e7de   Data       87172  cc936.o(.constdata)
    cvt1                                     0x08033c62   Data         498  cc936.o(.constdata)
    cvt2                                     0x08033e54   Data         188  cc936.o(.constdata)
    .data                                    0x20000000   Section       16  ucos_main.o(.data)
    .data                                    0x20000010   Section     2115  oled.o(.data)
    sum_volt                                 0x20000850   Data           2  oled.o(.data)
    cnt                                      0x20000852   Data           1  oled.o(.data)
    .data                                    0x20000853   Section        1  sd_diskio.o(.data)
    Stat                                     0x20000853   Data           1  sd_diskio.o(.data)
    .data                                    0x20000854   Section        5  fatfs.o(.data)
    .data                                    0x2000085c   Section        9  stm32f4xx_hal.o(.data)
    .data                                    0x20000868   Section        4  system_stm32f4xx.o(.data)
    .data                                    0x2000086c   Section       72  os_core.o(.data)
    .data                                    0x200008b4   Section       10  ff.o(.data)
    FatFs                                    0x200008b4   Data           8  ff.o(.data)
    Fsid                                     0x200008bc   Data           2  ff.o(.data)
    .bss                                     0x200008c0   Section    15360  ucos_main.o(.bss)
    roller_TASK_STK                          0x200020c0   Data        4096  ucos_main.o(.bss)
    .bss                                     0x200044c0   Section      168  adc.o(.bss)
    .bss                                     0x20004568   Section       84  i2c.o(.bss)
    .bss                                     0x200045bc   Section      132  sdio.o(.bss)
    .bss                                     0x20004640   Section     2688  os_core.o(.bss)
    .bss                                     0x200050c0   Section       32  ff.o(.bss)
    Files                                    0x200050c0   Data          32  ff.o(.bss)
    .bss                                     0x200050e0   Section       16  ff_gen_drv.o(.bss)
    STACK                                    0x200050f0   Section     4096  startup_stm32f407xx.o(STACK)

    Global Symbols

    Symbol Name                              Value     Ov Type        Size  Object(Section)

    BuildAttributes$$THM_ISAv4$E$P$D$K$B$S$7EM$VFPi3$EXTD16$VFPS$VFMA$PE$A:L22UL41UL21$X:L11$S22US41US21$IEEE1$IW$USESV6$~STKCKD$USESV7$~SHL$OTIME$ROPI$EBA8$MICROLIB$REQ8$PRES8$EABIv2 0x00000000   Number         0  anon$$obj.o ABSOLUTE
    __ARM_use_no_argv                        0x00000000   Number         0  main.o ABSOLUTE
    _printf_a                                0x00000000   Number         0  stubs.o ABSOLUTE
    _printf_c                                0x00000000   Number         0  stubs.o ABSOLUTE
    _printf_charcount                        0x00000000   Number         0  stubs.o ABSOLUTE
    _printf_d                                0x00000000   Number         0  stubs.o ABSOLUTE
    _printf_e                                0x00000000   Number         0  stubs.o ABSOLUTE
    _printf_f                                0x00000000   Number         0  stubs.o ABSOLUTE
    _printf_flags                            0x00000000   Number         0  stubs.o ABSOLUTE
    _printf_fp_dec                           0x00000000   Number         0  stubs.o ABSOLUTE
    _printf_fp_hex                           0x00000000   Number         0  stubs.o ABSOLUTE
    _printf_g                                0x00000000   Number         0  stubs.o ABSOLUTE
    _printf_i                                0x00000000   Number         0  stubs.o ABSOLUTE
    _printf_int_dec                          0x00000000   Number         0  stubs.o ABSOLUTE
    _printf_l                                0x00000000   Number         0  stubs.o ABSOLUTE
    _printf_lc                               0x00000000   Number         0  stubs.o ABSOLUTE
    _printf_ll                               0x00000000   Number         0  stubs.o ABSOLUTE
    _printf_lld                              0x00000000   Number         0  stubs.o ABSOLUTE
    _printf_lli                              0x00000000   Number         0  stubs.o ABSOLUTE
    _printf_llo                              0x00000000   Number         0  stubs.o ABSOLUTE
    _printf_llu                              0x00000000   Number         0  stubs.o ABSOLUTE
    _printf_llx                              0x00000000   Number         0  stubs.o ABSOLUTE
    _printf_longlong_dec                     0x00000000   Number         0  stubs.o ABSOLUTE
    _printf_longlong_hex                     0x00000000   Number         0  stubs.o ABSOLUTE
    _printf_longlong_oct                     0x00000000   Number         0  stubs.o ABSOLUTE
    _printf_ls                               0x00000000   Number         0  stubs.o ABSOLUTE
    _printf_mbtowc                           0x00000000   Number         0  stubs.o ABSOLUTE
    _printf_n                                0x00000000   Number         0  stubs.o ABSOLUTE
    _printf_o                                0x00000000   Number         0  stubs.o ABSOLUTE
    _printf_p                                0x00000000   Number         0  stubs.o ABSOLUTE
    _printf_percent                          0x00000000   Number         0  stubs.o ABSOLUTE
    _printf_pre_padding                      0x00000000   Number         0  stubs.o ABSOLUTE
    _printf_return_value                     0x00000000   Number         0  stubs.o ABSOLUTE
    _printf_s                                0x00000000   Number         0  stubs.o ABSOLUTE
    _printf_sizespec                         0x00000000   Number         0  stubs.o ABSOLUTE
    _printf_str                              0x00000000   Number         0  stubs.o ABSOLUTE
    _printf_truncate_signed                  0x00000000   Number         0  stubs.o ABSOLUTE
    _printf_truncate_unsigned                0x00000000   Number         0  stubs.o ABSOLUTE
    _printf_u                                0x00000000   Number         0  stubs.o ABSOLUTE
    _printf_wc                               0x00000000   Number         0  stubs.o ABSOLUTE
    _printf_wctomb                           0x00000000   Number         0  stubs.o ABSOLUTE
    _printf_widthprec                        0x00000000   Number         0  stubs.o ABSOLUTE
    _printf_x                                0x00000000   Number         0  stubs.o ABSOLUTE
    __cpp_initialize__aeabi_                  - Undefined Weak Reference
    __cxa_finalize                            - Undefined Weak Reference
    _clock_init                               - Undefined Weak Reference
    _microlib_exit                            - Undefined Weak Reference
    __Vectors_Size                           0x00000188   Number         0  startup_stm32f407xx.o ABSOLUTE
    __Vectors                                0x08000000   Data           4  startup_stm32f407xx.o(RESET)
    __Vectors_End                            0x08000188   Data           0  startup_stm32f407xx.o(RESET)
    __main                                   0x08000189   Thumb Code     0  entry.o(.ARM.Collect$$$$00000000)
    _main_stk                                0x08000189   Thumb Code     0  entry2.o(.ARM.Collect$$$$00000001)
    _main_scatterload                        0x0800018d   Thumb Code     0  entry5.o(.ARM.Collect$$$$00000004)
    __main_after_scatterload                 0x08000191   Thumb Code     0  entry5.o(.ARM.Collect$$$$00000004)
    _main_clock                              0x08000191   Thumb Code     0  entry7b.o(.ARM.Collect$$$$00000008)
    _main_cpp_init                           0x08000191   Thumb Code     0  entry8b.o(.ARM.Collect$$$$0000000A)
    _main_init                               0x08000191   Thumb Code     0  entry9a.o(.ARM.Collect$$$$0000000B)
    __rt_final_cpp                           0x08000199   Thumb Code     0  entry10a.o(.ARM.Collect$$$$0000000D)
    __rt_final_exit                          0x08000199   Thumb Code     0  entry11a.o(.ARM.Collect$$$$0000000F)
    Reset_Handler                            0x0800019d   Thumb Code     8  startup_stm32f407xx.o(.text)
    ADC_IRQHandler                           0x080001b7   Thumb Code     0  startup_stm32f407xx.o(.text)
    CAN1_RX0_IRQHandler                      0x080001b7   Thumb Code     0  startup_stm32f407xx.o(.text)
    CAN1_RX1_IRQHandler                      0x080001b7   Thumb Code     0  startup_stm32f407xx.o(.text)
    CAN1_SCE_IRQHandler                      0x080001b7   Thumb Code     0  startup_stm32f407xx.o(.text)
    CAN1_TX_IRQHandler                       0x080001b7   Thumb Code     0  startup_stm32f407xx.o(.text)
    CAN2_RX0_IRQHandler                      0x080001b7   Thumb Code     0  startup_stm32f407xx.o(.text)
    CAN2_RX1_IRQHandler                      0x080001b7   Thumb Code     0  startup_stm32f407xx.o(.text)
    CAN2_SCE_IRQHandler                      0x080001b7   Thumb Code     0  startup_stm32f407xx.o(.text)
    CAN2_TX_IRQHandler                       0x080001b7   Thumb Code     0  startup_stm32f407xx.o(.text)
    DCMI_IRQHandler                          0x080001b7   Thumb Code     0  startup_stm32f407xx.o(.text)
    DMA1_Stream0_IRQHandler                  0x080001b7   Thumb Code     0  startup_stm32f407xx.o(.text)
    DMA1_Stream1_IRQHandler                  0x080001b7   Thumb Code     0  startup_stm32f407xx.o(.text)
    DMA1_Stream2_IRQHandler                  0x080001b7   Thumb Code     0  startup_stm32f407xx.o(.text)
    DMA1_Stream3_IRQHandler                  0x080001b7   Thumb Code     0  startup_stm32f407xx.o(.text)
    DMA1_Stream4_IRQHandler                  0x080001b7   Thumb Code     0  startup_stm32f407xx.o(.text)
    DMA1_Stream5_IRQHandler                  0x080001b7   Thumb Code     0  startup_stm32f407xx.o(.text)
    DMA1_Stream6_IRQHandler                  0x080001b7   Thumb Code     0  startup_stm32f407xx.o(.text)
    DMA1_Stream7_IRQHandler                  0x080001b7   Thumb Code     0  startup_stm32f407xx.o(.text)
    DMA2_Stream1_IRQHandler                  0x080001b7   Thumb Code     0  startup_stm32f407xx.o(.text)
    DMA2_Stream2_IRQHandler                  0x080001b7   Thumb Code     0  startup_stm32f407xx.o(.text)
    DMA2_Stream3_IRQHandler                  0x080001b7   Thumb Code     0  startup_stm32f407xx.o(.text)
    DMA2_Stream4_IRQHandler                  0x080001b7   Thumb Code     0  startup_stm32f407xx.o(.text)
    DMA2_Stream5_IRQHandler                  0x080001b7   Thumb Code     0  startup_stm32f407xx.o(.text)
    DMA2_Stream6_IRQHandler                  0x080001b7   Thumb Code     0  startup_stm32f407xx.o(.text)
    DMA2_Stream7_IRQHandler                  0x080001b7   Thumb Code     0  startup_stm32f407xx.o(.text)
    ETH_IRQHandler                           0x080001b7   Thumb Code     0  startup_stm32f407xx.o(.text)
    ETH_WKUP_IRQHandler                      0x080001b7   Thumb Code     0  startup_stm32f407xx.o(.text)
    EXTI0_IRQHandler                         0x080001b7   Thumb Code     0  startup_stm32f407xx.o(.text)
    EXTI15_10_IRQHandler                     0x080001b7   Thumb Code     0  startup_stm32f407xx.o(.text)
    EXTI1_IRQHandler                         0x080001b7   Thumb Code     0  startup_stm32f407xx.o(.text)
    EXTI2_IRQHandler                         0x080001b7   Thumb Code     0  startup_stm32f407xx.o(.text)
    EXTI3_IRQHandler                         0x080001b7   Thumb Code     0  startup_stm32f407xx.o(.text)
    EXTI4_IRQHandler                         0x080001b7   Thumb Code     0  startup_stm32f407xx.o(.text)
    EXTI9_5_IRQHandler                       0x080001b7   Thumb Code     0  startup_stm32f407xx.o(.text)
    FLASH_IRQHandler                         0x080001b7   Thumb Code     0  startup_stm32f407xx.o(.text)
    FMC_IRQHandler                           0x080001b7   Thumb Code     0  startup_stm32f407xx.o(.text)
    FPU_IRQHandler                           0x080001b7   Thumb Code     0  startup_stm32f407xx.o(.text)
    HASH_RNG_IRQHandler                      0x080001b7   Thumb Code     0  startup_stm32f407xx.o(.text)
    I2C1_ER_IRQHandler                       0x080001b7   Thumb Code     0  startup_stm32f407xx.o(.text)
    I2C1_EV_IRQHandler                       0x080001b7   Thumb Code     0  startup_stm32f407xx.o(.text)
    I2C2_ER_IRQHandler                       0x080001b7   Thumb Code     0  startup_stm32f407xx.o(.text)
    I2C2_EV_IRQHandler                       0x080001b7   Thumb Code     0  startup_stm32f407xx.o(.text)
    I2C3_ER_IRQHandler                       0x080001b7   Thumb Code     0  startup_stm32f407xx.o(.text)
    I2C3_EV_IRQHandler                       0x080001b7   Thumb Code     0  startup_stm32f407xx.o(.text)
    OTG_FS_IRQHandler                        0x080001b7   Thumb Code     0  startup_stm32f407xx.o(.text)
    OTG_FS_WKUP_IRQHandler                   0x080001b7   Thumb Code     0  startup_stm32f407xx.o(.text)
    OTG_HS_EP1_IN_IRQHandler                 0x080001b7   Thumb Code     0  startup_stm32f407xx.o(.text)
    OTG_HS_EP1_OUT_IRQHandler                0x080001b7   Thumb Code     0  startup_stm32f407xx.o(.text)
    OTG_HS_IRQHandler                        0x080001b7   Thumb Code     0  startup_stm32f407xx.o(.text)
    OTG_HS_WKUP_IRQHandler                   0x080001b7   Thumb Code     0  startup_stm32f407xx.o(.text)
    PVD_IRQHandler                           0x080001b7   Thumb Code     0  startup_stm32f407xx.o(.text)
    RCC_IRQHandler                           0x080001b7   Thumb Code     0  startup_stm32f407xx.o(.text)
    RTC_Alarm_IRQHandler                     0x080001b7   Thumb Code     0  startup_stm32f407xx.o(.text)
    RTC_WKUP_IRQHandler                      0x080001b7   Thumb Code     0  startup_stm32f407xx.o(.text)
    SPI1_IRQHandler                          0x080001b7   Thumb Code     0  startup_stm32f407xx.o(.text)
    SPI2_IRQHandler                          0x080001b7   Thumb Code     0  startup_stm32f407xx.o(.text)
    SPI3_IRQHandler                          0x080001b7   Thumb Code     0  startup_stm32f407xx.o(.text)
    TAMP_STAMP_IRQHandler                    0x080001b7   Thumb Code     0  startup_stm32f407xx.o(.text)
    TIM1_BRK_TIM9_IRQHandler                 0x080001b7   Thumb Code     0  startup_stm32f407xx.o(.text)
    TIM1_CC_IRQHandler                       0x080001b7   Thumb Code     0  startup_stm32f407xx.o(.text)
    TIM1_TRG_COM_TIM11_IRQHandler            0x080001b7   Thumb Code     0  startup_stm32f407xx.o(.text)
    TIM1_UP_TIM10_IRQHandler                 0x080001b7   Thumb Code     0  startup_stm32f407xx.o(.text)
    TIM2_IRQHandler                          0x080001b7   Thumb Code     0  startup_stm32f407xx.o(.text)
    TIM3_IRQHandler                          0x080001b7   Thumb Code     0  startup_stm32f407xx.o(.text)
    TIM4_IRQHandler                          0x080001b7   Thumb Code     0  startup_stm32f407xx.o(.text)
    TIM5_IRQHandler                          0x080001b7   Thumb Code     0  startup_stm32f407xx.o(.text)
    TIM6_DAC_IRQHandler                      0x080001b7   Thumb Code     0  startup_stm32f407xx.o(.text)
    TIM7_IRQHandler                          0x080001b7   Thumb Code     0  startup_stm32f407xx.o(.text)
    TIM8_BRK_TIM12_IRQHandler                0x080001b7   Thumb Code     0  startup_stm32f407xx.o(.text)
    TIM8_CC_IRQHandler                       0x080001b7   Thumb Code     0  startup_stm32f407xx.o(.text)
    TIM8_TRG_COM_TIM14_IRQHandler            0x080001b7   Thumb Code     0  startup_stm32f407xx.o(.text)
    TIM8_UP_TIM13_IRQHandler                 0x080001b7   Thumb Code     0  startup_stm32f407xx.o(.text)
    UART4_IRQHandler                         0x080001b7   Thumb Code     0  startup_stm32f407xx.o(.text)
    UART5_IRQHandler                         0x080001b7   Thumb Code     0  startup_stm32f407xx.o(.text)
    USART1_IRQHandler                        0x080001b7   Thumb Code     0  startup_stm32f407xx.o(.text)
    USART2_IRQHandler                        0x080001b7   Thumb Code     0  startup_stm32f407xx.o(.text)
    USART3_IRQHandler                        0x080001b7   Thumb Code     0  startup_stm32f407xx.o(.text)
    USART6_IRQHandler                        0x080001b7   Thumb Code     0  startup_stm32f407xx.o(.text)
    WWDG_IRQHandler                          0x080001b7   Thumb Code     0  startup_stm32f407xx.o(.text)
    OS_CPU_SR_Save                           0x080001c1   Thumb Code     0  os_cpu_a.o(.text)
    OS_CPU_SR_Restore                        0x080001c9   Thumb Code     0  os_cpu_a.o(.text)
    OSStartHighRdy                           0x080001cf   Thumb Code     0  os_cpu_a.o(.text)
    OSCtxSw                                  0x080001f1   Thumb Code     0  os_cpu_a.o(.text)
    OSIntCtxSw                               0x080001ff   Thumb Code     0  os_cpu_a.o(.text)
    PendSV_Handler                           0x0800020f   Thumb Code     0  os_cpu_a.o(.text)
    __aeabi_uldivmod                         0x08000289   Thumb Code    98  uldiv.o(.text)
    __aeabi_memset                           0x080002eb   Thumb Code    14  memseta.o(.text)
    __aeabi_memset4                          0x080002eb   Thumb Code     0  memseta.o(.text)
    __aeabi_memset8                          0x080002eb   Thumb Code     0  memseta.o(.text)
    __aeabi_memclr                           0x080002f9   Thumb Code     4  memseta.o(.text)
    __aeabi_memclr4                          0x080002f9   Thumb Code     0  memseta.o(.text)
    __aeabi_memclr8                          0x080002f9   Thumb Code     0  memseta.o(.text)
    _memset$wrapper                          0x080002fd   Thumb Code    18  memseta.o(.text)
    strlen                                   0x0800030f   Thumb Code    14  strlen.o(.text)
    __aeabi_dmul                             0x0800031d   Thumb Code   228  dmul.o(.text)
    __aeabi_ddiv                             0x08000401   Thumb Code   222  ddiv.o(.text)
    __aeabi_i2d                              0x080004df   Thumb Code    34  dflti.o(.text)
    __aeabi_ui2d                             0x08000501   Thumb Code    26  dfltui.o(.text)
    __aeabi_d2uiz                            0x0800051b   Thumb Code    50  dfixui.o(.text)
    __aeabi_f2d                              0x0800054d   Thumb Code    38  f2d.o(.text)
    __aeabi_d2f                              0x08000573   Thumb Code    56  d2f.o(.text)
    __aeabi_uidiv                            0x080005ab   Thumb Code     0  uidiv.o(.text)
    __aeabi_uidivmod                         0x080005ab   Thumb Code    44  uidiv.o(.text)
    __aeabi_llsl                             0x080005d7   Thumb Code    30  llshl.o(.text)
    _ll_shift_l                              0x080005d7   Thumb Code     0  llshl.o(.text)
    __aeabi_llsr                             0x080005f5   Thumb Code    32  llushr.o(.text)
    _ll_ushift_r                             0x080005f5   Thumb Code     0  llushr.o(.text)
    __I$use$fp                               0x08000615   Thumb Code     0  iusefp.o(.text)
    _float_round                             0x08000615   Thumb Code    18  fepilogue.o(.text)
    _float_epilogue                          0x08000627   Thumb Code    92  fepilogue.o(.text)
    _double_round                            0x08000683   Thumb Code    30  depilogue.o(.text)
    _double_epilogue                         0x080006a1   Thumb Code   156  depilogue.o(.text)
    __aeabi_dadd                             0x0800073d   Thumb Code   322  dadd.o(.text)
    __aeabi_dsub                             0x0800087f   Thumb Code     6  dadd.o(.text)
    __aeabi_drsub                            0x08000885   Thumb Code     6  dadd.o(.text)
    __aeabi_d2ulz                            0x0800088b   Thumb Code    48  dfixul.o(.text)
    __aeabi_cdrcmple                         0x080008bd   Thumb Code    48  cdrcmple.o(.text)
    __scatterload                            0x080008ed   Thumb Code    28  init.o(.text)
    __scatterload_rt2                        0x080008ed   Thumb Code     0  init.o(.text)
    __aeabi_lasr                             0x08000911   Thumb Code    36  llsshr.o(.text)
    _ll_sshift_r                             0x08000911   Thumb Code     0  llsshr.o(.text)
    __decompress                             0x08000935   Thumb Code     0  __dczerorl2.o(.text)
    __decompress1                            0x08000935   Thumb Code    86  __dczerorl2.o(.text)
    AD_task                                  0x08000b91   Thumb Code    56  ucos_main.o(i.AD_task)
    BSP_SD_AbortCallback                     0x08000bdd   Thumb Code     2  bsp_driver_sd.o(i.BSP_SD_AbortCallback)
    BSP_SD_GetCardInfo                       0x08000be1   Thumb Code    14  bsp_driver_sd.o(i.BSP_SD_GetCardInfo)
    BSP_SD_GetCardState                      0x08000bf5   Thumb Code    20  bsp_driver_sd.o(i.BSP_SD_GetCardState)
    BSP_SD_Init                              0x08000c0d   Thumb Code    44  bsp_driver_sd.o(i.BSP_SD_Init)
    BSP_SD_IsDetected                        0x08000c3d   Thumb Code    12  bsp_driver_sd.o(i.BSP_SD_IsDetected)
    BSP_SD_ReadBlocks                        0x08000c49   Thumb Code    42  bsp_driver_sd.o(i.BSP_SD_ReadBlocks)
    BSP_SD_ReadCpltCallback                  0x08000c79   Thumb Code     2  bsp_driver_sd.o(i.BSP_SD_ReadCpltCallback)
    BSP_SD_WriteBlocks                       0x08000c7d   Thumb Code    42  bsp_driver_sd.o(i.BSP_SD_WriteBlocks)
    BSP_SD_WriteCpltCallback                 0x08000cad   Thumb Code     2  bsp_driver_sd.o(i.BSP_SD_WriteCpltCallback)
    BusFault_Handler                         0x08000caf   Thumb Code     4  stm32f4xx_it.o(i.BusFault_Handler)
    DMA2_Stream0_IRQHandler                  0x08000cb5   Thumb Code    10  stm32f4xx_it.o(i.DMA2_Stream0_IRQHandler)
    DebugMon_Handler                         0x08000dcf   Thumb Code     2  stm32f4xx_it.o(i.DebugMon_Handler)
    Error_Handler                            0x08000dd1   Thumb Code     2  main.o(i.Error_Handler)
    FATFS_LinkDriver                         0x08000dd3   Thumb Code    18  ff_gen_drv.o(i.FATFS_LinkDriver)
    FATFS_LinkDriverEx                       0x08000de5   Thumb Code    78  ff_gen_drv.o(i.FATFS_LinkDriverEx)
    HAL_ADC_ConfigChannel                    0x08000e39   Thumb Code   380  stm32f4xx_hal_adc.o(i.HAL_ADC_ConfigChannel)
    HAL_ADC_ConvCpltCallback                 0x08000fc5   Thumb Code     2  stm32f4xx_hal_adc.o(i.HAL_ADC_ConvCpltCallback)
    HAL_ADC_ConvHalfCpltCallback             0x08000fc7   Thumb Code     2  stm32f4xx_hal_adc.o(i.HAL_ADC_ConvHalfCpltCallback)
    HAL_ADC_ErrorCallback                    0x08000fc9   Thumb Code     2  stm32f4xx_hal_adc.o(i.HAL_ADC_ErrorCallback)
    HAL_ADC_Init                             0x08000fcd   Thumb Code   100  stm32f4xx_hal_adc.o(i.HAL_ADC_Init)
    HAL_ADC_MspInit                          0x08001035   Thumb Code   174  adc.o(i.HAL_ADC_MspInit)
    HAL_ADC_Start_DMA                        0x080010f9   Thumb Code   352  stm32f4xx_hal_adc.o(i.HAL_ADC_Start_DMA)
    HAL_ADC_Stop_DMA                         0x0800127d   Thumb Code   108  stm32f4xx_hal_adc.o(i.HAL_ADC_Stop_DMA)
    HAL_DMA_Abort                            0x080012e9   Thumb Code   170  stm32f4xx_hal_dma.o(i.HAL_DMA_Abort)
    HAL_DMA_Abort_IT                         0x08001393   Thumb Code    40  stm32f4xx_hal_dma.o(i.HAL_DMA_Abort_IT)
    HAL_DMA_IRQHandler                       0x080013bd   Thumb Code   570  stm32f4xx_hal_dma.o(i.HAL_DMA_IRQHandler)
    HAL_DMA_Init                             0x080015fd   Thumb Code   232  stm32f4xx_hal_dma.o(i.HAL_DMA_Init)
    HAL_DMA_Start_IT                         0x080016e9   Thumb Code   146  stm32f4xx_hal_dma.o(i.HAL_DMA_Start_IT)
    HAL_Delay                                0x0800177d   Thumb Code    36  stm32f4xx_hal.o(i.HAL_Delay)
    HAL_GPIO_Init                            0x080017a5   Thumb Code   466  stm32f4xx_hal_gpio.o(i.HAL_GPIO_Init)
    HAL_GPIO_ReadPin                         0x080019a5   Thumb Code    16  stm32f4xx_hal_gpio.o(i.HAL_GPIO_ReadPin)
    HAL_GPIO_TogglePin                       0x080019b5   Thumb Code    18  stm32f4xx_hal_gpio.o(i.HAL_GPIO_TogglePin)
    HAL_GPIO_WritePin                        0x080019c7   Thumb Code    12  stm32f4xx_hal_gpio.o(i.HAL_GPIO_WritePin)
    HAL_GetTick                              0x080019d5   Thumb Code     6  stm32f4xx_hal.o(i.HAL_GetTick)
    HAL_I2C_Init                             0x080019e1   Thumb Code   446  stm32f4xx_hal_i2c.o(i.HAL_I2C_Init)
    HAL_I2C_Mem_Write                        0x08001bb1   Thumb Code   348  stm32f4xx_hal_i2c.o(i.HAL_I2C_Mem_Write)
    HAL_I2C_MspInit                          0x08001d15   Thumb Code   122  i2c.o(i.HAL_I2C_MspInit)
    HAL_IncTick                              0x08001d9d   Thumb Code    16  stm32f4xx_hal.o(i.HAL_IncTick)
    HAL_Init                                 0x08001db5   Thumb Code    54  stm32f4xx_hal.o(i.HAL_Init)
    HAL_InitTick                             0x08001df1   Thumb Code    64  stm32f4xx_hal.o(i.HAL_InitTick)
    HAL_MspInit                              0x08001e3d   Thumb Code    68  stm32f4xx_hal_msp.o(i.HAL_MspInit)
    HAL_NVIC_EnableIRQ                       0x08001e85   Thumb Code    32  stm32f4xx_hal_cortex.o(i.HAL_NVIC_EnableIRQ)
    HAL_NVIC_SetPriority                     0x08001ea5   Thumb Code   124  stm32f4xx_hal_cortex.o(i.HAL_NVIC_SetPriority)
    HAL_NVIC_SetPriorityGrouping             0x08001f21   Thumb Code    32  stm32f4xx_hal_cortex.o(i.HAL_NVIC_SetPriorityGrouping)
    HAL_RCC_ClockConfig                      0x08001f49   Thumb Code   368  stm32f4xx_hal_rcc.o(i.HAL_RCC_ClockConfig)
    HAL_RCC_GetHCLKFreq                      0x080020cd   Thumb Code     6  stm32f4xx_hal_rcc.o(i.HAL_RCC_GetHCLKFreq)
    HAL_RCC_GetPCLK1Freq                     0x080020d9   Thumb Code    22  stm32f4xx_hal_rcc.o(i.HAL_RCC_GetPCLK1Freq)
    HAL_RCC_GetSysClockFreq                  0x080020f9   Thumb Code   162  stm32f4xx_hal_rcc.o(i.HAL_RCC_GetSysClockFreq)
    HAL_RCC_OscConfig                        0x080021a9   Thumb Code  1152  stm32f4xx_hal_rcc.o(i.HAL_RCC_OscConfig)
    HAL_SD_AbortCallback                     0x08002631   Thumb Code     8  bsp_driver_sd.o(i.HAL_SD_AbortCallback)
    HAL_SD_ConfigWideBusOperation            0x08002639   Thumb Code   164  stm32f4xx_hal_sd.o(i.HAL_SD_ConfigWideBusOperation)
    HAL_SD_ErrorCallback                     0x080026e1   Thumb Code     2  stm32f4xx_hal_sd.o(i.HAL_SD_ErrorCallback)
    HAL_SD_GetCardCSD                        0x080026e5   Thumb Code   450  stm32f4xx_hal_sd.o(i.HAL_SD_GetCardCSD)
    HAL_SD_GetCardInfo                       0x080028ad   Thumb Code    38  stm32f4xx_hal_sd.o(i.HAL_SD_GetCardInfo)
    HAL_SD_GetCardState                      0x080028d3   Thumb Code    36  stm32f4xx_hal_sd.o(i.HAL_SD_GetCardState)
    HAL_SD_IRQHandler                        0x080028f9   Thumb Code   530  stm32f4xx_hal_sd.o(i.HAL_SD_IRQHandler)
    HAL_SD_Init                              0x08002b15   Thumb Code    60  stm32f4xx_hal_sd.o(i.HAL_SD_Init)
    HAL_SD_InitCard                          0x08002b51   Thumb Code   128  stm32f4xx_hal_sd.o(i.HAL_SD_InitCard)
    HAL_SD_MspInit                           0x08002bd5   Thumb Code   198  sdio.o(i.HAL_SD_MspInit)
    HAL_SD_ReadBlocks                        0x08002cad   Thumb Code   700  stm32f4xx_hal_sd.o(i.HAL_SD_ReadBlocks)
    HAL_SD_RxCpltCallback                    0x08002f6d   Thumb Code    10  bsp_driver_sd.o(i.HAL_SD_RxCpltCallback)
    HAL_SD_TxCpltCallback                    0x08002f77   Thumb Code     8  bsp_driver_sd.o(i.HAL_SD_TxCpltCallback)
    HAL_SD_WriteBlocks                       0x08002f81   Thumb Code   590  stm32f4xx_hal_sd.o(i.HAL_SD_WriteBlocks)
    HAL_SYSTICK_Config                       0x080031d5   Thumb Code    52  stm32f4xx_hal_cortex.o(i.HAL_SYSTICK_Config)
    HardFault_Handler                        0x08003209   Thumb Code     4  stm32f4xx_it.o(i.HardFault_Handler)
    MX_ADC1_Init                             0x0800352d   Thumb Code    98  adc.o(i.MX_ADC1_Init)
    MX_DMA_Init                              0x0800359d   Thumb Code    52  dma.o(i.MX_DMA_Init)
    MX_FATFS_Init                            0x080035d5   Thumb Code    16  fatfs.o(i.MX_FATFS_Init)
    MX_GPIO_Init                             0x080035f1   Thumb Code   274  gpio.o(i.MX_GPIO_Init)
    MX_I2C1_Init                             0x08003711   Thumb Code    48  i2c.o(i.MX_I2C1_Init)
    MX_SDIO_SD_Init                          0x0800374d   Thumb Code    28  sdio.o(i.MX_SDIO_SD_Init)
    MemManage_Handler                        0x08003771   Thumb Code     4  stm32f4xx_it.o(i.MemManage_Handler)
    NMI_Handler                              0x08003775   Thumb Code     2  stm32f4xx_it.o(i.NMI_Handler)
    OLED_CLS                                 0x08003777   Thumb Code    10  oled.o(i.OLED_CLS)
    OLED_DrawBMP                             0x08003781   Thumb Code   116  oled.o(i.OLED_DrawBMP)
    OLED_Fill                                0x080037f5   Thumb Code    58  oled.o(i.OLED_Fill)
    OLED_Init                                0x0800382f   Thumb Code   176  oled.o(i.OLED_Init)
    OLED_SetPos                              0x080038df   Thumb Code    40  oled.o(i.OLED_SetPos)
    OLED_ShowBat                             0x08003909   Thumb Code   150  oled.o(i.OLED_ShowBat)
    OLED_ShowStr                             0x080039b5   Thumb Code   228  oled.o(i.OLED_ShowStr)
    OSInit                                   0x08003aa1   Thumb Code    44  os_core.o(i.OSInit)
    OSInitHookBegin                          0x08003acd   Thumb Code     2  os_cpu_c.o(i.OSInitHookBegin)
    OSInitHookEnd                            0x08003acf   Thumb Code     2  os_cpu_c.o(i.OSInitHookEnd)
    OSIntEnter                               0x08003ad1   Thumb Code    28  os_core.o(i.OSIntEnter)
    OSIntExit                                0x08003af5   Thumb Code   112  os_core.o(i.OSIntExit)
    OSMboxAccept                             0x08003b85   Thumb Code    38  os_mbox.o(i.OSMboxAccept)
    OSMboxCreate                             0x08003bad   Thumb Code    68  os_mbox.o(i.OSMboxCreate)
    OSMboxPost                               0x08003bf9   Thumb Code    80  os_mbox.o(i.OSMboxPost)
    OSSemCreate                              0x08003c49   Thumb Code    68  os_sem.o(i.OSSemCreate)
    OSSemPend                                0x08003c95   Thumb Code   222  os_sem.o(i.OSSemPend)
    OSSemPost                                0x08003d81   Thumb Code    88  os_sem.o(i.OSSemPost)
    OSStart                                  0x08003dd9   Thumb Code    48  os_core.o(i.OSStart)
    OSTCBInitHook                            0x08003e21   Thumb Code     2  os_cpu_c.o(i.OSTCBInitHook)
    OSTaskCreate                             0x08003e25   Thumb Code   148  os_task.o(i.OSTaskCreate)
    OSTaskCreateExt                          0x08003ec5   Thumb Code   170  os_task.o(i.OSTaskCreateExt)
    OSTaskCreateHook                         0x08003f7d   Thumb Code     2  os_cpu_c.o(i.OSTaskCreateHook)
    OSTaskDel                                0x08003f81   Thumb Code   294  os_task.o(i.OSTaskDel)
    OSTaskDelHook                            0x080040d5   Thumb Code     2  os_cpu_c.o(i.OSTaskDelHook)
    OSTaskIdleHook                           0x080040d7   Thumb Code     2  os_cpu_c.o(i.OSTaskIdleHook)
    OSTaskNameSet                            0x080040d9   Thumb Code    98  os_task.o(i.OSTaskNameSet)
    OSTaskReturnHook                         0x08004149   Thumb Code     2  os_cpu_c.o(i.OSTaskReturnHook)
    OSTaskStatHook                           0x0800414b   Thumb Code     2  os_cpu_c.o(i.OSTaskStatHook)
    OSTaskStkChk                             0x0800414d   Thumb Code   132  os_task.o(i.OSTaskStkChk)
    OSTaskStkInit                            0x080041d9   Thumb Code   208  os_cpu_c.o(i.OSTaskStkInit)
    OSTaskSuspend                            0x080042ad   Thumb Code   152  os_task.o(i.OSTaskSuspend)
    OSTaskSwHook                             0x08004355   Thumb Code     2  os_cpu_c.o(i.OSTaskSwHook)
    OSTimeDly                                0x08004359   Thumb Code   100  os_time.o(i.OSTimeDly)
    OSTimeDlyHMSM                            0x080043d1   Thumb Code    86  os_time.o(i.OSTimeDlyHMSM)
    OSTimeTick                               0x08004431   Thumb Code   210  os_core.o(i.OSTimeTick)
    OSTimeTickHook                           0x0800451d   Thumb Code     2  os_cpu_c.o(i.OSTimeTickHook)
    OS_Dummy                                 0x0800451f   Thumb Code     2  os_core.o(i.OS_Dummy)
    OS_EventTaskRdy                          0x08004521   Thumb Code   114  os_core.o(i.OS_EventTaskRdy)
    OS_EventTaskRemove                       0x080045a5   Thumb Code    42  os_core.o(i.OS_EventTaskRemove)
    OS_EventTaskWait                         0x080045d1   Thumb Code   112  os_core.o(i.OS_EventTaskWait)
    OS_EventWaitListInit                     0x0800464d   Thumb Code    28  os_core.o(i.OS_EventWaitListInit)
    OS_FlagInit                              0x08004669   Thumb Code    74  os_flag.o(i.OS_FlagInit)
    OS_FlagUnlink                            0x080046c1   Thumb Code    36  os_flag.o(i.OS_FlagUnlink)
    OS_MemClr                                0x080048f1   Thumb Code    18  os_core.o(i.OS_MemClr)
    OS_QInit                                 0x08004905   Thumb Code    72  os_q.o(i.OS_QInit)
    OS_Sched                                 0x08004955   Thumb Code    88  os_core.o(i.OS_Sched)
    OS_TCBInit                               0x080049f5   Thumb Code   278  os_core.o(i.OS_TCBInit)
    OS_TaskIdle                              0x08004b29   Thumb Code    34  os_core.o(i.OS_TaskIdle)
    OS_TaskReturn                            0x08004b51   Thumb Code    18  os_task.o(i.OS_TaskReturn)
    OS_TaskStat                              0x08004b69   Thumb Code   116  os_core.o(i.OS_TaskStat)
    OS_TaskStatStkChk                        0x08004bf1   Thumb Code    54  os_core.o(i.OS_TaskStatStkChk)
    OS_TaskStkClr                            0x08004c2d   Thumb Code    26  os_task.o(i.OS_TaskStkClr)
    SDIO_ConfigData                          0x08004c47   Thumb Code    44  stm32f4xx_ll_sdmmc.o(i.SDIO_ConfigData)
    SDIO_GetCommandResponse                  0x08004c73   Thumb Code     8  stm32f4xx_ll_sdmmc.o(i.SDIO_GetCommandResponse)
    SDIO_GetPowerState                       0x08004c7b   Thumb Code    10  stm32f4xx_ll_sdmmc.o(i.SDIO_GetPowerState)
    SDIO_GetResponse                         0x08004c85   Thumb Code    12  stm32f4xx_ll_sdmmc.o(i.SDIO_GetResponse)
    SDIO_IRQHandler                          0x08004c91   Thumb Code    10  stm32f4xx_it.o(i.SDIO_IRQHandler)
    SDIO_Init                                0x08004ca1   Thumb Code    52  stm32f4xx_ll_sdmmc.o(i.SDIO_Init)
    SDIO_PowerState_ON                       0x08004cd5   Thumb Code    18  stm32f4xx_ll_sdmmc.o(i.SDIO_PowerState_ON)
    SDIO_ReadFIFO                            0x08004ce7   Thumb Code     8  stm32f4xx_ll_sdmmc.o(i.SDIO_ReadFIFO)
    SDIO_SendCommand                         0x08004cef   Thumb Code    40  stm32f4xx_ll_sdmmc.o(i.SDIO_SendCommand)
    SDIO_WriteFIFO                           0x08004d17   Thumb Code    12  stm32f4xx_ll_sdmmc.o(i.SDIO_WriteFIFO)
    SDMMC_CmdAppCommand                      0x08004d23   Thumb Code    56  stm32f4xx_ll_sdmmc.o(i.SDMMC_CmdAppCommand)
    SDMMC_CmdAppOperCommand                  0x08004d5d   Thumb Code    54  stm32f4xx_ll_sdmmc.o(i.SDMMC_CmdAppOperCommand)
    SDMMC_CmdBlockLength                     0x08004d99   Thumb Code    56  stm32f4xx_ll_sdmmc.o(i.SDMMC_CmdBlockLength)
    SDMMC_CmdBusWidth                        0x08004dd1   Thumb Code    56  stm32f4xx_ll_sdmmc.o(i.SDMMC_CmdBusWidth)
    SDMMC_CmdGoIdleState                     0x08004e09   Thumb Code    44  stm32f4xx_ll_sdmmc.o(i.SDMMC_CmdGoIdleState)
    SDMMC_CmdOperCond                        0x08004e35   Thumb Code    52  stm32f4xx_ll_sdmmc.o(i.SDMMC_CmdOperCond)
    SDMMC_CmdReadMultiBlock                  0x08004e69   Thumb Code    56  stm32f4xx_ll_sdmmc.o(i.SDMMC_CmdReadMultiBlock)
    SDMMC_CmdReadSingleBlock                 0x08004ea1   Thumb Code    56  stm32f4xx_ll_sdmmc.o(i.SDMMC_CmdReadSingleBlock)
    SDMMC_CmdSelDesel                        0x08004ed9   Thumb Code    58  stm32f4xx_ll_sdmmc.o(i.SDMMC_CmdSelDesel)
    SDMMC_CmdSendCID                         0x08004f13   Thumb Code    50  stm32f4xx_ll_sdmmc.o(i.SDMMC_CmdSendCID)
    SDMMC_CmdSendCSD                         0x08004f45   Thumb Code    50  stm32f4xx_ll_sdmmc.o(i.SDMMC_CmdSendCSD)
    SDMMC_CmdSendSCR                         0x08004f77   Thumb Code    56  stm32f4xx_ll_sdmmc.o(i.SDMMC_CmdSendSCR)
    SDMMC_CmdSendStatus                      0x08004faf   Thumb Code    56  stm32f4xx_ll_sdmmc.o(i.SDMMC_CmdSendStatus)
    SDMMC_CmdSetRelAdd                       0x08004fe7   Thumb Code    56  stm32f4xx_ll_sdmmc.o(i.SDMMC_CmdSetRelAdd)
    SDMMC_CmdStopTransfer                    0x08005021   Thumb Code    54  stm32f4xx_ll_sdmmc.o(i.SDMMC_CmdStopTransfer)
    SDMMC_CmdWriteMultiBlock                 0x0800505d   Thumb Code    56  stm32f4xx_ll_sdmmc.o(i.SDMMC_CmdWriteMultiBlock)
    SDMMC_CmdWriteSingleBlock                0x08005095   Thumb Code    56  stm32f4xx_ll_sdmmc.o(i.SDMMC_CmdWriteSingleBlock)
    SD_initialize                            0x080059f5   Thumb Code    32  sd_diskio.o(i.SD_initialize)
    SD_ioctl                                 0x08005a19   Thumb Code   102  sd_diskio.o(i.SD_ioctl)
    SD_read                                  0x08005a85   Thumb Code    46  sd_diskio.o(i.SD_read)
    SD_status                                0x08005ab3   Thumb Code    12  sd_diskio.o(i.SD_status)
    SD_task                                  0x08005ac1   Thumb Code   274  ucos_main.o(i.SD_task)
    SD_write                                 0x08005c15   Thumb Code    46  sd_diskio.o(i.SD_write)
    SVC_Handler                              0x08005c43   Thumb Code     2  stm32f4xx_it.o(i.SVC_Handler)
    SysTick_Handler                          0x08005c5b   Thumb Code    20  stm32f4xx_it.o(i.SysTick_Handler)
    SystemClock_Config                       0x08005c71   Thumb Code   174  main.o(i.SystemClock_Config)
    SystemInit                               0x08005d29   Thumb Code    24  system_stm32f4xx.o(i.SystemInit)
    UsageFault_Handler                       0x08005d45   Thumb Code     4  stm32f4xx_it.o(i.UsageFault_Handler)
    WriteCmd                                 0x08005d49   Thumb Code    32  oled.o(i.WriteCmd)
    WriteDat                                 0x08005d6d   Thumb Code    32  oled.o(i.WriteDat)
    __0sprintf                               0x08005d91   Thumb Code    34  printfa.o(i.__0sprintf)
    __1sprintf                               0x08005d91   Thumb Code     0  printfa.o(i.__0sprintf)
    __2sprintf                               0x08005d91   Thumb Code     0  printfa.o(i.__0sprintf)
    __c89sprintf                             0x08005d91   Thumb Code     0  printfa.o(i.__0sprintf)
    sprintf                                  0x08005d91   Thumb Code     0  printfa.o(i.__0sprintf)
    __scatterload_copy                       0x08005df1   Thumb Code    14  handlers.o(i.__scatterload_copy)
    __scatterload_null                       0x08005dff   Thumb Code     2  handlers.o(i.__scatterload_null)
    __scatterload_zeroinit                   0x08005e01   Thumb Code    14  handlers.o(i.__scatterload_zeroinit)
    disk_initialize                          0x080070b9   Thumb Code    40  diskio.o(i.disk_initialize)
    disk_ioctl                               0x080070e5   Thumb Code    36  diskio.o(i.disk_ioctl)
    disk_read                                0x0800710d   Thumb Code    42  diskio.o(i.disk_read)
    disk_status                              0x0800713d   Thumb Code    24  diskio.o(i.disk_status)
    disk_write                               0x08007159   Thumb Code    42  diskio.o(i.disk_write)
    f_close                                  0x080071b1   Thumb Code    44  ff.o(i.f_close)
    f_lseek                                  0x080071dd   Thumb Code   688  ff.o(i.f_lseek)
    f_mount                                  0x0800748d   Thumb Code    92  ff.o(i.f_mount)
    f_open                                   0x080074ed   Thumb Code   570  ff.o(i.f_open)
    f_sync                                   0x08007727   Thumb Code   160  ff.o(i.f_sync)
    f_write                                  0x080077c7   Thumb Code   494  ff.o(i.f_write)
    ff_convert                               0x080079b5   Thumb Code   116  cc936.o(i.ff_convert)
    ff_wtoupper                              0x08007a31   Thumb Code   156  cc936.o(i.ff_wtoupper)
    get_fattime                              0x08008025   Thumb Code     4  fatfs.o(i.get_fattime)
    get_roller_stat                          0x08008075   Thumb Code    52  roller.o(i.get_roller_stat)
    key_task                                 0x0800816d   Thumb Code    80  ucos_main.o(i.key_task)
    led1_task                                0x08008211   Thumb Code    54  ucos_main.o(i.led1_task)
    led2_task                                0x0800824d   Thumb Code    66  ucos_main.o(i.led2_task)
    main                                     0x08008295   Thumb Code    40  main.o(i.main)
    oled_task                                0x08008341   Thumb Code   170  ucos_main.o(i.oled_task)
    roller_init                              0x0800865f   Thumb Code    10  roller.o(i.roller_init)
    roller_task                              0x08008669   Thumb Code    58  ucos_main.o(i.roller_task)
    run_roller                               0x080086a9   Thumb Code   116  roller.o(i.run_roller)
    show_roller                              0x0800871d   Thumb Code    92  roller.o(i.show_roller)
    start_task                               0x080087d5   Thumb Code   100  ucos_main.o(i.start_task)
    ucos_main                                0x0800896d   Thumb Code    46  ucos_main.o(i.ucos_main)
    F6x8                                     0x080089e4   Data         552  oled.o(.constdata)
    F8X16                                    0x08008c0c   Data        1520  oled.o(.constdata)
    SD_Driver                                0x080091fc   Data          20  sd_diskio.o(.constdata)
    AHBPrescTable                            0x08009218   Data          16  system_stm32f4xx.o(.constdata)
    APBPrescTable                            0x08009228   Data           8  system_stm32f4xx.o(.constdata)
    OSUnMapTbl                               0x08009230   Data         256  os_core.o(.constdata)
    Region$$Table$$Base                      0x08033f10   Number         0  anon$$obj.o(Region$$Table)
    Region$$Table$$Limit                     0x08033f30   Number         0  anon$$obj.o(Region$$Table)
    ad_box                                   0x20000000   Data           4  ucos_main.o(.data)
    roller_box                               0x20000004   Data           4  ucos_main.o(.data)
    key_sd_sem                               0x20000008   Data           4  ucos_main.o(.data)
    SD_signal_sem                            0x2000000c   Data           4  ucos_main.o(.data)
    bat                                      0x20000010   Data         224  oled.o(.data)
    Hzk                                      0x200000f0   Data         224  oled.o(.data)
    F16x16                                   0x200001d0   Data         640  oled.o(.data)
    BMP1                                     0x20000450   Data        1024  oled.o(.data)
    retSD                                    0x20000854   Data           1  fatfs.o(.data)
    SDPath                                   0x20000855   Data           4  fatfs.o(.data)
    uwTick                                   0x2000085c   Data           4  stm32f4xx_hal.o(.data)
    uwTickPrio                               0x20000860   Data           4  stm32f4xx_hal.o(.data)
    uwTickFreq                               0x20000864   Data           1  stm32f4xx_hal.o(.data)
    SystemCoreClock                          0x20000868   Data           4  system_stm32f4xx.o(.data)
    OSCtxSwCtr                               0x2000086c   Data           4  os_core.o(.data)
    OSEventFreeList                          0x20000870   Data           4  os_core.o(.data)
    OSFlagFreeList                           0x20000874   Data           4  os_core.o(.data)
    OSCPUUsage                               0x20000878   Data           1  os_core.o(.data)
    OSIdleCtrMax                             0x2000087c   Data           4  os_core.o(.data)
    OSIdleCtrRun                             0x20000880   Data           4  os_core.o(.data)
    OSStatRdy                                0x20000884   Data           1  os_core.o(.data)
    OSIntNesting                             0x20000885   Data           1  os_core.o(.data)
    OSLockNesting                            0x20000886   Data           1  os_core.o(.data)
    OSPrioCur                                0x20000887   Data           1  os_core.o(.data)
    OSPrioHighRdy                            0x20000888   Data           1  os_core.o(.data)
    OSRdyGrp                                 0x20000889   Data           1  os_core.o(.data)
    OSRdyTbl                                 0x2000088a   Data           8  os_core.o(.data)
    OSRunning                                0x20000892   Data           1  os_core.o(.data)
    OSTaskCtr                                0x20000893   Data           1  os_core.o(.data)
    OSIdleCtr                                0x20000894   Data           4  os_core.o(.data)
    OSTCBCur                                 0x20000898   Data           4  os_core.o(.data)
    OSTCBFreeList                            0x2000089c   Data           4  os_core.o(.data)
    OSTCBHighRdy                             0x200008a0   Data           4  os_core.o(.data)
    OSTCBList                                0x200008a4   Data           4  os_core.o(.data)
    OSTickStepState                          0x200008a8   Data           1  os_core.o(.data)
    OSQFreeList                              0x200008ac   Data           4  os_core.o(.data)
    OSTime                                   0x200008b0   Data           4  os_core.o(.data)
    START_TASK_STK                           0x200008c0   Data         512  ucos_main.o(.bss)
    LED1_TASK_STK                            0x20000ac0   Data         512  ucos_main.o(.bss)
    LED2_TASK_STK                            0x20000cc0   Data         512  ucos_main.o(.bss)
    OLED_TASK_STK                            0x20000ec0   Data         512  ucos_main.o(.bss)
    SD_TASK_STK                              0x200010c0   Data        4096  ucos_main.o(.bss)
    AD_TASK_STK                              0x200030c0   Data        4096  ucos_main.o(.bss)
    KEY_TASK_STK                             0x200040c0   Data         512  ucos_main.o(.bss)
    MsgGrp                                   0x200042c0   Data         512  ucos_main.o(.bss)
    hadc1                                    0x200044c0   Data          72  adc.o(.bss)
    hdma_adc1                                0x20004508   Data          96  adc.o(.bss)
    hi2c1                                    0x20004568   Data          84  i2c.o(.bss)
    hsd                                      0x200045bc   Data         132  sdio.o(.bss)
    OSEventTbl                               0x20004640   Data         200  os_core.o(.bss)
    OSFlagTbl                                0x20004708   Data          80  os_core.o(.bss)
    OSTaskStatStk                            0x20004758   Data         512  os_core.o(.bss)
    OSTaskIdleStk                            0x20004958   Data         512  os_core.o(.bss)
    OSTCBPrioTbl                             0x20004b58   Data         256  os_core.o(.bss)
    OSTCBTbl                                 0x20004c58   Data        1008  os_core.o(.bss)
    OSQTbl                                   0x20005048   Data         120  os_core.o(.bss)
    disk                                     0x200050e0   Data          16  ff_gen_drv.o(.bss)
    __initial_sp                             0x200060f0   Data           0  startup_stm32f407xx.o(STACK)



==============================================================================

Memory Map of the image

  Image Entry point : 0x08000189

  Load Region LR_IROM1 (Base: 0x08000000, Size: 0x000347f0, Max: 0x00080000, ABSOLUTE, COMPRESSED[0x0003433c])

    Execution Region ER_IROM1 (Exec base: 0x08000000, Load base: 0x08000000, Size: 0x00033f30, Max: 0x00080000, ABSOLUTE)

    Exec Addr    Load Addr    Size         Type   Attr      Idx    E Section Name        Object

    0x08000000   0x08000000   0x00000188   Data   RO            3    RESET               startup_stm32f407xx.o
    0x08000188   0x08000188   0x00000000   Code   RO         4965  * .ARM.Collect$$$$00000000  mc_w.l(entry.o)
    0x08000188   0x08000188   0x00000004   Code   RO         5249    .ARM.Collect$$$$00000001  mc_w.l(entry2.o)
    0x0800018c   0x0800018c   0x00000004   Code   RO         5252    .ARM.Collect$$$$00000004  mc_w.l(entry5.o)
    0x08000190   0x08000190   0x00000000   Code   RO         5254    .ARM.Collect$$$$00000008  mc_w.l(entry7b.o)
    0x08000190   0x08000190   0x00000000   Code   RO         5256    .ARM.Collect$$$$0000000A  mc_w.l(entry8b.o)
    0x08000190   0x08000190   0x00000008   Code   RO         5257    .ARM.Collect$$$$0000000B  mc_w.l(entry9a.o)
    0x08000198   0x08000198   0x00000000   Code   RO         5259    .ARM.Collect$$$$0000000D  mc_w.l(entry10a.o)
    0x08000198   0x08000198   0x00000000   Code   RO         5261    .ARM.Collect$$$$0000000F  mc_w.l(entry11a.o)
    0x08000198   0x08000198   0x00000004   Code   RO         5250    .ARM.Collect$$$$00002712  mc_w.l(entry2.o)
    0x0800019c   0x0800019c   0x00000024   Code   RO            4    .text               startup_stm32f407xx.o
    0x080001c0   0x080001c0   0x000000c8   Code   RO         4304    .text               os_cpu_a.o
    0x08000288   0x08000288   0x00000062   Code   RO         4968    .text               mc_w.l(uldiv.o)
    0x080002ea   0x080002ea   0x00000024   Code   RO         4970    .text               mc_w.l(memseta.o)
    0x0800030e   0x0800030e   0x0000000e   Code   RO         4972    .text               mc_w.l(strlen.o)
    0x0800031c   0x0800031c   0x000000e4   Code   RO         5235    .text               mf_w.l(dmul.o)
    0x08000400   0x08000400   0x000000de   Code   RO         5237    .text               mf_w.l(ddiv.o)
    0x080004de   0x080004de   0x00000022   Code   RO         5239    .text               mf_w.l(dflti.o)
    0x08000500   0x08000500   0x0000001a   Code   RO         5241    .text               mf_w.l(dfltui.o)
    0x0800051a   0x0800051a   0x00000032   Code   RO         5243    .text               mf_w.l(dfixui.o)
    0x0800054c   0x0800054c   0x00000026   Code   RO         5245    .text               mf_w.l(f2d.o)
    0x08000572   0x08000572   0x00000038   Code   RO         5247    .text               mf_w.l(d2f.o)
    0x080005aa   0x080005aa   0x0000002c   Code   RO         5266    .text               mc_w.l(uidiv.o)
    0x080005d6   0x080005d6   0x0000001e   Code   RO         5268    .text               mc_w.l(llshl.o)
    0x080005f4   0x080005f4   0x00000020   Code   RO         5270    .text               mc_w.l(llushr.o)
    0x08000614   0x08000614   0x00000000   Code   RO         5272    .text               mc_w.l(iusefp.o)
    0x08000614   0x08000614   0x0000006e   Code   RO         5273    .text               mf_w.l(fepilogue.o)
    0x08000682   0x08000682   0x000000ba   Code   RO         5275    .text               mf_w.l(depilogue.o)
    0x0800073c   0x0800073c   0x0000014e   Code   RO         5277    .text               mf_w.l(dadd.o)
    0x0800088a   0x0800088a   0x00000030   Code   RO         5279    .text               mf_w.l(dfixul.o)
    0x080008ba   0x080008ba   0x00000002   PAD
    0x080008bc   0x080008bc   0x00000030   Code   RO         5281    .text               mf_w.l(cdrcmple.o)
    0x080008ec   0x080008ec   0x00000024   Code   RO         5283    .text               mc_w.l(init.o)
    0x08000910   0x08000910   0x00000024   Code   RO         5286    .text               mc_w.l(llsshr.o)
    0x08000934   0x08000934   0x00000056   Code   RO         5297    .text               mc_w.l(__dczerorl2.o)
    0x0800098a   0x0800098a   0x0000007e   Code   RO         1007    i.ADC_DMAConvCplt   stm32f4xx_hal_adc.o
    0x08000a08   0x08000a08   0x0000001a   Code   RO         1008    i.ADC_DMAError      stm32f4xx_hal_adc.o
    0x08000a22   0x08000a22   0x0000000e   Code   RO         1009    i.ADC_DMAHalfConvCplt  stm32f4xx_hal_adc.o
    0x08000a30   0x08000a30   0x00000160   Code   RO         1010    i.ADC_Init          stm32f4xx_hal_adc.o
    0x08000b90   0x08000b90   0x00000040   Code   RO           13    i.AD_task           ucos_main.o
    0x08000bd0   0x08000bd0   0x0000000c   Code   RO          407    i.Add_roller        roller.o
    0x08000bdc   0x08000bdc   0x00000002   Code   RO          599    i.BSP_SD_AbortCallback  bsp_driver_sd.o
    0x08000bde   0x08000bde   0x00000002   PAD
    0x08000be0   0x08000be0   0x00000014   Code   RO          602    i.BSP_SD_GetCardInfo  bsp_driver_sd.o
    0x08000bf4   0x08000bf4   0x00000018   Code   RO          603    i.BSP_SD_GetCardState  bsp_driver_sd.o
    0x08000c0c   0x08000c0c   0x00000030   Code   RO          605    i.BSP_SD_Init       bsp_driver_sd.o
    0x08000c3c   0x08000c3c   0x0000000c   Code   RO          606    i.BSP_SD_IsDetected  bsp_driver_sd.o
    0x08000c48   0x08000c48   0x00000030   Code   RO          607    i.BSP_SD_ReadBlocks  bsp_driver_sd.o
    0x08000c78   0x08000c78   0x00000002   Code   RO          609    i.BSP_SD_ReadCpltCallback  bsp_driver_sd.o
    0x08000c7a   0x08000c7a   0x00000002   PAD
    0x08000c7c   0x08000c7c   0x00000030   Code   RO          610    i.BSP_SD_WriteBlocks  bsp_driver_sd.o
    0x08000cac   0x08000cac   0x00000002   Code   RO          612    i.BSP_SD_WriteCpltCallback  bsp_driver_sd.o
    0x08000cae   0x08000cae   0x00000004   Code   RO          901    i.BusFault_Handler  stm32f4xx_it.o
    0x08000cb2   0x08000cb2   0x00000002   PAD
    0x08000cb4   0x08000cb4   0x00000010   Code   RO          902    i.DMA2_Stream0_IRQHandler  stm32f4xx_it.o
    0x08000cc4   0x08000cc4   0x00000034   Code   RO         1786    i.DMA_CalcBaseAndBitshift  stm32f4xx_hal_dma.o
    0x08000cf8   0x08000cf8   0x000000aa   Code   RO         1787    i.DMA_CheckFifoParam  stm32f4xx_hal_dma.o
    0x08000da2   0x08000da2   0x0000002c   Code   RO         1788    i.DMA_SetConfig     stm32f4xx_hal_dma.o
    0x08000dce   0x08000dce   0x00000002   Code   RO          903    i.DebugMon_Handler  stm32f4xx_it.o
    0x08000dd0   0x08000dd0   0x00000002   Code   RO          459    i.Error_Handler     main.o
    0x08000dd2   0x08000dd2   0x00000012   Code   RO         4862    i.FATFS_LinkDriver  ff_gen_drv.o
    0x08000de4   0x08000de4   0x00000054   Code   RO         4863    i.FATFS_LinkDriverEx  ff_gen_drv.o
    0x08000e38   0x08000e38   0x0000018c   Code   RO         1012    i.HAL_ADC_ConfigChannel  stm32f4xx_hal_adc.o
    0x08000fc4   0x08000fc4   0x00000002   Code   RO         1013    i.HAL_ADC_ConvCpltCallback  stm32f4xx_hal_adc.o
    0x08000fc6   0x08000fc6   0x00000002   Code   RO         1014    i.HAL_ADC_ConvHalfCpltCallback  stm32f4xx_hal_adc.o
    0x08000fc8   0x08000fc8   0x00000002   Code   RO         1016    i.HAL_ADC_ErrorCallback  stm32f4xx_hal_adc.o
    0x08000fca   0x08000fca   0x00000002   PAD
    0x08000fcc   0x08000fcc   0x00000068   Code   RO         1021    i.HAL_ADC_Init      stm32f4xx_hal_adc.o
    0x08001034   0x08001034   0x000000c4   Code   RO          534    i.HAL_ADC_MspInit   adc.o
    0x080010f8   0x080010f8   0x00000184   Code   RO         1028    i.HAL_ADC_Start_DMA  stm32f4xx_hal_adc.o
    0x0800127c   0x0800127c   0x0000006c   Code   RO         1031    i.HAL_ADC_Stop_DMA  stm32f4xx_hal_adc.o
    0x080012e8   0x080012e8   0x000000aa   Code   RO         1789    i.HAL_DMA_Abort     stm32f4xx_hal_dma.o
    0x08001392   0x08001392   0x00000028   Code   RO         1790    i.HAL_DMA_Abort_IT  stm32f4xx_hal_dma.o
    0x080013ba   0x080013ba   0x00000002   PAD
    0x080013bc   0x080013bc   0x00000240   Code   RO         1794    i.HAL_DMA_IRQHandler  stm32f4xx_hal_dma.o
    0x080015fc   0x080015fc   0x000000ec   Code   RO         1795    i.HAL_DMA_Init      stm32f4xx_hal_dma.o
    0x080016e8   0x080016e8   0x00000092   Code   RO         1799    i.HAL_DMA_Start_IT  stm32f4xx_hal_dma.o
    0x0800177a   0x0800177a   0x00000002   PAD
    0x0800177c   0x0800177c   0x00000028   Code   RO         2213    i.HAL_Delay         stm32f4xx_hal.o
    0x080017a4   0x080017a4   0x00000200   Code   RO         1682    i.HAL_GPIO_Init     stm32f4xx_hal_gpio.o
    0x080019a4   0x080019a4   0x00000010   Code   RO         1684    i.HAL_GPIO_ReadPin  stm32f4xx_hal_gpio.o
    0x080019b4   0x080019b4   0x00000012   Code   RO         1685    i.HAL_GPIO_TogglePin  stm32f4xx_hal_gpio.o
    0x080019c6   0x080019c6   0x0000000c   Code   RO         1686    i.HAL_GPIO_WritePin  stm32f4xx_hal_gpio.o
    0x080019d2   0x080019d2   0x00000002   PAD
    0x080019d4   0x080019d4   0x0000000c   Code   RO         2219    i.HAL_GetTick       stm32f4xx_hal.o
    0x080019e0   0x080019e0   0x000001d0   Code   RO         2475    i.HAL_I2C_Init      stm32f4xx_hal_i2c.o
    0x08001bb0   0x08001bb0   0x00000164   Code   RO         2496    i.HAL_I2C_Mem_Write  stm32f4xx_hal_i2c.o
    0x08001d14   0x08001d14   0x00000088   Code   RO          818    i.HAL_I2C_MspInit   i2c.o
    0x08001d9c   0x08001d9c   0x00000018   Code   RO         2225    i.HAL_IncTick       stm32f4xx_hal.o
    0x08001db4   0x08001db4   0x0000003c   Code   RO         2226    i.HAL_Init          stm32f4xx_hal.o
    0x08001df0   0x08001df0   0x0000004c   Code   RO         2227    i.HAL_InitTick      stm32f4xx_hal.o
    0x08001e3c   0x08001e3c   0x00000048   Code   RO          983    i.HAL_MspInit       stm32f4xx_hal_msp.o
    0x08001e84   0x08001e84   0x00000020   Code   RO         2071    i.HAL_NVIC_EnableIRQ  stm32f4xx_hal_cortex.o
    0x08001ea4   0x08001ea4   0x0000007c   Code   RO         2077    i.HAL_NVIC_SetPriority  stm32f4xx_hal_cortex.o
    0x08001f20   0x08001f20   0x00000028   Code   RO         2078    i.HAL_NVIC_SetPriorityGrouping  stm32f4xx_hal_cortex.o
    0x08001f48   0x08001f48   0x00000184   Code   RO         1283    i.HAL_RCC_ClockConfig  stm32f4xx_hal_rcc.o
    0x080020cc   0x080020cc   0x0000000c   Code   RO         1288    i.HAL_RCC_GetHCLKFreq  stm32f4xx_hal_rcc.o
    0x080020d8   0x080020d8   0x00000020   Code   RO         1290    i.HAL_RCC_GetPCLK1Freq  stm32f4xx_hal_rcc.o
    0x080020f8   0x080020f8   0x000000b0   Code   RO         1292    i.HAL_RCC_GetSysClockFreq  stm32f4xx_hal_rcc.o
    0x080021a8   0x080021a8   0x00000488   Code   RO         1295    i.HAL_RCC_OscConfig  stm32f4xx_hal_rcc.o
    0x08002630   0x08002630   0x00000008   Code   RO          613    i.HAL_SD_AbortCallback  bsp_driver_sd.o
    0x08002638   0x08002638   0x000000a8   Code   RO         3228    i.HAL_SD_ConfigWideBusOperation  stm32f4xx_hal_sd.o
    0x080026e0   0x080026e0   0x00000002   Code   RO         3231    i.HAL_SD_ErrorCallback  stm32f4xx_hal_sd.o
    0x080026e2   0x080026e2   0x00000002   PAD
    0x080026e4   0x080026e4   0x000001c8   Code   RO         3233    i.HAL_SD_GetCardCSD  stm32f4xx_hal_sd.o
    0x080028ac   0x080028ac   0x00000026   Code   RO         3234    i.HAL_SD_GetCardInfo  stm32f4xx_hal_sd.o
    0x080028d2   0x080028d2   0x00000024   Code   RO         3235    i.HAL_SD_GetCardState  stm32f4xx_hal_sd.o
    0x080028f6   0x080028f6   0x00000002   PAD
    0x080028f8   0x080028f8   0x0000021c   Code   RO         3239    i.HAL_SD_IRQHandler  stm32f4xx_hal_sd.o
    0x08002b14   0x08002b14   0x0000003c   Code   RO         3240    i.HAL_SD_Init       stm32f4xx_hal_sd.o
    0x08002b50   0x08002b50   0x00000084   Code   RO         3241    i.HAL_SD_InitCard   stm32f4xx_hal_sd.o
    0x08002bd4   0x08002bd4   0x000000d8   Code   RO          860    i.HAL_SD_MspInit    sdio.o
    0x08002cac   0x08002cac   0x000002c0   Code   RO         3244    i.HAL_SD_ReadBlocks  stm32f4xx_hal_sd.o
    0x08002f6c   0x08002f6c   0x0000000a   Code   RO          614    i.HAL_SD_RxCpltCallback  bsp_driver_sd.o
    0x08002f76   0x08002f76   0x00000008   Code   RO          615    i.HAL_SD_TxCpltCallback  bsp_driver_sd.o
    0x08002f7e   0x08002f7e   0x00000002   PAD
    0x08002f80   0x08002f80   0x00000254   Code   RO         3249    i.HAL_SD_WriteBlocks  stm32f4xx_hal_sd.o
    0x080031d4   0x080031d4   0x00000034   Code   RO         2082    i.HAL_SYSTICK_Config  stm32f4xx_hal_cortex.o
    0x08003208   0x08003208   0x00000004   Code   RO          904    i.HardFault_Handler  stm32f4xx_it.o
    0x0800320c   0x0800320c   0x0000003e   Code   RO         2518    i.I2C_IsAcknowledgeFailed  stm32f4xx_hal_i2c.o
    0x0800324a   0x0800324a   0x00000002   PAD
    0x0800324c   0x0800324c   0x000000dc   Code   RO         2530    i.I2C_RequestMemoryWrite  stm32f4xx_hal_i2c.o
    0x08003328   0x08003328   0x0000005c   Code   RO         2538    i.I2C_WaitOnBTFFlagUntilTimeout  stm32f4xx_hal_i2c.o
    0x08003384   0x08003384   0x00000086   Code   RO         2539    i.I2C_WaitOnFlagUntilTimeout  stm32f4xx_hal_i2c.o
    0x0800340a   0x0800340a   0x000000c4   Code   RO         2540    i.I2C_WaitOnMasterAddressFlagUntilTimeout  stm32f4xx_hal_i2c.o
    0x080034ce   0x080034ce   0x0000005c   Code   RO         2543    i.I2C_WaitOnTXEFlagUntilTimeout  stm32f4xx_hal_i2c.o
    0x0800352a   0x0800352a   0x00000002   PAD
    0x0800352c   0x0800352c   0x00000070   Code   RO          535    i.MX_ADC1_Init      adc.o
    0x0800359c   0x0800359c   0x00000038   Code   RO          575    i.MX_DMA_Init       dma.o
    0x080035d4   0x080035d4   0x0000001c   Code   RO          780    i.MX_FATFS_Init     fatfs.o
    0x080035f0   0x080035f0   0x00000120   Code   RO          509    i.MX_GPIO_Init      gpio.o
    0x08003710   0x08003710   0x0000003c   Code   RO          819    i.MX_I2C1_Init      i2c.o
    0x0800374c   0x0800374c   0x00000024   Code   RO          861    i.MX_SDIO_SD_Init   sdio.o
    0x08003770   0x08003770   0x00000004   Code   RO          905    i.MemManage_Handler  stm32f4xx_it.o
    0x08003774   0x08003774   0x00000002   Code   RO          906    i.NMI_Handler       stm32f4xx_it.o
    0x08003776   0x08003776   0x0000000a   Code   RO          271    i.OLED_CLS          oled.o
    0x08003780   0x08003780   0x00000074   Code   RO          272    i.OLED_DrawBMP      oled.o
    0x080037f4   0x080037f4   0x0000003a   Code   RO          273    i.OLED_Fill         oled.o
    0x0800382e   0x0800382e   0x000000b0   Code   RO          274    i.OLED_Init         oled.o
    0x080038de   0x080038de   0x00000028   Code   RO          277    i.OLED_SetPos       oled.o
    0x08003906   0x08003906   0x00000002   PAD
    0x08003908   0x08003908   0x000000ac   Code   RO          278    i.OLED_ShowBat      oled.o
    0x080039b4   0x080039b4   0x000000ec   Code   RO          282    i.OLED_ShowStr      oled.o
    0x08003aa0   0x08003aa0   0x0000002c   Code   RO         3553    i.OSInit            os_core.o
    0x08003acc   0x08003acc   0x00000002   Code   RO         4310    i.OSInitHookBegin   os_cpu_c.o
    0x08003ace   0x08003ace   0x00000002   Code   RO         4311    i.OSInitHookEnd     os_cpu_c.o
    0x08003ad0   0x08003ad0   0x00000024   Code   RO         3554    i.OSIntEnter        os_core.o
    0x08003af4   0x08003af4   0x00000090   Code   RO         3555    i.OSIntExit         os_core.o
    0x08003b84   0x08003b84   0x00000026   Code   RO         3840    i.OSMboxAccept      os_mbox.o
    0x08003baa   0x08003baa   0x00000002   PAD
    0x08003bac   0x08003bac   0x0000004c   Code   RO         3841    i.OSMboxCreate      os_mbox.o
    0x08003bf8   0x08003bf8   0x00000050   Code   RO         3845    i.OSMboxPost        os_mbox.o
    0x08003c48   0x08003c48   0x0000004c   Code   RO         4068    i.OSSemCreate       os_sem.o
    0x08003c94   0x08003c94   0x000000ec   Code   RO         4070    i.OSSemPend         os_sem.o
    0x08003d80   0x08003d80   0x00000058   Code   RO         4072    i.OSSemPost         os_sem.o
    0x08003dd8   0x08003dd8   0x00000048   Code   RO         3558    i.OSStart           os_core.o
    0x08003e20   0x08003e20   0x00000002   Code   RO         4312    i.OSTCBInitHook     os_cpu_c.o
    0x08003e22   0x08003e22   0x00000002   PAD
    0x08003e24   0x08003e24   0x000000a0   Code   RO         4134    i.OSTaskCreate      os_task.o
    0x08003ec4   0x08003ec4   0x000000b8   Code   RO         4135    i.OSTaskCreateExt   os_task.o
    0x08003f7c   0x08003f7c   0x00000002   Code   RO         4313    i.OSTaskCreateHook  os_cpu_c.o
    0x08003f7e   0x08003f7e   0x00000002   PAD
    0x08003f80   0x08003f80   0x00000154   Code   RO         4136    i.OSTaskDel         os_task.o
    0x080040d4   0x080040d4   0x00000002   Code   RO         4314    i.OSTaskDelHook     os_cpu_c.o
    0x080040d6   0x080040d6   0x00000002   Code   RO         4315    i.OSTaskIdleHook    os_cpu_c.o
    0x080040d8   0x080040d8   0x00000070   Code   RO         4139    i.OSTaskNameSet     os_task.o
    0x08004148   0x08004148   0x00000002   Code   RO         4316    i.OSTaskReturnHook  os_cpu_c.o
    0x0800414a   0x0800414a   0x00000002   Code   RO         4317    i.OSTaskStatHook    os_cpu_c.o
    0x0800414c   0x0800414c   0x0000008c   Code   RO         4144    i.OSTaskStkChk      os_task.o
    0x080041d8   0x080041d8   0x000000d4   Code   RO         4318    i.OSTaskStkInit     os_cpu_c.o
    0x080042ac   0x080042ac   0x000000a8   Code   RO         4145    i.OSTaskSuspend     os_task.o
    0x08004354   0x08004354   0x00000002   Code   RO         4319    i.OSTaskSwHook      os_cpu_c.o
    0x08004356   0x08004356   0x00000002   PAD
    0x08004358   0x08004358   0x00000078   Code   RO         4241    i.OSTimeDly         os_time.o
    0x080043d0   0x080043d0   0x00000060   Code   RO         4242    i.OSTimeDlyHMSM     os_time.o
    0x08004430   0x08004430   0x000000ec   Code   RO         3560    i.OSTimeTick        os_core.o
    0x0800451c   0x0800451c   0x00000002   Code   RO         4320    i.OSTimeTickHook    os_cpu_c.o
    0x0800451e   0x0800451e   0x00000002   Code   RO         3562    i.OS_Dummy          os_core.o
    0x08004520   0x08004520   0x00000084   Code   RO         3563    i.OS_EventTaskRdy   os_core.o
    0x080045a4   0x080045a4   0x0000002a   Code   RO         3564    i.OS_EventTaskRemove  os_core.o
    0x080045ce   0x080045ce   0x00000002   PAD
    0x080045d0   0x080045d0   0x0000007c   Code   RO         3565    i.OS_EventTaskWait  os_core.o
    0x0800464c   0x0800464c   0x0000001c   Code   RO         3566    i.OS_EventWaitListInit  os_core.o
    0x08004668   0x08004668   0x00000058   Code   RO         3756    i.OS_FlagInit       os_flag.o
    0x080046c0   0x080046c0   0x00000024   Code   RO         3758    i.OS_FlagUnlink     os_flag.o
    0x080046e4   0x080046e4   0x00000054   Code   RO         3567    i.OS_InitEventList  os_core.o
    0x08004738   0x08004738   0x00000054   Code   RO         3568    i.OS_InitMisc       os_core.o
    0x0800478c   0x0800478c   0x00000044   Code   RO         3569    i.OS_InitRdyList    os_core.o
    0x080047d0   0x080047d0   0x00000080   Code   RO         3570    i.OS_InitTCBList    os_core.o
    0x08004850   0x08004850   0x00000050   Code   RO         3571    i.OS_InitTaskIdle   os_core.o
    0x080048a0   0x080048a0   0x00000050   Code   RO         3572    i.OS_InitTaskStat   os_core.o
    0x080048f0   0x080048f0   0x00000012   Code   RO         3573    i.OS_MemClr         os_core.o
    0x08004902   0x08004902   0x00000002   PAD
    0x08004904   0x08004904   0x00000050   Code   RO         3993    i.OS_QInit          os_q.o
    0x08004954   0x08004954   0x00000074   Code   RO         3575    i.OS_Sched          os_core.o
    0x080049c8   0x080049c8   0x0000002c   Code   RO         3576    i.OS_SchedNew       os_core.o
    0x080049f4   0x080049f4   0x00000134   Code   RO         3578    i.OS_TCBInit        os_core.o
    0x08004b28   0x08004b28   0x00000028   Code   RO         3579    i.OS_TaskIdle       os_core.o
    0x08004b50   0x08004b50   0x00000018   Code   RO         4146    i.OS_TaskReturn     os_task.o
    0x08004b68   0x08004b68   0x00000088   Code   RO         3580    i.OS_TaskStat       os_core.o
    0x08004bf0   0x08004bf0   0x0000003c   Code   RO         3581    i.OS_TaskStatStkChk  os_core.o
    0x08004c2c   0x08004c2c   0x0000001a   Code   RO         4147    i.OS_TaskStkClr     os_task.o
    0x08004c46   0x08004c46   0x0000002c   Code   RO         2949    i.SDIO_ConfigData   stm32f4xx_ll_sdmmc.o
    0x08004c72   0x08004c72   0x00000008   Code   RO         2950    i.SDIO_GetCommandResponse  stm32f4xx_ll_sdmmc.o
    0x08004c7a   0x08004c7a   0x0000000a   Code   RO         2953    i.SDIO_GetPowerState  stm32f4xx_ll_sdmmc.o
    0x08004c84   0x08004c84   0x0000000c   Code   RO         2954    i.SDIO_GetResponse  stm32f4xx_ll_sdmmc.o
    0x08004c90   0x08004c90   0x00000010   Code   RO          907    i.SDIO_IRQHandler   stm32f4xx_it.o
    0x08004ca0   0x08004ca0   0x00000034   Code   RO         2955    i.SDIO_Init         stm32f4xx_ll_sdmmc.o
    0x08004cd4   0x08004cd4   0x00000012   Code   RO         2957    i.SDIO_PowerState_ON  stm32f4xx_ll_sdmmc.o
    0x08004ce6   0x08004ce6   0x00000008   Code   RO         2958    i.SDIO_ReadFIFO     stm32f4xx_ll_sdmmc.o
    0x08004cee   0x08004cee   0x00000028   Code   RO         2959    i.SDIO_SendCommand  stm32f4xx_ll_sdmmc.o
    0x08004d16   0x08004d16   0x0000000c   Code   RO         2961    i.SDIO_WriteFIFO    stm32f4xx_ll_sdmmc.o
    0x08004d22   0x08004d22   0x00000038   Code   RO         2962    i.SDMMC_CmdAppCommand  stm32f4xx_ll_sdmmc.o
    0x08004d5a   0x08004d5a   0x00000002   PAD
    0x08004d5c   0x08004d5c   0x0000003c   Code   RO         2963    i.SDMMC_CmdAppOperCommand  stm32f4xx_ll_sdmmc.o
    0x08004d98   0x08004d98   0x00000038   Code   RO         2964    i.SDMMC_CmdBlockLength  stm32f4xx_ll_sdmmc.o
    0x08004dd0   0x08004dd0   0x00000038   Code   RO         2965    i.SDMMC_CmdBusWidth  stm32f4xx_ll_sdmmc.o
    0x08004e08   0x08004e08   0x0000002c   Code   RO         2969    i.SDMMC_CmdGoIdleState  stm32f4xx_ll_sdmmc.o
    0x08004e34   0x08004e34   0x00000034   Code   RO         2971    i.SDMMC_CmdOperCond  stm32f4xx_ll_sdmmc.o
    0x08004e68   0x08004e68   0x00000038   Code   RO         2972    i.SDMMC_CmdReadMultiBlock  stm32f4xx_ll_sdmmc.o
    0x08004ea0   0x08004ea0   0x00000038   Code   RO         2973    i.SDMMC_CmdReadSingleBlock  stm32f4xx_ll_sdmmc.o
    0x08004ed8   0x08004ed8   0x0000003a   Code   RO         2976    i.SDMMC_CmdSelDesel  stm32f4xx_ll_sdmmc.o
    0x08004f12   0x08004f12   0x00000032   Code   RO         2977    i.SDMMC_CmdSendCID  stm32f4xx_ll_sdmmc.o
    0x08004f44   0x08004f44   0x00000032   Code   RO         2978    i.SDMMC_CmdSendCSD  stm32f4xx_ll_sdmmc.o
    0x08004f76   0x08004f76   0x00000038   Code   RO         2979    i.SDMMC_CmdSendSCR  stm32f4xx_ll_sdmmc.o
    0x08004fae   0x08004fae   0x00000038   Code   RO         2980    i.SDMMC_CmdSendStatus  stm32f4xx_ll_sdmmc.o
    0x08004fe6   0x08004fe6   0x00000038   Code   RO         2981    i.SDMMC_CmdSetRelAdd  stm32f4xx_ll_sdmmc.o
    0x0800501e   0x0800501e   0x00000002   PAD
    0x08005020   0x08005020   0x0000003c   Code   RO         2983    i.SDMMC_CmdStopTransfer  stm32f4xx_ll_sdmmc.o
    0x0800505c   0x0800505c   0x00000038   Code   RO         2985    i.SDMMC_CmdWriteMultiBlock  stm32f4xx_ll_sdmmc.o
    0x08005094   0x08005094   0x00000038   Code   RO         2986    i.SDMMC_CmdWriteSingleBlock  stm32f4xx_ll_sdmmc.o
    0x080050cc   0x080050cc   0x00000040   Code   RO         2987    i.SDMMC_GetCmdError  stm32f4xx_ll_sdmmc.o
    0x0800510c   0x0800510c   0x000001ac   Code   RO         2988    i.SDMMC_GetCmdResp1  stm32f4xx_ll_sdmmc.o
    0x080052b8   0x080052b8   0x00000064   Code   RO         2989    i.SDMMC_GetCmdResp2  stm32f4xx_ll_sdmmc.o
    0x0800531c   0x0800531c   0x00000058   Code   RO         2990    i.SDMMC_GetCmdResp3  stm32f4xx_ll_sdmmc.o
    0x08005374   0x08005374   0x000000b8   Code   RO         2991    i.SDMMC_GetCmdResp6  stm32f4xx_ll_sdmmc.o
    0x0800542c   0x0800542c   0x0000006c   Code   RO         2992    i.SDMMC_GetCmdResp7  stm32f4xx_ll_sdmmc.o
    0x08005498   0x08005498   0x00000028   Code   RO          720    i.SD_CheckStatus    sd_diskio.o
    0x080054c0   0x080054c0   0x00000048   Code   RO         3254    i.SD_DMARxAbort     stm32f4xx_hal_sd.o
    0x08005508   0x08005508   0x00000048   Code   RO         3256    i.SD_DMATxAbort     stm32f4xx_hal_sd.o
    0x08005550   0x08005550   0x00000134   Code   RO         3257    i.SD_FindSCR        stm32f4xx_hal_sd.o
    0x08005684   0x08005684   0x00000102   Code   RO         3258    i.SD_InitCard       stm32f4xx_hal_sd.o
    0x08005786   0x08005786   0x00000002   PAD
    0x08005788   0x08005788   0x000000cc   Code   RO         3260    i.SD_PowerON        stm32f4xx_hal_sd.o
    0x08005854   0x08005854   0x0000004a   Code   RO         3261    i.SD_Read_IT        stm32f4xx_hal_sd.o
    0x0800589e   0x0800589e   0x00000030   Code   RO         3263    i.SD_SendStatus     stm32f4xx_hal_sd.o
    0x080058ce   0x080058ce   0x00000068   Code   RO         3264    i.SD_WideBus_Disable  stm32f4xx_hal_sd.o
    0x08005936   0x08005936   0x00000068   Code   RO         3265    i.SD_WideBus_Enable  stm32f4xx_hal_sd.o
    0x0800599e   0x0800599e   0x00000054   Code   RO         3266    i.SD_Write_IT       stm32f4xx_hal_sd.o
    0x080059f2   0x080059f2   0x00000002   PAD
    0x080059f4   0x080059f4   0x00000024   Code   RO          721    i.SD_initialize     sd_diskio.o
    0x08005a18   0x08005a18   0x0000006c   Code   RO          722    i.SD_ioctl          sd_diskio.o
    0x08005a84   0x08005a84   0x0000002e   Code   RO          723    i.SD_read           sd_diskio.o
    0x08005ab2   0x08005ab2   0x0000000c   Code   RO          724    i.SD_status         sd_diskio.o
    0x08005abe   0x08005abe   0x00000002   PAD
    0x08005ac0   0x08005ac0   0x00000154   Code   RO           14    i.SD_task           ucos_main.o
    0x08005c14   0x08005c14   0x0000002e   Code   RO          725    i.SD_write          sd_diskio.o
    0x08005c42   0x08005c42   0x00000002   Code   RO          908    i.SVC_Handler       stm32f4xx_it.o
    0x08005c44   0x08005c44   0x00000016   Code   RO          408    i.Sub_roller        roller.o
    0x08005c5a   0x08005c5a   0x00000014   Code   RO          909    i.SysTick_Handler   stm32f4xx_it.o
    0x08005c6e   0x08005c6e   0x00000002   PAD
    0x08005c70   0x08005c70   0x000000b8   Code   RO          460    i.SystemClock_Config  main.o
    0x08005d28   0x08005d28   0x0000001c   Code   RO         3517    i.SystemInit        system_stm32f4xx.o
    0x08005d44   0x08005d44   0x00000004   Code   RO          910    i.UsageFault_Handler  stm32f4xx_it.o
    0x08005d48   0x08005d48   0x00000024   Code   RO          283    i.WriteCmd          oled.o
    0x08005d6c   0x08005d6c   0x00000024   Code   RO          284    i.WriteDat          oled.o
    0x08005d90   0x08005d90   0x00000028   Code   RO         5209    i.__0sprintf        mc_w.l(printfa.o)
    0x08005db8   0x08005db8   0x00000010   Code   RO         2084    i.__NVIC_GetPriorityGrouping  stm32f4xx_hal_cortex.o
    0x08005dc8   0x08005dc8   0x00000028   Code   RO         2085    i.__NVIC_SetPriority  stm32f4xx_hal_cortex.o
    0x08005df0   0x08005df0   0x0000000e   Code   RO         5291    i.__scatterload_copy  mc_w.l(handlers.o)
    0x08005dfe   0x08005dfe   0x00000002   Code   RO         5292    i.__scatterload_null  mc_w.l(handlers.o)
    0x08005e00   0x08005e00   0x0000000e   Code   RO         5293    i.__scatterload_zeroinit  mc_w.l(handlers.o)
    0x08005e0e   0x08005e0e   0x00000002   PAD
    0x08005e10   0x08005e10   0x00000184   Code   RO         5214    i._fp_digits        mc_w.l(printfa.o)
    0x08005f94   0x08005f94   0x000006dc   Code   RO         5215    i._printf_core      mc_w.l(printfa.o)
    0x08006670   0x08006670   0x00000024   Code   RO         5216    i._printf_post_padding  mc_w.l(printfa.o)
    0x08006694   0x08006694   0x0000002e   Code   RO         5217    i._printf_pre_padding  mc_w.l(printfa.o)
    0x080066c2   0x080066c2   0x0000000a   Code   RO         5219    i._sputc            mc_w.l(printfa.o)
    0x080066cc   0x080066cc   0x0000007c   Code   RO         4480    i.check_fs          ff.o
    0x08006748   0x08006748   0x00000014   Code   RO         4481    i.chk_chr           ff.o
    0x0800675c   0x0800675c   0x0000007c   Code   RO         4482    i.chk_lock          ff.o
    0x080067d8   0x080067d8   0x00000028   Code   RO         4483    i.clear_lock        ff.o
    0x08006800   0x08006800   0x00000032   Code   RO         4484    i.clmt_clust        ff.o
    0x08006832   0x08006832   0x0000001a   Code   RO         4485    i.clust2sect        ff.o
    0x0800684c   0x0800684c   0x00000098   Code   RO         4486    i.cmp_lfn           ff.o
    0x080068e4   0x080068e4   0x000000de   Code   RO         4487    i.create_chain      ff.o
    0x080069c2   0x080069c2   0x00000002   PAD
    0x080069c4   0x080069c4   0x0000026c   Code   RO         4488    i.create_name       ff.o
    0x08006c30   0x08006c30   0x00000044   Code   RO         4489    i.dec_lock          ff.o
    0x08006c74   0x08006c74   0x00000060   Code   RO         4490    i.dir_alloc         ff.o
    0x08006cd4   0x08006cd4   0x000000fc   Code   RO         4491    i.dir_find          ff.o
    0x08006dd0   0x08006dd0   0x0000010c   Code   RO         4492    i.dir_next          ff.o
    0x08006edc   0x08006edc   0x00000142   Code   RO         4494    i.dir_register      ff.o
    0x0800701e   0x0800701e   0x0000009a   Code   RO         4496    i.dir_sdi           ff.o
    0x080070b8   0x080070b8   0x0000002c   Code   RO         4425    i.disk_initialize   diskio.o
    0x080070e4   0x080070e4   0x00000028   Code   RO         4426    i.disk_ioctl        diskio.o
    0x0800710c   0x0800710c   0x00000030   Code   RO         4427    i.disk_read         diskio.o
    0x0800713c   0x0800713c   0x0000001c   Code   RO         4428    i.disk_status       diskio.o
    0x08007158   0x08007158   0x00000030   Code   RO         4429    i.disk_write        diskio.o
    0x08007188   0x08007188   0x00000028   Code   RO         4497    i.enq_lock          ff.o
    0x080071b0   0x080071b0   0x0000002c   Code   RO         4498    i.f_close           ff.o
    0x080071dc   0x080071dc   0x000002b0   Code   RO         4502    i.f_lseek           ff.o
    0x0800748c   0x0800748c   0x00000060   Code   RO         4505    i.f_mount           ff.o
    0x080074ec   0x080074ec   0x0000023a   Code   RO         4506    i.f_open            ff.o
    0x08007726   0x08007726   0x000000a0   Code   RO         4515    i.f_sync            ff.o
    0x080077c6   0x080077c6   0x000001ee   Code   RO         4518    i.f_write           ff.o
    0x080079b4   0x080079b4   0x0000007c   Code   RO         4936    i.ff_convert        cc936.o
    0x08007a30   0x08007a30   0x000000a4   Code   RO         4937    i.ff_wtoupper       cc936.o
    0x08007ad4   0x08007ad4   0x00000300   Code   RO         4519    i.find_volume       ff.o
    0x08007dd4   0x08007dd4   0x000000a2   Code   RO         4520    i.follow_path       ff.o
    0x08007e76   0x08007e76   0x00000002   PAD
    0x08007e78   0x08007e78   0x000000cc   Code   RO         4521    i.gen_numname       ff.o
    0x08007f44   0x08007f44   0x000000e0   Code   RO         4522    i.get_fat           ff.o
    0x08008024   0x08008024   0x00000004   Code   RO          781    i.get_fattime       fatfs.o
    0x08008028   0x08008028   0x0000004a   Code   RO         4524    i.get_ldnumber      ff.o
    0x08008072   0x08008072   0x00000002   PAD
    0x08008074   0x08008074   0x0000003c   Code   RO          409    i.get_roller_stat   roller.o
    0x080080b0   0x080080b0   0x000000bc   Code   RO         4525    i.inc_lock          ff.o
    0x0800816c   0x0800816c   0x00000058   Code   RO           15    i.key_task          ucos_main.o
    0x080081c4   0x080081c4   0x00000026   Code   RO         4526    i.ld_clust          ff.o
    0x080081ea   0x080081ea   0x00000018   Code   RO         4527    i.ld_dword          ff.o
    0x08008202   0x08008202   0x0000000c   Code   RO         4528    i.ld_word           ff.o
    0x0800820e   0x0800820e   0x00000002   PAD
    0x08008210   0x08008210   0x0000003c   Code   RO           16    i.led1_task         ucos_main.o
    0x0800824c   0x0800824c   0x00000048   Code   RO           17    i.led2_task         ucos_main.o
    0x08008294   0x08008294   0x00000028   Code   RO          461    i.main              main.o
    0x080082bc   0x080082bc   0x00000024   Code   RO         4529    i.mem_cmp           ff.o
    0x080082e0   0x080082e0   0x0000001a   Code   RO         4530    i.mem_cpy           ff.o
    0x080082fa   0x080082fa   0x00000012   Code   RO         4531    i.mem_set           ff.o
    0x0800830c   0x0800830c   0x00000034   Code   RO         4532    i.move_window       ff.o
    0x08008340   0x08008340   0x000000cc   Code   RO           18    i.oled_task         ucos_main.o
    0x0800840c   0x0800840c   0x00000138   Code   RO         4534    i.put_fat           ff.o
    0x08008544   0x08008544   0x00000080   Code   RO         4535    i.put_lfn           ff.o
    0x080085c4   0x080085c4   0x0000009a   Code   RO         4539    i.remove_chain      ff.o
    0x0800865e   0x0800865e   0x0000000a   Code   RO          410    i.roller_init       roller.o
    0x08008668   0x08008668   0x00000040   Code   RO           19    i.roller_task       ucos_main.o
    0x080086a8   0x080086a8   0x00000074   Code   RO          411    i.run_roller        roller.o
    0x0800871c   0x0800871c   0x00000070   Code   RO          412    i.show_roller       roller.o
    0x0800878c   0x0800878c   0x00000024   Code   RO         4540    i.st_clust          ff.o
    0x080087b0   0x080087b0   0x00000018   Code   RO         4541    i.st_dword          ff.o
    0x080087c8   0x080087c8   0x0000000c   Code   RO         4542    i.st_word           ff.o
    0x080087d4   0x080087d4   0x00000094   Code   RO           20    i.start_task        ucos_main.o
    0x08008868   0x08008868   0x00000020   Code   RO         4543    i.sum_sfn           ff.o
    0x08008888   0x08008888   0x00000090   Code   RO         4544    i.sync_fs           ff.o
    0x08008918   0x08008918   0x00000052   Code   RO         4545    i.sync_window       ff.o
    0x0800896a   0x0800896a   0x00000002   PAD
    0x0800896c   0x0800896c   0x0000003c   Code   RO           21    i.ucos_main         ucos_main.o
    0x080089a8   0x080089a8   0x0000003c   Code   RO         4546    i.validate          ff.o
    0x080089e4   0x080089e4   0x00000818   Data   RO          286    .constdata          oled.o
    0x080091fc   0x080091fc   0x00000014   Data   RO          726    .constdata          sd_diskio.o
    0x08009210   0x08009210   0x00000008   Data   RO         1801    .constdata          stm32f4xx_hal_dma.o
    0x08009218   0x08009218   0x00000018   Data   RO         3518    .constdata          system_stm32f4xx.o
    0x08009230   0x08009230   0x00000100   Data   RO         3583    .constdata          os_core.o
    0x08009330   0x08009330   0x0000002a   Data   RO         4548    .constdata          ff.o
    0x0800935a   0x0800935a   0x0002abb6   Data   RO         4938    .constdata          cc936.o
    0x08033f10   0x08033f10   0x00000020   Data   RO         5289    Region$$Table       anon$$obj.o


    Execution Region RW_IRAM1 (Exec base: 0x20000000, Load base: 0x08033f30, Size: 0x000060f0, Max: 0x00020000, ABSOLUTE, COMPRESSED[0x0000040c])

    Exec Addr    Load Addr    Size         Type   Attr      Idx    E Section Name        Object

    0x20000000   COMPRESSED   0x00000010   Data   RW           23    .data               ucos_main.o
    0x20000010   COMPRESSED   0x00000843   Data   RW          287    .data               oled.o
    0x20000853   COMPRESSED   0x00000001   Data   RW          727    .data               sd_diskio.o
    0x20000854   COMPRESSED   0x00000005   Data   RW          783    .data               fatfs.o
    0x20000859   COMPRESSED   0x00000003   PAD
    0x2000085c   COMPRESSED   0x00000009   Data   RW         2233    .data               stm32f4xx_hal.o
    0x20000865   COMPRESSED   0x00000003   PAD
    0x20000868   COMPRESSED   0x00000004   Data   RW         3519    .data               system_stm32f4xx.o
    0x2000086c   COMPRESSED   0x00000048   Data   RW         3584    .data               os_core.o
    0x200008b4   COMPRESSED   0x0000000a   Data   RW         4549    .data               ff.o
    0x200008be   COMPRESSED   0x00000002   PAD
    0x200008c0        -       0x00003c00   Zero   RW           22    .bss                ucos_main.o
    0x200044c0        -       0x000000a8   Zero   RW          536    .bss                adc.o
    0x20004568        -       0x00000054   Zero   RW          820    .bss                i2c.o
    0x200045bc        -       0x00000084   Zero   RW          862    .bss                sdio.o
    0x20004640        -       0x00000a80   Zero   RW         3582    .bss                os_core.o
    0x200050c0        -       0x00000020   Zero   RW         4547    .bss                ff.o
    0x200050e0        -       0x00000010   Zero   RW         4866    .bss                ff_gen_drv.o
    0x200050f0        -       0x00001000   Zero   RW            1    STACK               startup_stm32f407xx.o


==============================================================================

Image component sizes


      Code (inc. data)   RO Data    RW Data    ZI Data      Debug   Object Name

       308         36          0          0        168       1847   adc.o
       232         26          0          0          0       7371   bsp_driver_sd.o
       288         26     175030          0          0       2479   cc936.o
       208         24          0          0          0       4021   diskio.o
        56          4          0          0          0        786   dma.o
        32         12          0          5          0       1556   fatfs.o
      7440         98         42         10         32      45355   ff.o
       102          6          0          0         16       1743   ff_gen_drv.o
       288         14          0          0          0       1103   gpio.o
       196         26          0          0         84       1709   i2c.o
       226         10          0          0          0       4448   main.o
       880         38       2072       2115          0      15358   oled.o
      2106        384        256         72       2688      22369   os_core.o
       200         36          0          0          0        348   os_cpu_a.o
       232          4          0          0          0      14494   os_cpu_c.o
       124         14          0          0          0       1310   os_flag.o
       194          8          0          0          0       2227   os_mbox.o
        80          8          0          0          0        619   os_q.o
       400         22          0          0          0       2618   os_sem.o
      1154        116          0          0          0       7240   os_task.o
       216         30          0          0          0       1508   os_time.o
       332         28          0          0          0       3731   roller.o
       288         16         20          1          0       4660   sd_diskio.o
       252         26          0          0        132       1753   sdio.o
        36          8        392          0       4096        860   startup_stm32f407xx.o
       212         36          0          9          0       9569   stm32f4xx_hal.o
      1520         64          0          0          0       8372   stm32f4xx_hal_adc.o
       304         22          0          0          0      34611   stm32f4xx_hal_cortex.o
      1434         16          8          0          0       7226   stm32f4xx_hal_dma.o
       558         46          0          0          0       3716   stm32f4xx_hal_gpio.o
      1616         30          0          0          0       8423   stm32f4xx_hal_i2c.o
        72          4          0          0          0        874   stm32f4xx_hal_msp.o
      1768         74          0          0          0       5161   stm32f4xx_hal_rcc.o
      4060         40          0          0          0      18483   stm32f4xx_hal_sd.o
        74         12          0          0          0       4889   stm32f4xx_it.o
      2110         46          0          0          0      25103   stm32f4xx_ll_sdmmc.o
         0          0          0          0          0        564   syscall.o
        28          4         24          4          0       1199   system_stm32f4xx.o
      1100        196          0         16      15360     711709   ucos_main.o

    ----------------------------------------------------------------------
     30786       1610     177876       2240      22576     991412   Object Totals
         0          0         32          0          0          0   (incl. Generated)
        60          0          0          8          0          0   (incl. Padding)

    ----------------------------------------------------------------------

      Code (inc. data)   RO Data    RW Data    ZI Data      Debug   Library Member Name

        86          0          0          0          0          0   __dczerorl2.o
         0          0          0          0          0          0   entry.o
         0          0          0          0          0          0   entry10a.o
         0          0          0          0          0          0   entry11a.o
         8          4          0          0          0          0   entry2.o
         4          0          0          0          0          0   entry5.o
         0          0          0          0          0          0   entry7b.o
         0          0          0          0          0          0   entry8b.o
         8          4          0          0          0          0   entry9a.o
        30          0          0          0          0          0   handlers.o
        36          8          0          0          0         68   init.o
         0          0          0          0          0          0   iusefp.o
        30          0          0          0          0         68   llshl.o
        36          0          0          0          0         68   llsshr.o
        32          0          0          0          0         68   llushr.o
        36          0          0          0          0        108   memseta.o
      2276         86          0          0          0        520   printfa.o
        14          0          0          0          0         68   strlen.o
        44          0          0          0          0         80   uidiv.o
        98          0          0          0          0         92   uldiv.o
        48          0          0          0          0         68   cdrcmple.o
        56          0          0          0          0         88   d2f.o
       334          0          0          0          0        148   dadd.o
       222          0          0          0          0        100   ddiv.o
       186          0          0          0          0        176   depilogue.o
        50          0          0          0          0         76   dfixui.o
        48          0          0          0          0         68   dfixul.o
        34          0          0          0          0         76   dflti.o
        26          0          0          0          0         76   dfltui.o
       228          0          0          0          0         96   dmul.o
        38          0          0          0          0         68   f2d.o
       110          0          0          0          0        168   fepilogue.o

    ----------------------------------------------------------------------
      4122        102          0          0          0       2348   Library Totals
         4          0          0          0          0          0   (incl. Padding)

    ----------------------------------------------------------------------

      Code (inc. data)   RO Data    RW Data    ZI Data      Debug   Library Name

      2738        102          0          0          0       1140   mc_w.l
      1380          0          0          0          0       1208   mf_w.l

    ----------------------------------------------------------------------
      4122        102          0          0          0       2348   Library Totals

    ----------------------------------------------------------------------

==============================================================================


      Code (inc. data)   RO Data    RW Data    ZI Data      Debug   

     34908       1712     177876       2240      22576     966248   Grand Totals
     34908       1712     177876       1036      22576     966248   ELF Image Totals (compressed)
     34908       1712     177876       1036          0          0   ROM Totals

==============================================================================

    Total RO  Size (Code + RO Data)               212784 ( 207.80kB)
    Total RW  Size (RW Data + ZI Data)             24816 (  24.23kB)
    Total ROM Size (Code + RO Data + RW Data)     213820 ( 208.81kB)

==============================================================================

